/home/ob/openbots_ws/src/dreamer_SPOT_implementation/informed-dreamer/install/dreamerv3/lib/python3.10/site-packages/scores/plot.py
/home/ob/openbots_ws/src/dreamer_SPOT_implementation/informed-dreamer/install/dreamerv3/lib/python3.10/site-packages/scores/view.py
/home/ob/openbots_ws/src/dreamer_SPOT_implementation/informed-dreamer/install/dreamerv3/lib/python3.10/site-packages/scores/clean.py
/home/ob/openbots_ws/src/dreamer_SPOT_implementation/informed-dreamer/install/dreamerv3/lib/python3.10/site-packages/dreamerv3/nets.py
/home/ob/openbots_ws/src/dreamer_SPOT_implementation/informed-dreamer/install/dreamerv3/lib/python3.10/site-packages/dreamerv3/agent.py
/home/ob/openbots_ws/src/dreamer_SPOT_implementation/informed-dreamer/install/dreamerv3/lib/python3.10/site-packages/dreamerv3/behaviors.py
/home/ob/openbots_ws/src/dreamer_SPOT_implementation/informed-dreamer/install/dreamerv3/lib/python3.10/site-packages/dreamerv3/train_online.py
/home/ob/openbots_ws/src/dreamer_SPOT_implementation/informed-dreamer/install/dreamerv3/lib/python3.10/site-packages/dreamerv3/__init__.py
/home/ob/openbots_ws/src/dreamer_SPOT_implementation/informed-dreamer/install/dreamerv3/lib/python3.10/site-packages/dreamerv3/expl.py
/home/ob/openbots_ws/src/dreamer_SPOT_implementation/informed-dreamer/install/dreamerv3/lib/python3.10/site-packages/dreamerv3/jaxagent.py
/home/ob/openbots_ws/src/dreamer_SPOT_implementation/informed-dreamer/install/dreamerv3/lib/python3.10/site-packages/dreamerv3/jaxutils.py
/home/ob/openbots_ws/src/dreamer_SPOT_implementation/informed-dreamer/install/dreamerv3/lib/python3.10/site-packages/dreamerv3/ninjax.py
/home/ob/openbots_ws/src/dreamer_SPOT_implementation/informed-dreamer/install/dreamerv3/lib/python3.10/site-packages/dreamerv3/train.py
/home/ob/openbots_ws/src/dreamer_SPOT_implementation/informed-dreamer/install/dreamerv3/lib/python3.10/site-packages/build/dreamerv3/prefix_override/sitecustomize.py
/home/ob/openbots_ws/src/dreamer_SPOT_implementation/informed-dreamer/install/dreamerv3/lib/python3.10/site-packages/dreamerv3/embodied/__init__.py
/home/ob/openbots_ws/src/dreamer_SPOT_implementation/informed-dreamer/install/dreamerv3/lib/python3.10/site-packages/dreamerv3/embodied/envs/dummy.py
/home/ob/openbots_ws/src/dreamer_SPOT_implementation/informed-dreamer/install/dreamerv3/lib/python3.10/site-packages/dreamerv3/embodied/envs/dmc.py
/home/ob/openbots_ws/src/dreamer_SPOT_implementation/informed-dreamer/install/dreamerv3/lib/python3.10/site-packages/dreamerv3/embodied/envs/minecraft_minerl.py
/home/ob/openbots_ws/src/dreamer_SPOT_implementation/informed-dreamer/install/dreamerv3/lib/python3.10/site-packages/dreamerv3/embodied/envs/pinpad.py
/home/ob/openbots_ws/src/dreamer_SPOT_implementation/informed-dreamer/install/dreamerv3/lib/python3.10/site-packages/dreamerv3/embodied/envs/spot.py
/home/ob/openbots_ws/src/dreamer_SPOT_implementation/informed-dreamer/install/dreamerv3/lib/python3.10/site-packages/dreamerv3/embodied/envs/crafter.py
/home/ob/openbots_ws/src/dreamer_SPOT_implementation/informed-dreamer/install/dreamerv3/lib/python3.10/site-packages/dreamerv3/embodied/envs/loconav_quadruped.py
/home/ob/openbots_ws/src/dreamer_SPOT_implementation/informed-dreamer/install/dreamerv3/lib/python3.10/site-packages/dreamerv3/embodied/envs/dmlab.py
/home/ob/openbots_ws/src/dreamer_SPOT_implementation/informed-dreamer/install/dreamerv3/lib/python3.10/site-packages/dreamerv3/embodied/envs/robodesk.py
/home/ob/openbots_ws/src/dreamer_SPOT_implementation/informed-dreamer/install/dreamerv3/lib/python3.10/site-packages/dreamerv3/embodied/envs/from_gym.py
/home/ob/openbots_ws/src/dreamer_SPOT_implementation/informed-dreamer/install/dreamerv3/lib/python3.10/site-packages/dreamerv3/embodied/envs/minecraft.py
/home/ob/openbots_ws/src/dreamer_SPOT_implementation/informed-dreamer/install/dreamerv3/lib/python3.10/site-packages/dreamerv3/embodied/envs/from_dm.py
/home/ob/openbots_ws/src/dreamer_SPOT_implementation/informed-dreamer/install/dreamerv3/lib/python3.10/site-packages/dreamerv3/embodied/envs/spot_live.py
/home/ob/openbots_ws/src/dreamer_SPOT_implementation/informed-dreamer/install/dreamerv3/lib/python3.10/site-packages/dreamerv3/embodied/envs/loconav.py
/home/ob/openbots_ws/src/dreamer_SPOT_implementation/informed-dreamer/install/dreamerv3/lib/python3.10/site-packages/dreamerv3/embodied/envs/atari.py
/home/ob/openbots_ws/src/dreamer_SPOT_implementation/informed-dreamer/install/dreamerv3/lib/python3.10/site-packages/dreamerv3/embodied/envs/hike.py
/home/ob/openbots_ws/src/dreamer_SPOT_implementation/informed-dreamer/install/dreamerv3/lib/python3.10/site-packages/dreamerv3/embodied/envs/minecraft_base.py
/home/ob/openbots_ws/src/dreamer_SPOT_implementation/informed-dreamer/install/dreamerv3/lib/python3.10/site-packages/dreamerv3/embodied/replay/limiters.py
/home/ob/openbots_ws/src/dreamer_SPOT_implementation/informed-dreamer/install/dreamerv3/lib/python3.10/site-packages/dreamerv3/embodied/replay/replays.py
/home/ob/openbots_ws/src/dreamer_SPOT_implementation/informed-dreamer/install/dreamerv3/lib/python3.10/site-packages/dreamerv3/embodied/replay/saver.py
/home/ob/openbots_ws/src/dreamer_SPOT_implementation/informed-dreamer/install/dreamerv3/lib/python3.10/site-packages/dreamerv3/embodied/replay/chunk.py
/home/ob/openbots_ws/src/dreamer_SPOT_implementation/informed-dreamer/install/dreamerv3/lib/python3.10/site-packages/dreamerv3/embodied/replay/__init__.py
/home/ob/openbots_ws/src/dreamer_SPOT_implementation/informed-dreamer/install/dreamerv3/lib/python3.10/site-packages/dreamerv3/embodied/replay/reverb.py
/home/ob/openbots_ws/src/dreamer_SPOT_implementation/informed-dreamer/install/dreamerv3/lib/python3.10/site-packages/dreamerv3/embodied/replay/naive_chunks.py
/home/ob/openbots_ws/src/dreamer_SPOT_implementation/informed-dreamer/install/dreamerv3/lib/python3.10/site-packages/dreamerv3/embodied/replay/generic.py
/home/ob/openbots_ws/src/dreamer_SPOT_implementation/informed-dreamer/install/dreamerv3/lib/python3.10/site-packages/dreamerv3/embodied/replay/selectors.py
/home/ob/openbots_ws/src/dreamer_SPOT_implementation/informed-dreamer/install/dreamerv3/lib/python3.10/site-packages/dreamerv3/embodied/run/train_holdout.py
/home/ob/openbots_ws/src/dreamer_SPOT_implementation/informed-dreamer/install/dreamerv3/lib/python3.10/site-packages/dreamerv3/embodied/run/train_eval.py
/home/ob/openbots_ws/src/dreamer_SPOT_implementation/informed-dreamer/install/dreamerv3/lib/python3.10/site-packages/dreamerv3/embodied/run/train_offline.py
/home/ob/openbots_ws/src/dreamer_SPOT_implementation/informed-dreamer/install/dreamerv3/lib/python3.10/site-packages/dreamerv3/embodied/run/__init__.py
/home/ob/openbots_ws/src/dreamer_SPOT_implementation/informed-dreamer/install/dreamerv3/lib/python3.10/site-packages/dreamerv3/embodied/run/train_save.py
/home/ob/openbots_ws/src/dreamer_SPOT_implementation/informed-dreamer/install/dreamerv3/lib/python3.10/site-packages/dreamerv3/embodied/run/parallel.py
/home/ob/openbots_ws/src/dreamer_SPOT_implementation/informed-dreamer/install/dreamerv3/lib/python3.10/site-packages/dreamerv3/embodied/run/eval_only.py
/home/ob/openbots_ws/src/dreamer_SPOT_implementation/informed-dreamer/install/dreamerv3/lib/python3.10/site-packages/dreamerv3/embodied/run/train.py
/home/ob/openbots_ws/src/dreamer_SPOT_implementation/informed-dreamer/install/dreamerv3/lib/python3.10/site-packages/dreamerv3/embodied/scripts/plot.py
/home/ob/openbots_ws/src/dreamer_SPOT_implementation/informed-dreamer/install/dreamerv3/lib/python3.10/site-packages/dreamerv3/embodied/core/random.py
/home/ob/openbots_ws/src/dreamer_SPOT_implementation/informed-dreamer/install/dreamerv3/lib/python3.10/site-packages/dreamerv3/embodied/core/space.py
/home/ob/openbots_ws/src/dreamer_SPOT_implementation/informed-dreamer/install/dreamerv3/lib/python3.10/site-packages/dreamerv3/embodied/core/uuid.py
/home/ob/openbots_ws/src/dreamer_SPOT_implementation/informed-dreamer/install/dreamerv3/lib/python3.10/site-packages/dreamerv3/embodied/core/when.py
/home/ob/openbots_ws/src/dreamer_SPOT_implementation/informed-dreamer/install/dreamerv3/lib/python3.10/site-packages/dreamerv3/embodied/core/basics.py
/home/ob/openbots_ws/src/dreamer_SPOT_implementation/informed-dreamer/install/dreamerv3/lib/python3.10/site-packages/dreamerv3/embodied/core/flags.py
/home/ob/openbots_ws/src/dreamer_SPOT_implementation/informed-dreamer/install/dreamerv3/lib/python3.10/site-packages/dreamerv3/embodied/core/batcher.py
/home/ob/openbots_ws/src/dreamer_SPOT_implementation/informed-dreamer/install/dreamerv3/lib/python3.10/site-packages/dreamerv3/embodied/core/base.py
/home/ob/openbots_ws/src/dreamer_SPOT_implementation/informed-dreamer/install/dreamerv3/lib/python3.10/site-packages/dreamerv3/embodied/core/driver.py
/home/ob/openbots_ws/src/dreamer_SPOT_implementation/informed-dreamer/install/dreamerv3/lib/python3.10/site-packages/dreamerv3/embodied/core/timer.py
/home/ob/openbots_ws/src/dreamer_SPOT_implementation/informed-dreamer/install/dreamerv3/lib/python3.10/site-packages/dreamerv3/embodied/core/distr.py
/home/ob/openbots_ws/src/dreamer_SPOT_implementation/informed-dreamer/install/dreamerv3/lib/python3.10/site-packages/dreamerv3/embodied/core/logger.py
/home/ob/openbots_ws/src/dreamer_SPOT_implementation/informed-dreamer/install/dreamerv3/lib/python3.10/site-packages/dreamerv3/embodied/core/worker.py
/home/ob/openbots_ws/src/dreamer_SPOT_implementation/informed-dreamer/install/dreamerv3/lib/python3.10/site-packages/dreamerv3/embodied/core/__init__.py
/home/ob/openbots_ws/src/dreamer_SPOT_implementation/informed-dreamer/install/dreamerv3/lib/python3.10/site-packages/dreamerv3/embodied/core/counter.py
/home/ob/openbots_ws/src/dreamer_SPOT_implementation/informed-dreamer/install/dreamerv3/lib/python3.10/site-packages/dreamerv3/embodied/core/wrappers.py
/home/ob/openbots_ws/src/dreamer_SPOT_implementation/informed-dreamer/install/dreamerv3/lib/python3.10/site-packages/dreamerv3/embodied/core/checkpoint.py
/home/ob/openbots_ws/src/dreamer_SPOT_implementation/informed-dreamer/install/dreamerv3/lib/python3.10/site-packages/dreamerv3/embodied/core/config.py
/home/ob/openbots_ws/src/dreamer_SPOT_implementation/informed-dreamer/install/dreamerv3/lib/python3.10/site-packages/dreamerv3/embodied/core/parallel.py
/home/ob/openbots_ws/src/dreamer_SPOT_implementation/informed-dreamer/install/dreamerv3/lib/python3.10/site-packages/dreamerv3/embodied/core/metrics.py
/home/ob/openbots_ws/src/dreamer_SPOT_implementation/informed-dreamer/install/dreamerv3/lib/python3.10/site-packages/dreamerv3/embodied/core/path.py
/home/ob/openbots_ws/src/dreamer_SPOT_implementation/informed-dreamer/install/dreamerv3/lib/python3.10/site-packages/dreamerv3/embodied/core/batch.py
/home/ob/openbots_ws/src/dreamer_SPOT_implementation/informed-dreamer/install/dreamerv3/lib/python3.10/site-packages/build/dreamerv3/dreamerv3.egg-info/PKG-INFO
/home/ob/openbots_ws/src/dreamer_SPOT_implementation/informed-dreamer/install/dreamerv3/lib/python3.10/site-packages/build/dreamerv3/dreamerv3.egg-info/SOURCES.txt
/home/ob/openbots_ws/src/dreamer_SPOT_implementation/informed-dreamer/install/dreamerv3/lib/python3.10/site-packages/build/dreamerv3/dreamerv3.egg-info/dependency_links.txt
/home/ob/openbots_ws/src/dreamer_SPOT_implementation/informed-dreamer/install/dreamerv3/lib/python3.10/site-packages/build/dreamerv3/dreamerv3.egg-info/requires.txt
/home/ob/openbots_ws/src/dreamer_SPOT_implementation/informed-dreamer/install/dreamerv3/lib/python3.10/site-packages/build/dreamerv3/dreamerv3.egg-info/top_level.txt
/home/ob/openbots_ws/src/dreamer_SPOT_implementation/informed-dreamer/install/dreamerv3/lib/python3.10/site-packages/scores/__pycache__/plot.cpython-310.pyc
/home/ob/openbots_ws/src/dreamer_SPOT_implementation/informed-dreamer/install/dreamerv3/lib/python3.10/site-packages/scores/__pycache__/view.cpython-310.pyc
/home/ob/openbots_ws/src/dreamer_SPOT_implementation/informed-dreamer/install/dreamerv3/lib/python3.10/site-packages/scores/__pycache__/clean.cpython-310.pyc
/home/ob/openbots_ws/src/dreamer_SPOT_implementation/informed-dreamer/install/dreamerv3/lib/python3.10/site-packages/dreamerv3/__pycache__/nets.cpython-310.pyc
/home/ob/openbots_ws/src/dreamer_SPOT_implementation/informed-dreamer/install/dreamerv3/lib/python3.10/site-packages/dreamerv3/__pycache__/agent.cpython-310.pyc
/home/ob/openbots_ws/src/dreamer_SPOT_implementation/informed-dreamer/install/dreamerv3/lib/python3.10/site-packages/dreamerv3/__pycache__/behaviors.cpython-310.pyc
/home/ob/openbots_ws/src/dreamer_SPOT_implementation/informed-dreamer/install/dreamerv3/lib/python3.10/site-packages/dreamerv3/__pycache__/train_online.cpython-310.pyc
/home/ob/openbots_ws/src/dreamer_SPOT_implementation/informed-dreamer/install/dreamerv3/lib/python3.10/site-packages/dreamerv3/__pycache__/__init__.cpython-310.pyc
/home/ob/openbots_ws/src/dreamer_SPOT_implementation/informed-dreamer/install/dreamerv3/lib/python3.10/site-packages/dreamerv3/__pycache__/expl.cpython-310.pyc
/home/ob/openbots_ws/src/dreamer_SPOT_implementation/informed-dreamer/install/dreamerv3/lib/python3.10/site-packages/dreamerv3/__pycache__/jaxagent.cpython-310.pyc
/home/ob/openbots_ws/src/dreamer_SPOT_implementation/informed-dreamer/install/dreamerv3/lib/python3.10/site-packages/dreamerv3/__pycache__/jaxutils.cpython-310.pyc
/home/ob/openbots_ws/src/dreamer_SPOT_implementation/informed-dreamer/install/dreamerv3/lib/python3.10/site-packages/dreamerv3/__pycache__/ninjax.cpython-310.pyc
/home/ob/openbots_ws/src/dreamer_SPOT_implementation/informed-dreamer/install/dreamerv3/lib/python3.10/site-packages/dreamerv3/__pycache__/train.cpython-310.pyc
/home/ob/openbots_ws/src/dreamer_SPOT_implementation/informed-dreamer/install/dreamerv3/lib/python3.10/site-packages/build/dreamerv3/prefix_override/__pycache__/sitecustomize.cpython-310.pyc
/home/ob/openbots_ws/src/dreamer_SPOT_implementation/informed-dreamer/install/dreamerv3/lib/python3.10/site-packages/dreamerv3/embodied/__pycache__/__init__.cpython-310.pyc
/home/ob/openbots_ws/src/dreamer_SPOT_implementation/informed-dreamer/install/dreamerv3/lib/python3.10/site-packages/dreamerv3/embodied/envs/__pycache__/dummy.cpython-310.pyc
/home/ob/openbots_ws/src/dreamer_SPOT_implementation/informed-dreamer/install/dreamerv3/lib/python3.10/site-packages/dreamerv3/embodied/envs/__pycache__/dmc.cpython-310.pyc
/home/ob/openbots_ws/src/dreamer_SPOT_implementation/informed-dreamer/install/dreamerv3/lib/python3.10/site-packages/dreamerv3/embodied/envs/__pycache__/minecraft_minerl.cpython-310.pyc
/home/ob/openbots_ws/src/dreamer_SPOT_implementation/informed-dreamer/install/dreamerv3/lib/python3.10/site-packages/dreamerv3/embodied/envs/__pycache__/pinpad.cpython-310.pyc
/home/ob/openbots_ws/src/dreamer_SPOT_implementation/informed-dreamer/install/dreamerv3/lib/python3.10/site-packages/dreamerv3/embodied/envs/__pycache__/spot.cpython-310.pyc
/home/ob/openbots_ws/src/dreamer_SPOT_implementation/informed-dreamer/install/dreamerv3/lib/python3.10/site-packages/dreamerv3/embodied/envs/__pycache__/crafter.cpython-310.pyc
/home/ob/openbots_ws/src/dreamer_SPOT_implementation/informed-dreamer/install/dreamerv3/lib/python3.10/site-packages/dreamerv3/embodied/envs/__pycache__/loconav_quadruped.cpython-310.pyc
/home/ob/openbots_ws/src/dreamer_SPOT_implementation/informed-dreamer/install/dreamerv3/lib/python3.10/site-packages/dreamerv3/embodied/envs/__pycache__/dmlab.cpython-310.pyc
/home/ob/openbots_ws/src/dreamer_SPOT_implementation/informed-dreamer/install/dreamerv3/lib/python3.10/site-packages/dreamerv3/embodied/envs/__pycache__/robodesk.cpython-310.pyc
/home/ob/openbots_ws/src/dreamer_SPOT_implementation/informed-dreamer/install/dreamerv3/lib/python3.10/site-packages/dreamerv3/embodied/envs/__pycache__/from_gym.cpython-310.pyc
/home/ob/openbots_ws/src/dreamer_SPOT_implementation/informed-dreamer/install/dreamerv3/lib/python3.10/site-packages/dreamerv3/embodied/envs/__pycache__/minecraft.cpython-310.pyc
/home/ob/openbots_ws/src/dreamer_SPOT_implementation/informed-dreamer/install/dreamerv3/lib/python3.10/site-packages/dreamerv3/embodied/envs/__pycache__/from_dm.cpython-310.pyc
/home/ob/openbots_ws/src/dreamer_SPOT_implementation/informed-dreamer/install/dreamerv3/lib/python3.10/site-packages/dreamerv3/embodied/envs/__pycache__/spot_live.cpython-310.pyc
/home/ob/openbots_ws/src/dreamer_SPOT_implementation/informed-dreamer/install/dreamerv3/lib/python3.10/site-packages/dreamerv3/embodied/envs/__pycache__/loconav.cpython-310.pyc
/home/ob/openbots_ws/src/dreamer_SPOT_implementation/informed-dreamer/install/dreamerv3/lib/python3.10/site-packages/dreamerv3/embodied/envs/__pycache__/atari.cpython-310.pyc
/home/ob/openbots_ws/src/dreamer_SPOT_implementation/informed-dreamer/install/dreamerv3/lib/python3.10/site-packages/dreamerv3/embodied/envs/__pycache__/hike.cpython-310.pyc
/home/ob/openbots_ws/src/dreamer_SPOT_implementation/informed-dreamer/install/dreamerv3/lib/python3.10/site-packages/dreamerv3/embodied/envs/__pycache__/minecraft_base.cpython-310.pyc
/home/ob/openbots_ws/src/dreamer_SPOT_implementation/informed-dreamer/install/dreamerv3/lib/python3.10/site-packages/dreamerv3/embodied/replay/__pycache__/limiters.cpython-310.pyc
/home/ob/openbots_ws/src/dreamer_SPOT_implementation/informed-dreamer/install/dreamerv3/lib/python3.10/site-packages/dreamerv3/embodied/replay/__pycache__/replays.cpython-310.pyc
/home/ob/openbots_ws/src/dreamer_SPOT_implementation/informed-dreamer/install/dreamerv3/lib/python3.10/site-packages/dreamerv3/embodied/replay/__pycache__/saver.cpython-310.pyc
/home/ob/openbots_ws/src/dreamer_SPOT_implementation/informed-dreamer/install/dreamerv3/lib/python3.10/site-packages/dreamerv3/embodied/replay/__pycache__/chunk.cpython-310.pyc
/home/ob/openbots_ws/src/dreamer_SPOT_implementation/informed-dreamer/install/dreamerv3/lib/python3.10/site-packages/dreamerv3/embodied/replay/__pycache__/__init__.cpython-310.pyc
/home/ob/openbots_ws/src/dreamer_SPOT_implementation/informed-dreamer/install/dreamerv3/lib/python3.10/site-packages/dreamerv3/embodied/replay/__pycache__/reverb.cpython-310.pyc
/home/ob/openbots_ws/src/dreamer_SPOT_implementation/informed-dreamer/install/dreamerv3/lib/python3.10/site-packages/dreamerv3/embodied/replay/__pycache__/naive_chunks.cpython-310.pyc
/home/ob/openbots_ws/src/dreamer_SPOT_implementation/informed-dreamer/install/dreamerv3/lib/python3.10/site-packages/dreamerv3/embodied/replay/__pycache__/generic.cpython-310.pyc
/home/ob/openbots_ws/src/dreamer_SPOT_implementation/informed-dreamer/install/dreamerv3/lib/python3.10/site-packages/dreamerv3/embodied/replay/__pycache__/selectors.cpython-310.pyc
/home/ob/openbots_ws/src/dreamer_SPOT_implementation/informed-dreamer/install/dreamerv3/lib/python3.10/site-packages/dreamerv3/embodied/run/__pycache__/train_holdout.cpython-310.pyc
/home/ob/openbots_ws/src/dreamer_SPOT_implementation/informed-dreamer/install/dreamerv3/lib/python3.10/site-packages/dreamerv3/embodied/run/__pycache__/train_eval.cpython-310.pyc
/home/ob/openbots_ws/src/dreamer_SPOT_implementation/informed-dreamer/install/dreamerv3/lib/python3.10/site-packages/dreamerv3/embodied/run/__pycache__/train_offline.cpython-310.pyc
/home/ob/openbots_ws/src/dreamer_SPOT_implementation/informed-dreamer/install/dreamerv3/lib/python3.10/site-packages/dreamerv3/embodied/run/__pycache__/__init__.cpython-310.pyc
/home/ob/openbots_ws/src/dreamer_SPOT_implementation/informed-dreamer/install/dreamerv3/lib/python3.10/site-packages/dreamerv3/embodied/run/__pycache__/train_save.cpython-310.pyc
/home/ob/openbots_ws/src/dreamer_SPOT_implementation/informed-dreamer/install/dreamerv3/lib/python3.10/site-packages/dreamerv3/embodied/run/__pycache__/parallel.cpython-310.pyc
/home/ob/openbots_ws/src/dreamer_SPOT_implementation/informed-dreamer/install/dreamerv3/lib/python3.10/site-packages/dreamerv3/embodied/run/__pycache__/eval_only.cpython-310.pyc
/home/ob/openbots_ws/src/dreamer_SPOT_implementation/informed-dreamer/install/dreamerv3/lib/python3.10/site-packages/dreamerv3/embodied/run/__pycache__/train.cpython-310.pyc
/home/ob/openbots_ws/src/dreamer_SPOT_implementation/informed-dreamer/install/dreamerv3/lib/python3.10/site-packages/dreamerv3/embodied/scripts/__pycache__/plot.cpython-310.pyc
/home/ob/openbots_ws/src/dreamer_SPOT_implementation/informed-dreamer/install/dreamerv3/lib/python3.10/site-packages/dreamerv3/embodied/core/__pycache__/random.cpython-310.pyc
/home/ob/openbots_ws/src/dreamer_SPOT_implementation/informed-dreamer/install/dreamerv3/lib/python3.10/site-packages/dreamerv3/embodied/core/__pycache__/space.cpython-310.pyc
/home/ob/openbots_ws/src/dreamer_SPOT_implementation/informed-dreamer/install/dreamerv3/lib/python3.10/site-packages/dreamerv3/embodied/core/__pycache__/uuid.cpython-310.pyc
/home/ob/openbots_ws/src/dreamer_SPOT_implementation/informed-dreamer/install/dreamerv3/lib/python3.10/site-packages/dreamerv3/embodied/core/__pycache__/when.cpython-310.pyc
/home/ob/openbots_ws/src/dreamer_SPOT_implementation/informed-dreamer/install/dreamerv3/lib/python3.10/site-packages/dreamerv3/embodied/core/__pycache__/basics.cpython-310.pyc
/home/ob/openbots_ws/src/dreamer_SPOT_implementation/informed-dreamer/install/dreamerv3/lib/python3.10/site-packages/dreamerv3/embodied/core/__pycache__/flags.cpython-310.pyc
/home/ob/openbots_ws/src/dreamer_SPOT_implementation/informed-dreamer/install/dreamerv3/lib/python3.10/site-packages/dreamerv3/embodied/core/__pycache__/batcher.cpython-310.pyc
/home/ob/openbots_ws/src/dreamer_SPOT_implementation/informed-dreamer/install/dreamerv3/lib/python3.10/site-packages/dreamerv3/embodied/core/__pycache__/base.cpython-310.pyc
/home/ob/openbots_ws/src/dreamer_SPOT_implementation/informed-dreamer/install/dreamerv3/lib/python3.10/site-packages/dreamerv3/embodied/core/__pycache__/driver.cpython-310.pyc
/home/ob/openbots_ws/src/dreamer_SPOT_implementation/informed-dreamer/install/dreamerv3/lib/python3.10/site-packages/dreamerv3/embodied/core/__pycache__/timer.cpython-310.pyc
/home/ob/openbots_ws/src/dreamer_SPOT_implementation/informed-dreamer/install/dreamerv3/lib/python3.10/site-packages/dreamerv3/embodied/core/__pycache__/distr.cpython-310.pyc
/home/ob/openbots_ws/src/dreamer_SPOT_implementation/informed-dreamer/install/dreamerv3/lib/python3.10/site-packages/dreamerv3/embodied/core/__pycache__/logger.cpython-310.pyc
/home/ob/openbots_ws/src/dreamer_SPOT_implementation/informed-dreamer/install/dreamerv3/lib/python3.10/site-packages/dreamerv3/embodied/core/__pycache__/worker.cpython-310.pyc
/home/ob/openbots_ws/src/dreamer_SPOT_implementation/informed-dreamer/install/dreamerv3/lib/python3.10/site-packages/dreamerv3/embodied/core/__pycache__/__init__.cpython-310.pyc
/home/ob/openbots_ws/src/dreamer_SPOT_implementation/informed-dreamer/install/dreamerv3/lib/python3.10/site-packages/dreamerv3/embodied/core/__pycache__/counter.cpython-310.pyc
/home/ob/openbots_ws/src/dreamer_SPOT_implementation/informed-dreamer/install/dreamerv3/lib/python3.10/site-packages/dreamerv3/embodied/core/__pycache__/wrappers.cpython-310.pyc
/home/ob/openbots_ws/src/dreamer_SPOT_implementation/informed-dreamer/install/dreamerv3/lib/python3.10/site-packages/dreamerv3/embodied/core/__pycache__/checkpoint.cpython-310.pyc
/home/ob/openbots_ws/src/dreamer_SPOT_implementation/informed-dreamer/install/dreamerv3/lib/python3.10/site-packages/dreamerv3/embodied/core/__pycache__/config.cpython-310.pyc
/home/ob/openbots_ws/src/dreamer_SPOT_implementation/informed-dreamer/install/dreamerv3/lib/python3.10/site-packages/dreamerv3/embodied/core/__pycache__/parallel.cpython-310.pyc
/home/ob/openbots_ws/src/dreamer_SPOT_implementation/informed-dreamer/install/dreamerv3/lib/python3.10/site-packages/dreamerv3/embodied/core/__pycache__/metrics.cpython-310.pyc
/home/ob/openbots_ws/src/dreamer_SPOT_implementation/informed-dreamer/install/dreamerv3/lib/python3.10/site-packages/dreamerv3/embodied/core/__pycache__/path.cpython-310.pyc
/home/ob/openbots_ws/src/dreamer_SPOT_implementation/informed-dreamer/install/dreamerv3/lib/python3.10/site-packages/dreamerv3/embodied/core/__pycache__/batch.cpython-310.pyc
/home/ob/openbots_ws/src/dreamer_SPOT_implementation/informed-dreamer/install/dreamerv3/lib/python3.10/site-packages/dreamerv3-1.5.0-py3.10.egg-info/requires.txt
/home/ob/openbots_ws/src/dreamer_SPOT_implementation/informed-dreamer/install/dreamerv3/lib/python3.10/site-packages/dreamerv3-1.5.0-py3.10.egg-info/SOURCES.txt
/home/ob/openbots_ws/src/dreamer_SPOT_implementation/informed-dreamer/install/dreamerv3/lib/python3.10/site-packages/dreamerv3-1.5.0-py3.10.egg-info/PKG-INFO
/home/ob/openbots_ws/src/dreamer_SPOT_implementation/informed-dreamer/install/dreamerv3/lib/python3.10/site-packages/dreamerv3-1.5.0-py3.10.egg-info/dependency_links.txt
/home/ob/openbots_ws/src/dreamer_SPOT_implementation/informed-dreamer/install/dreamerv3/lib/python3.10/site-packages/dreamerv3-1.5.0-py3.10.egg-info/top_level.txt
