[0.000000] (-) TimerEvent: {}
[0.000370] (dreamerv3) JobQueued: {'identifier': 'dreamerv3', 'dependencies': OrderedDict()}
[0.001050] (dreamerv3) JobStarted: {'identifier': 'dreamerv3'}
[0.099673] (-) TimerEvent: {}
[0.200009] (-) TimerEvent: {}
[0.300325] (-) TimerEvent: {}
[0.400701] (-) TimerEvent: {}
[0.500989] (-) TimerEvent: {}
[0.601363] (-) TimerEvent: {}
[0.701658] (-) TimerEvent: {}
[0.802003] (-) TimerEvent: {}
[0.902311] (-) TimerEvent: {}
[1.002600] (-) TimerEvent: {}
[1.102896] (-) TimerEvent: {}
[1.203205] (-) TimerEvent: {}
[1.303552] (-) TimerEvent: {}
[1.396830] (dreamerv3) Command: {'cmd': ['/usr/bin/python3', '-W', 'ignore:setup.py install is deprecated', '-W', 'ignore:easy_install command is deprecated', 'setup.py', 'egg_info', '--egg-base', 'build/dreamerv3', 'build', '--build-base', '/home/ob/openbots_ws/src/dreamer_SPOT_implementation/informed-dreamer/build/dreamerv3/build', 'install', '--record', '/home/ob/openbots_ws/src/dreamer_SPOT_implementation/informed-dreamer/build/dreamerv3/install.log', '--single-version-externally-managed'], 'cwd': '/home/ob/openbots_ws/src/dreamer_SPOT_implementation/informed-dreamer', 'env': {'HOSTNAME': 'ob_container', 'SHLVL': '1', 'LD_LIBRARY_PATH': '/home/ob/openbots_ws/install/synchros2_tutorials_interfaces_example/lib:/home/ob/openbots_ws/install/spot_driver/lib:/home/ob/openbots_ws/install/spot_ros2_control/lib:/home/ob/openbots_ws/install/spot_rviz_plugins/lib:/home/ob/openbots_ws/install/spot_hardware_interface/lib:/home/ob/openbots_ws/install/spot_controllers/lib:/home/ob/openbots_ws/install/spot_msgs/lib:/opt/ros/humble/opt/rviz_ogre_vendor/lib:/opt/ros/humble/lib/x86_64-linux-gnu:/opt/spot-cpp-sdk/lib:/opt/ros/humble/lib', 'HOME': '/home/ob', 'OLDPWD': '/home/ob/openbots_ws', 'ROS_PYTHON_VERSION': '3', 'COLCON_PREFIX_PATH': '/home/ob/openbots_ws/install', 'ROS_DISTRO': 'humble', '_': '/usr/bin/colcon', 'ROS_VERSION': '2', 'TERM': 'xterm-256color', 'ROS_LOCALHOST_ONLY': '0', 'PATH': '/opt/ros/humble/bin:/usr/local/sbin:/usr/local/bin:/usr/sbin:/usr/bin:/sbin:/bin', 'LANG': 'C.UTF-8', 'AMENT_PREFIX_PATH': '/home/ob/openbots_ws/install/synchros2_tutorials_example:/home/ob/openbots_ws/install/synchros2_tutorials_interfaces_example:/home/ob/openbots_ws/install/spot_driver:/home/ob/openbots_ws/install/spot_ros2_control:/home/ob/openbots_ws/install/spot_nav:/home/ob/openbots_ws/install/spot_examples:/home/ob/openbots_ws/install/spot_common:/home/ob/openbots_ws/install/synchros2:/home/ob/openbots_ws/install/spot_rviz_plugins:/home/ob/openbots_ws/install/spot_hardware_interface:/home/ob/openbots_ws/install/spot_controllers:/home/ob/openbots_ws/install/dreamer_deployment:/home/ob/openbots_ws/install/spot_msgs:/home/ob/openbots_ws/install/spot_description:/home/ob/openbots_ws/install/nmea_udp_bridge:/home/ob/openbots_ws/install/dataset:/opt/ros/humble', 'DEBIAN_FRONTEND': 'noninteractive', 'SHELL': '/bin/bash', 'PWD': '/home/ob/openbots_ws/src/dreamer_SPOT_implementation/informed-dreamer/build/dreamerv3', 'LC_ALL': 'C.UTF-8', 'PYTHONPATH': '/home/ob/openbots_ws/src/dreamer_SPOT_implementation/informed-dreamer/build/dreamerv3/prefix_override:/usr/lib/python3/dist-packages/colcon_core/task/python/colcon_distutils_commands:/home/ob/openbots_ws/src/dreamer_SPOT_implementation/informed-dreamer/install/dreamerv3/lib/python3.10/site-packages:/home/ob/openbots_ws/install/synchros2_tutorials_example/lib/python3.10/site-packages:/home/ob/openbots_ws/install/synchros2_tutorials_interfaces_example/local/lib/python3.10/dist-packages:/home/ob/openbots_ws/install/spot_driver/local/lib/python3.10/dist-packages:/home/ob/openbots_ws/install/spot_nav/lib/python3.10/site-packages:/home/ob/openbots_ws/install/spot_examples/lib/python3.10/site-packages:/home/ob/openbots_ws/install/spot_common/lib/python3.10/site-packages:/home/ob/openbots_ws/install/synchros2/lib/python3.10/site-packages:/home/ob/openbots_ws/install/spot_wrapper/lib/python3.10/site-packages:/home/ob/openbots_ws/install/dreamer_deployment/lib/python3.10/site-packages:/home/ob/openbots_ws/install/spot_msgs/local/lib/python3.10/dist-packages:/home/ob/openbots_ws/install/nmea_udp_bridge/lib/python3.10/site-packages:/home/ob/openbots_ws/install/dreamerv3/lib/python3.10/site-packages:/home/ob/openbots_ws/install/dataset/lib/python3.10/site-packages:/opt/ros/humble/lib/python3.10/site-packages:/opt/ros/humble/local/lib/python3.10/dist-packages', 'COLCON': '1', 'CMAKE_PREFIX_PATH': '/home/ob/openbots_ws/install/synchros2_tutorials_interfaces_example:/home/ob/openbots_ws/install/spot_driver:/home/ob/openbots_ws/install/spot_ros2_control:/home/ob/openbots_ws/install/spot_rviz_plugins:/home/ob/openbots_ws/install/spot_hardware_interface:/home/ob/openbots_ws/install/spot_controllers:/home/ob/openbots_ws/install/spot_msgs:/home/ob/openbots_ws/install/spot_description'}, 'shell': False}
[1.403659] (-) TimerEvent: {}
[1.503951] (-) TimerEvent: {}
[1.604250] (-) TimerEvent: {}
[1.704548] (-) TimerEvent: {}
[1.804914] (-) TimerEvent: {}
[1.905239] (-) TimerEvent: {}
[1.977998] (dreamerv3) StdoutLine: {'line': b'running egg_info\n'}
[1.978738] (dreamerv3) StdoutLine: {'line': b'creating build/dreamerv3/dreamerv3.egg-info\n'}
[1.979024] (dreamerv3) StdoutLine: {'line': b'writing build/dreamerv3/dreamerv3.egg-info/PKG-INFO\n'}
[1.979380] (dreamerv3) StdoutLine: {'line': b'writing dependency_links to build/dreamerv3/dreamerv3.egg-info/dependency_links.txt\n'}
[1.979678] (dreamerv3) StdoutLine: {'line': b'writing requirements to build/dreamerv3/dreamerv3.egg-info/requires.txt\n'}
[1.979851] (dreamerv3) StdoutLine: {'line': b'writing top-level names to build/dreamerv3/dreamerv3.egg-info/top_level.txt\n'}
[1.980145] (dreamerv3) StdoutLine: {'line': b"writing manifest file 'build/dreamerv3/dreamerv3.egg-info/SOURCES.txt'\n"}
[1.982055] (dreamerv3) StderrLine: {'line': b"package init file 'online_runs/__init__.py' not found (or not a regular file)\n"}
[1.982382] (dreamerv3) StderrLine: {'line': b"package init file 'install/__init__.py' not found (or not a regular file)\n"}
[1.982735] (dreamerv3) StderrLine: {'line': b"package init file 'build/__init__.py' not found (or not a regular file)\n"}
[1.982842] (dreamerv3) StderrLine: {'line': b"package init file 'scores/__init__.py' not found (or not a regular file)\n"}
[1.982930] (dreamerv3) StderrLine: {'line': b"package init file 'log/__init__.py' not found (or not a regular file)\n"}
[1.983067] (dreamerv3) StderrLine: {'line': b"package init file 'processed_data_NoObs_with_rewards/__init__.py' not found (or not a regular file)\n"}
[1.983177] (dreamerv3) StderrLine: {'line': b"package init file 'processed_data/__init__.py' not found (or not a regular file)\n"}
[1.983648] (dreamerv3) StderrLine: {'line': b"package init file 'online_runs/frozen/__init__.py' not found (or not a regular file)\n"}
[1.983755] (dreamerv3) StderrLine: {'line': b"package init file 'online_runs/frozen/replay/__init__.py' not found (or not a regular file)\n"}
[1.984257] (dreamerv3) StderrLine: {'line': b"package init file 'install/dreamerv3/__init__.py' not found (or not a regular file)\n"}
[1.984399] (dreamerv3) StderrLine: {'line': b"package init file 'install/dreamerv3/lib/__init__.py' not found (or not a regular file)\n"}
[1.984551] (dreamerv3) StderrLine: {'line': b"package init file 'build/dreamerv3/__init__.py' not found (or not a regular file)\n"}
[1.984658] (dreamerv3) StderrLine: {'line': b"package init file 'build/dreamerv3/prefix_override/__init__.py' not found (or not a regular file)\n"}
[1.984778] (dreamerv3) StderrLine: {'line': b"package init file 'scores/data/__init__.py' not found (or not a regular file)\n"}
[1.984901] (dreamerv3) StderrLine: {'line': b"package init file 'log/latest/__init__.py' not found (or not a regular file)\n"}
[1.985032] (dreamerv3) StderrLine: {'line': b"package init file 'log/build_2026-04-21_11-02-49/__init__.py' not found (or not a regular file)\n"}
[1.985126] (dreamerv3) StderrLine: {'line': b"package init file 'log/latest_build/__init__.py' not found (or not a regular file)\n"}
[1.985253] (dreamerv3) StderrLine: {'line': b"package init file 'log/latest/dreamerv3/__init__.py' not found (or not a regular file)\n"}
[1.985381] (dreamerv3) StderrLine: {'line': b"package init file 'log/build_2026-04-21_11-02-49/dreamerv3/__init__.py' not found (or not a regular file)\n"}
[1.985466] (dreamerv3) StderrLine: {'line': b"package init file 'log/latest_build/dreamerv3/__init__.py' not found (or not a regular file)\n"}
[1.985585] (dreamerv3) StderrLine: {'line': b"package init file 'dreamerv3/embodied/envs/__init__.py' not found (or not a regular file)\n"}
[1.986241] (dreamerv3) StderrLine: {'line': b"package init file 'dreamerv3/embodied/scripts/__init__.py' not found (or not a regular file)\n"}
[1.987962] (dreamerv3) StdoutLine: {'line': b"reading manifest file 'build/dreamerv3/dreamerv3.egg-info/SOURCES.txt'\n"}
[1.988197] (dreamerv3) StdoutLine: {'line': b"reading manifest template 'MANIFEST.in'\n"}
[1.988506] (dreamerv3) StdoutLine: {'line': b"adding license file 'LICENSE'\n"}
[1.990148] (dreamerv3) StdoutLine: {'line': b"writing manifest file 'build/dreamerv3/dreamerv3.egg-info/SOURCES.txt'\n"}
[1.990358] (dreamerv3) StdoutLine: {'line': b'running build\n'}
[1.990481] (dreamerv3) StdoutLine: {'line': b'running build_py\n'}
[1.990910] (dreamerv3) StdoutLine: {'line': b'creating /home/ob/openbots_ws/src/dreamer_SPOT_implementation/informed-dreamer/build/dreamerv3/build\n'}
[1.991051] (dreamerv3) StdoutLine: {'line': b'creating /home/ob/openbots_ws/src/dreamer_SPOT_implementation/informed-dreamer/build/dreamerv3/build/lib\n'}
[1.991155] (dreamerv3) StdoutLine: {'line': b'creating /home/ob/openbots_ws/src/dreamer_SPOT_implementation/informed-dreamer/build/dreamerv3/build/lib/scores\n'}
[1.991304] (dreamerv3) StdoutLine: {'line': b'copying scores/plot.py -> /home/ob/openbots_ws/src/dreamer_SPOT_implementation/informed-dreamer/build/dreamerv3/build/lib/scores\n'}
[1.991450] (dreamerv3) StdoutLine: {'line': b'copying scores/view.py -> /home/ob/openbots_ws/src/dreamer_SPOT_implementation/informed-dreamer/build/dreamerv3/build/lib/scores\n'}
[1.991819] (dreamerv3) StdoutLine: {'line': b'copying scores/clean.py -> /home/ob/openbots_ws/src/dreamer_SPOT_implementation/informed-dreamer/build/dreamerv3/build/lib/scores\n'}
[1.992608] (dreamerv3) StdoutLine: {'line': b'creating /home/ob/openbots_ws/src/dreamer_SPOT_implementation/informed-dreamer/build/dreamerv3/build/lib/dreamerv3\n'}
[1.992841] (dreamerv3) StdoutLine: {'line': b'copying dreamerv3/nets.py -> /home/ob/openbots_ws/src/dreamer_SPOT_implementation/informed-dreamer/build/dreamerv3/build/lib/dreamerv3\n'}
[1.993043] (dreamerv3) StdoutLine: {'line': b'copying dreamerv3/agent.py -> /home/ob/openbots_ws/src/dreamer_SPOT_implementation/informed-dreamer/build/dreamerv3/build/lib/dreamerv3\n'}
[1.993189] (dreamerv3) StdoutLine: {'line': b'copying dreamerv3/behaviors.py -> /home/ob/openbots_ws/src/dreamer_SPOT_implementation/informed-dreamer/build/dreamerv3/build/lib/dreamerv3\n'}
[1.993499] (dreamerv3) StdoutLine: {'line': b'copying dreamerv3/train_online.py -> /home/ob/openbots_ws/src/dreamer_SPOT_implementation/informed-dreamer/build/dreamerv3/build/lib/dreamerv3\n'}
[1.993763] (dreamerv3) StdoutLine: {'line': b'copying dreamerv3/__init__.py -> /home/ob/openbots_ws/src/dreamer_SPOT_implementation/informed-dreamer/build/dreamerv3/build/lib/dreamerv3\n'}
[1.994130] (dreamerv3) StdoutLine: {'line': b'copying dreamerv3/expl.py -> /home/ob/openbots_ws/src/dreamer_SPOT_implementation/informed-dreamer/build/dreamerv3/build/lib/dreamerv3\n'}
[1.994506] (dreamerv3) StdoutLine: {'line': b'copying dreamerv3/jaxagent.py -> /home/ob/openbots_ws/src/dreamer_SPOT_implementation/informed-dreamer/build/dreamerv3/build/lib/dreamerv3\n'}
[1.994745] (dreamerv3) StdoutLine: {'line': b'copying dreamerv3/jaxutils.py -> /home/ob/openbots_ws/src/dreamer_SPOT_implementation/informed-dreamer/build/dreamerv3/build/lib/dreamerv3\n'}
[1.995142] (dreamerv3) StdoutLine: {'line': b'copying dreamerv3/ninjax.py -> /home/ob/openbots_ws/src/dreamer_SPOT_implementation/informed-dreamer/build/dreamerv3/build/lib/dreamerv3\n'}
[1.995385] (dreamerv3) StdoutLine: {'line': b'copying dreamerv3/train.py -> /home/ob/openbots_ws/src/dreamer_SPOT_implementation/informed-dreamer/build/dreamerv3/build/lib/dreamerv3\n'}
[1.996971] (dreamerv3) StdoutLine: {'line': b'creating /home/ob/openbots_ws/src/dreamer_SPOT_implementation/informed-dreamer/build/dreamerv3/build/lib/build\n'}
[1.997184] (dreamerv3) StdoutLine: {'line': b'creating /home/ob/openbots_ws/src/dreamer_SPOT_implementation/informed-dreamer/build/dreamerv3/build/lib/build/dreamerv3\n'}
[1.997315] (dreamerv3) StdoutLine: {'line': b'creating /home/ob/openbots_ws/src/dreamer_SPOT_implementation/informed-dreamer/build/dreamerv3/build/lib/build/dreamerv3/prefix_override\n'}
[1.997409] (dreamerv3) StdoutLine: {'line': b'copying build/dreamerv3/prefix_override/sitecustomize.py -> /home/ob/openbots_ws/src/dreamer_SPOT_implementation/informed-dreamer/build/dreamerv3/build/lib/build/dreamerv3/prefix_override\n'}
[1.997977] (dreamerv3) StdoutLine: {'line': b'creating /home/ob/openbots_ws/src/dreamer_SPOT_implementation/informed-dreamer/build/dreamerv3/build/lib/dreamerv3/embodied\n'}
[1.998151] (dreamerv3) StdoutLine: {'line': b'copying dreamerv3/embodied/__init__.py -> /home/ob/openbots_ws/src/dreamer_SPOT_implementation/informed-dreamer/build/dreamerv3/build/lib/dreamerv3/embodied\n'}
[1.998787] (dreamerv3) StdoutLine: {'line': b'creating /home/ob/openbots_ws/src/dreamer_SPOT_implementation/informed-dreamer/build/dreamerv3/build/lib/dreamerv3/embodied/envs\n'}
[1.999011] (dreamerv3) StdoutLine: {'line': b'copying dreamerv3/embodied/envs/dummy.py -> /home/ob/openbots_ws/src/dreamer_SPOT_implementation/informed-dreamer/build/dreamerv3/build/lib/dreamerv3/embodied/envs\n'}
[1.999275] (dreamerv3) StdoutLine: {'line': b'copying dreamerv3/embodied/envs/dmc.py -> /home/ob/openbots_ws/src/dreamer_SPOT_implementation/informed-dreamer/build/dreamerv3/build/lib/dreamerv3/embodied/envs\n'}
[1.999735] (dreamerv3) StdoutLine: {'line': b'copying dreamerv3/embodied/envs/minecraft_minerl.py -> /home/ob/openbots_ws/src/dreamer_SPOT_implementation/informed-dreamer/build/dreamerv3/build/lib/dreamerv3/embodied/envs\n'}
[2.000157] (dreamerv3) StdoutLine: {'line': b'copying dreamerv3/embodied/envs/pinpad.py -> /home/ob/openbots_ws/src/dreamer_SPOT_implementation/informed-dreamer/build/dreamerv3/build/lib/dreamerv3/embodied/envs\n'}
[2.000695] (dreamerv3) StdoutLine: {'line': b'copying dreamerv3/embodied/envs/spot.py -> /home/ob/openbots_ws/src/dreamer_SPOT_implementation/informed-dreamer/build/dreamerv3/build/lib/dreamerv3/embodied/envs\n'}
[2.000928] (dreamerv3) StdoutLine: {'line': b'copying dreamerv3/embodied/envs/crafter.py -> /home/ob/openbots_ws/src/dreamer_SPOT_implementation/informed-dreamer/build/dreamerv3/build/lib/dreamerv3/embodied/envs\n'}
[2.001342] (dreamerv3) StdoutLine: {'line': b'copying dreamerv3/embodied/envs/loconav_quadruped.py -> /home/ob/openbots_ws/src/dreamer_SPOT_implementation/informed-dreamer/build/dreamerv3/build/lib/dreamerv3/embodied/envs\n'}
[2.001967] (dreamerv3) StdoutLine: {'line': b'copying dreamerv3/embodied/envs/dmlab.py -> /home/ob/openbots_ws/src/dreamer_SPOT_implementation/informed-dreamer/build/dreamerv3/build/lib/dreamerv3/embodied/envs\n'}
[2.002304] (dreamerv3) StdoutLine: {'line': b'copying dreamerv3/embodied/envs/robodesk.py -> /home/ob/openbots_ws/src/dreamer_SPOT_implementation/informed-dreamer/build/dreamerv3/build/lib/dreamerv3/embodied/envs\n'}
[2.002624] (dreamerv3) StdoutLine: {'line': b'copying dreamerv3/embodied/envs/from_gym.py -> /home/ob/openbots_ws/src/dreamer_SPOT_implementation/informed-dreamer/build/dreamerv3/build/lib/dreamerv3/embodied/envs\n'}
[2.003438] (dreamerv3) StdoutLine: {'line': b'copying dreamerv3/embodied/envs/minecraft.py -> /home/ob/openbots_ws/src/dreamer_SPOT_implementation/informed-dreamer/build/dreamerv3/build/lib/dreamerv3/embodied/envs\n'}
[2.003895] (dreamerv3) StdoutLine: {'line': b'copying dreamerv3/embodied/envs/from_dm.py -> /home/ob/openbots_ws/src/dreamer_SPOT_implementation/informed-dreamer/build/dreamerv3/build/lib/dreamerv3/embodied/envs\n'}
[2.004255] (dreamerv3) StdoutLine: {'line': b'copying dreamerv3/embodied/envs/spot_live.py -> /home/ob/openbots_ws/src/dreamer_SPOT_implementation/informed-dreamer/build/dreamerv3/build/lib/dreamerv3/embodied/envs\n'}
[2.004511] (dreamerv3) StdoutLine: {'line': b'copying dreamerv3/embodied/envs/loconav.py -> /home/ob/openbots_ws/src/dreamer_SPOT_implementation/informed-dreamer/build/dreamerv3/build/lib/dreamerv3/embodied/envs\n'}
[2.004949] (dreamerv3) StdoutLine: {'line': b'copying dreamerv3/embodied/envs/atari.py -> /home/ob/openbots_ws/src/dreamer_SPOT_implementation/informed-dreamer/build/dreamerv3/build/lib/dreamerv3/embodied/envs\n'}
[2.005304] (dreamerv3) StdoutLine: {'line': b'copying dreamerv3/embodied/envs/hike.py -> /home/ob/openbots_ws/src/dreamer_SPOT_implementation/informed-dreamer/build/dreamerv3/build/lib/dreamerv3/embodied/envs\n'}
[2.005407] (-) TimerEvent: {}
[2.005670] (dreamerv3) StdoutLine: {'line': b'copying dreamerv3/embodied/envs/minecraft_base.py -> /home/ob/openbots_ws/src/dreamer_SPOT_implementation/informed-dreamer/build/dreamerv3/build/lib/dreamerv3/embodied/envs\n'}
[2.006333] (dreamerv3) StdoutLine: {'line': b'creating /home/ob/openbots_ws/src/dreamer_SPOT_implementation/informed-dreamer/build/dreamerv3/build/lib/dreamerv3/embodied/replay\n'}
[2.006568] (dreamerv3) StdoutLine: {'line': b'copying dreamerv3/embodied/replay/limiters.py -> /home/ob/openbots_ws/src/dreamer_SPOT_implementation/informed-dreamer/build/dreamerv3/build/lib/dreamerv3/embodied/replay\n'}
[2.006818] (dreamerv3) StdoutLine: {'line': b'copying dreamerv3/embodied/replay/replays.py -> /home/ob/openbots_ws/src/dreamer_SPOT_implementation/informed-dreamer/build/dreamerv3/build/lib/dreamerv3/embodied/replay\n'}
[2.007311] (dreamerv3) StdoutLine: {'line': b'copying dreamerv3/embodied/replay/saver.py -> /home/ob/openbots_ws/src/dreamer_SPOT_implementation/informed-dreamer/build/dreamerv3/build/lib/dreamerv3/embodied/replay\n'}
[2.007739] (dreamerv3) StdoutLine: {'line': b'copying dreamerv3/embodied/replay/chunk.py -> /home/ob/openbots_ws/src/dreamer_SPOT_implementation/informed-dreamer/build/dreamerv3/build/lib/dreamerv3/embodied/replay\n'}
[2.008180] (dreamerv3) StdoutLine: {'line': b'copying dreamerv3/embodied/replay/__init__.py -> /home/ob/openbots_ws/src/dreamer_SPOT_implementation/informed-dreamer/build/dreamerv3/build/lib/dreamerv3/embodied/replay\n'}
[2.008603] (dreamerv3) StdoutLine: {'line': b'copying dreamerv3/embodied/replay/reverb.py -> /home/ob/openbots_ws/src/dreamer_SPOT_implementation/informed-dreamer/build/dreamerv3/build/lib/dreamerv3/embodied/replay\n'}
[2.008956] (dreamerv3) StdoutLine: {'line': b'copying dreamerv3/embodied/replay/naive_chunks.py -> /home/ob/openbots_ws/src/dreamer_SPOT_implementation/informed-dreamer/build/dreamerv3/build/lib/dreamerv3/embodied/replay\n'}
[2.009395] (dreamerv3) StdoutLine: {'line': b'copying dreamerv3/embodied/replay/generic.py -> /home/ob/openbots_ws/src/dreamer_SPOT_implementation/informed-dreamer/build/dreamerv3/build/lib/dreamerv3/embodied/replay\n'}
[2.009830] (dreamerv3) StdoutLine: {'line': b'copying dreamerv3/embodied/replay/selectors.py -> /home/ob/openbots_ws/src/dreamer_SPOT_implementation/informed-dreamer/build/dreamerv3/build/lib/dreamerv3/embodied/replay\n'}
[2.010427] (dreamerv3) StdoutLine: {'line': b'creating /home/ob/openbots_ws/src/dreamer_SPOT_implementation/informed-dreamer/build/dreamerv3/build/lib/dreamerv3/embodied/run\n'}
[2.010653] (dreamerv3) StdoutLine: {'line': b'copying dreamerv3/embodied/run/train_holdout.py -> /home/ob/openbots_ws/src/dreamer_SPOT_implementation/informed-dreamer/build/dreamerv3/build/lib/dreamerv3/embodied/run\n'}
[2.010982] (dreamerv3) StdoutLine: {'line': b'copying dreamerv3/embodied/run/train_eval.py -> /home/ob/openbots_ws/src/dreamer_SPOT_implementation/informed-dreamer/build/dreamerv3/build/lib/dreamerv3/embodied/run\n'}
[2.011337] (dreamerv3) StdoutLine: {'line': b'copying dreamerv3/embodied/run/train_offline.py -> /home/ob/openbots_ws/src/dreamer_SPOT_implementation/informed-dreamer/build/dreamerv3/build/lib/dreamerv3/embodied/run\n'}
[2.011615] (dreamerv3) StdoutLine: {'line': b'copying dreamerv3/embodied/run/__init__.py -> /home/ob/openbots_ws/src/dreamer_SPOT_implementation/informed-dreamer/build/dreamerv3/build/lib/dreamerv3/embodied/run\n'}
[2.011856] (dreamerv3) StdoutLine: {'line': b'copying dreamerv3/embodied/run/train_save.py -> /home/ob/openbots_ws/src/dreamer_SPOT_implementation/informed-dreamer/build/dreamerv3/build/lib/dreamerv3/embodied/run\n'}
[2.012184] (dreamerv3) StdoutLine: {'line': b'copying dreamerv3/embodied/run/parallel.py -> /home/ob/openbots_ws/src/dreamer_SPOT_implementation/informed-dreamer/build/dreamerv3/build/lib/dreamerv3/embodied/run\n'}
[2.012555] (dreamerv3) StdoutLine: {'line': b'copying dreamerv3/embodied/run/eval_only.py -> /home/ob/openbots_ws/src/dreamer_SPOT_implementation/informed-dreamer/build/dreamerv3/build/lib/dreamerv3/embodied/run\n'}
[2.012853] (dreamerv3) StdoutLine: {'line': b'copying dreamerv3/embodied/run/train.py -> /home/ob/openbots_ws/src/dreamer_SPOT_implementation/informed-dreamer/build/dreamerv3/build/lib/dreamerv3/embodied/run\n'}
[2.013162] (dreamerv3) StdoutLine: {'line': b'creating /home/ob/openbots_ws/src/dreamer_SPOT_implementation/informed-dreamer/build/dreamerv3/build/lib/dreamerv3/embodied/scripts\n'}
[2.013347] (dreamerv3) StdoutLine: {'line': b'copying dreamerv3/embodied/scripts/plot.py -> /home/ob/openbots_ws/src/dreamer_SPOT_implementation/informed-dreamer/build/dreamerv3/build/lib/dreamerv3/embodied/scripts\n'}
[2.014032] (dreamerv3) StdoutLine: {'line': b'creating /home/ob/openbots_ws/src/dreamer_SPOT_implementation/informed-dreamer/build/dreamerv3/build/lib/dreamerv3/embodied/core\n'}
[2.014219] (dreamerv3) StdoutLine: {'line': b'copying dreamerv3/embodied/core/random.py -> /home/ob/openbots_ws/src/dreamer_SPOT_implementation/informed-dreamer/build/dreamerv3/build/lib/dreamerv3/embodied/core\n'}
[2.014454] (dreamerv3) StdoutLine: {'line': b'copying dreamerv3/embodied/core/space.py -> /home/ob/openbots_ws/src/dreamer_SPOT_implementation/informed-dreamer/build/dreamerv3/build/lib/dreamerv3/embodied/core\n'}
[2.014763] (dreamerv3) StdoutLine: {'line': b'copying dreamerv3/embodied/core/uuid.py -> /home/ob/openbots_ws/src/dreamer_SPOT_implementation/informed-dreamer/build/dreamerv3/build/lib/dreamerv3/embodied/core\n'}
[2.015060] (dreamerv3) StdoutLine: {'line': b'copying dreamerv3/embodied/core/when.py -> /home/ob/openbots_ws/src/dreamer_SPOT_implementation/informed-dreamer/build/dreamerv3/build/lib/dreamerv3/embodied/core\n'}
[2.015332] (dreamerv3) StdoutLine: {'line': b'copying dreamerv3/embodied/core/basics.py -> /home/ob/openbots_ws/src/dreamer_SPOT_implementation/informed-dreamer/build/dreamerv3/build/lib/dreamerv3/embodied/core\n'}
[2.015673] (dreamerv3) StdoutLine: {'line': b'copying dreamerv3/embodied/core/flags.py -> /home/ob/openbots_ws/src/dreamer_SPOT_implementation/informed-dreamer/build/dreamerv3/build/lib/dreamerv3/embodied/core\n'}
[2.015986] (dreamerv3) StdoutLine: {'line': b'copying dreamerv3/embodied/core/batcher.py -> /home/ob/openbots_ws/src/dreamer_SPOT_implementation/informed-dreamer/build/dreamerv3/build/lib/dreamerv3/embodied/core\n'}
[2.016230] (dreamerv3) StdoutLine: {'line': b'copying dreamerv3/embodied/core/base.py -> /home/ob/openbots_ws/src/dreamer_SPOT_implementation/informed-dreamer/build/dreamerv3/build/lib/dreamerv3/embodied/core\n'}
[2.016562] (dreamerv3) StdoutLine: {'line': b'copying dreamerv3/embodied/core/driver.py -> /home/ob/openbots_ws/src/dreamer_SPOT_implementation/informed-dreamer/build/dreamerv3/build/lib/dreamerv3/embodied/core\n'}
[2.016745] (dreamerv3) StdoutLine: {'line': b'copying dreamerv3/embodied/core/timer.py -> /home/ob/openbots_ws/src/dreamer_SPOT_implementation/informed-dreamer/build/dreamerv3/build/lib/dreamerv3/embodied/core\n'}
[2.017093] (dreamerv3) StdoutLine: {'line': b'copying dreamerv3/embodied/core/distr.py -> /home/ob/openbots_ws/src/dreamer_SPOT_implementation/informed-dreamer/build/dreamerv3/build/lib/dreamerv3/embodied/core\n'}
[2.017516] (dreamerv3) StdoutLine: {'line': b'copying dreamerv3/embodied/core/logger.py -> /home/ob/openbots_ws/src/dreamer_SPOT_implementation/informed-dreamer/build/dreamerv3/build/lib/dreamerv3/embodied/core\n'}
[2.018001] (dreamerv3) StdoutLine: {'line': b'copying dreamerv3/embodied/core/worker.py -> /home/ob/openbots_ws/src/dreamer_SPOT_implementation/informed-dreamer/build/dreamerv3/build/lib/dreamerv3/embodied/core\n'}
[2.018986] (dreamerv3) StdoutLine: {'line': b'copying dreamerv3/embodied/core/__init__.py -> /home/ob/openbots_ws/src/dreamer_SPOT_implementation/informed-dreamer/build/dreamerv3/build/lib/dreamerv3/embodied/core\n'}
[2.019418] (dreamerv3) StdoutLine: {'line': b'copying dreamerv3/embodied/core/counter.py -> /home/ob/openbots_ws/src/dreamer_SPOT_implementation/informed-dreamer/build/dreamerv3/build/lib/dreamerv3/embodied/core\n'}
[2.019590] (dreamerv3) StdoutLine: {'line': b'copying dreamerv3/embodied/core/wrappers.py -> /home/ob/openbots_ws/src/dreamer_SPOT_implementation/informed-dreamer/build/dreamerv3/build/lib/dreamerv3/embodied/core\n'}
[2.020062] (dreamerv3) StdoutLine: {'line': b'copying dreamerv3/embodied/core/checkpoint.py -> /home/ob/openbots_ws/src/dreamer_SPOT_implementation/informed-dreamer/build/dreamerv3/build/lib/dreamerv3/embodied/core\n'}
[2.020339] (dreamerv3) StdoutLine: {'line': b'copying dreamerv3/embodied/core/config.py -> /home/ob/openbots_ws/src/dreamer_SPOT_implementation/informed-dreamer/build/dreamerv3/build/lib/dreamerv3/embodied/core\n'}
[2.020740] (dreamerv3) StdoutLine: {'line': b'copying dreamerv3/embodied/core/parallel.py -> /home/ob/openbots_ws/src/dreamer_SPOT_implementation/informed-dreamer/build/dreamerv3/build/lib/dreamerv3/embodied/core\n'}
[2.021210] (dreamerv3) StdoutLine: {'line': b'copying dreamerv3/embodied/core/metrics.py -> /home/ob/openbots_ws/src/dreamer_SPOT_implementation/informed-dreamer/build/dreamerv3/build/lib/dreamerv3/embodied/core\n'}
[2.021688] (dreamerv3) StdoutLine: {'line': b'copying dreamerv3/embodied/core/path.py -> /home/ob/openbots_ws/src/dreamer_SPOT_implementation/informed-dreamer/build/dreamerv3/build/lib/dreamerv3/embodied/core\n'}
[2.022210] (dreamerv3) StdoutLine: {'line': b'copying dreamerv3/embodied/core/batch.py -> /home/ob/openbots_ws/src/dreamer_SPOT_implementation/informed-dreamer/build/dreamerv3/build/lib/dreamerv3/embodied/core\n'}
[2.024170] (dreamerv3) StdoutLine: {'line': b'creating /home/ob/openbots_ws/src/dreamer_SPOT_implementation/informed-dreamer/build/dreamerv3/build/lib/build/dreamerv3/dreamerv3.egg-info\n'}
[2.024478] (dreamerv3) StdoutLine: {'line': b'copying build/dreamerv3/dreamerv3.egg-info/PKG-INFO -> /home/ob/openbots_ws/src/dreamer_SPOT_implementation/informed-dreamer/build/dreamerv3/build/lib/build/dreamerv3/dreamerv3.egg-info\n'}
[2.024717] (dreamerv3) StdoutLine: {'line': b'copying build/dreamerv3/dreamerv3.egg-info/SOURCES.txt -> /home/ob/openbots_ws/src/dreamer_SPOT_implementation/informed-dreamer/build/dreamerv3/build/lib/build/dreamerv3/dreamerv3.egg-info\n'}
[2.025047] (dreamerv3) StdoutLine: {'line': b'copying build/dreamerv3/dreamerv3.egg-info/dependency_links.txt -> /home/ob/openbots_ws/src/dreamer_SPOT_implementation/informed-dreamer/build/dreamerv3/build/lib/build/dreamerv3/dreamerv3.egg-info\n'}
[2.025366] (dreamerv3) StdoutLine: {'line': b'copying build/dreamerv3/dreamerv3.egg-info/requires.txt -> /home/ob/openbots_ws/src/dreamer_SPOT_implementation/informed-dreamer/build/dreamerv3/build/lib/build/dreamerv3/dreamerv3.egg-info\n'}
[2.025726] (dreamerv3) StdoutLine: {'line': b'copying build/dreamerv3/dreamerv3.egg-info/top_level.txt -> /home/ob/openbots_ws/src/dreamer_SPOT_implementation/informed-dreamer/build/dreamerv3/build/lib/build/dreamerv3/dreamerv3.egg-info\n'}
[2.032321] (dreamerv3) StdoutLine: {'line': b'running install\n'}
[2.032979] (dreamerv3) StdoutLine: {'line': b'running install_lib\n'}
[2.034520] (dreamerv3) StdoutLine: {'line': b'creating /home/ob/openbots_ws/src/dreamer_SPOT_implementation/informed-dreamer/install/dreamerv3/lib/python3.10/site-packages/build\n'}
[2.034989] (dreamerv3) StdoutLine: {'line': b'creating /home/ob/openbots_ws/src/dreamer_SPOT_implementation/informed-dreamer/install/dreamerv3/lib/python3.10/site-packages/build/dreamerv3\n'}
[2.035175] (dreamerv3) StdoutLine: {'line': b'creating /home/ob/openbots_ws/src/dreamer_SPOT_implementation/informed-dreamer/install/dreamerv3/lib/python3.10/site-packages/build/dreamerv3/prefix_override\n'}
[2.035880] (dreamerv3) StdoutLine: {'line': b'copying /home/ob/openbots_ws/src/dreamer_SPOT_implementation/informed-dreamer/build/dreamerv3/build/lib/build/dreamerv3/prefix_override/sitecustomize.py -> /home/ob/openbots_ws/src/dreamer_SPOT_implementation/informed-dreamer/install/dreamerv3/lib/python3.10/site-packages/build/dreamerv3/prefix_override\n'}
[2.036074] (dreamerv3) StdoutLine: {'line': b'creating /home/ob/openbots_ws/src/dreamer_SPOT_implementation/informed-dreamer/install/dreamerv3/lib/python3.10/site-packages/build/dreamerv3/dreamerv3.egg-info\n'}
[2.036232] (dreamerv3) StdoutLine: {'line': b'copying /home/ob/openbots_ws/src/dreamer_SPOT_implementation/informed-dreamer/build/dreamerv3/build/lib/build/dreamerv3/dreamerv3.egg-info/requires.txt -> /home/ob/openbots_ws/src/dreamer_SPOT_implementation/informed-dreamer/install/dreamerv3/lib/python3.10/site-packages/build/dreamerv3/dreamerv3.egg-info\n'}
[2.037038] (dreamerv3) StdoutLine: {'line': b'copying /home/ob/openbots_ws/src/dreamer_SPOT_implementation/informed-dreamer/build/dreamerv3/build/lib/build/dreamerv3/dreamerv3.egg-info/SOURCES.txt -> /home/ob/openbots_ws/src/dreamer_SPOT_implementation/informed-dreamer/install/dreamerv3/lib/python3.10/site-packages/build/dreamerv3/dreamerv3.egg-info\n'}
[2.037627] (dreamerv3) StdoutLine: {'line': b'copying /home/ob/openbots_ws/src/dreamer_SPOT_implementation/informed-dreamer/build/dreamerv3/build/lib/build/dreamerv3/dreamerv3.egg-info/PKG-INFO -> /home/ob/openbots_ws/src/dreamer_SPOT_implementation/informed-dreamer/install/dreamerv3/lib/python3.10/site-packages/build/dreamerv3/dreamerv3.egg-info\n'}
[2.038151] (dreamerv3) StdoutLine: {'line': b'copying /home/ob/openbots_ws/src/dreamer_SPOT_implementation/informed-dreamer/build/dreamerv3/build/lib/build/dreamerv3/dreamerv3.egg-info/dependency_links.txt -> /home/ob/openbots_ws/src/dreamer_SPOT_implementation/informed-dreamer/install/dreamerv3/lib/python3.10/site-packages/build/dreamerv3/dreamerv3.egg-info\n'}
[2.038496] (dreamerv3) StdoutLine: {'line': b'copying /home/ob/openbots_ws/src/dreamer_SPOT_implementation/informed-dreamer/build/dreamerv3/build/lib/build/dreamerv3/dreamerv3.egg-info/top_level.txt -> /home/ob/openbots_ws/src/dreamer_SPOT_implementation/informed-dreamer/install/dreamerv3/lib/python3.10/site-packages/build/dreamerv3/dreamerv3.egg-info\n'}
[2.038610] (dreamerv3) StdoutLine: {'line': b'creating /home/ob/openbots_ws/src/dreamer_SPOT_implementation/informed-dreamer/install/dreamerv3/lib/python3.10/site-packages/scores\n'}
[2.038765] (dreamerv3) StdoutLine: {'line': b'copying /home/ob/openbots_ws/src/dreamer_SPOT_implementation/informed-dreamer/build/dreamerv3/build/lib/scores/plot.py -> /home/ob/openbots_ws/src/dreamer_SPOT_implementation/informed-dreamer/install/dreamerv3/lib/python3.10/site-packages/scores\n'}
[2.039041] (dreamerv3) StdoutLine: {'line': b'copying /home/ob/openbots_ws/src/dreamer_SPOT_implementation/informed-dreamer/build/dreamerv3/build/lib/scores/view.py -> /home/ob/openbots_ws/src/dreamer_SPOT_implementation/informed-dreamer/install/dreamerv3/lib/python3.10/site-packages/scores\n'}
[2.039237] (dreamerv3) StdoutLine: {'line': b'copying /home/ob/openbots_ws/src/dreamer_SPOT_implementation/informed-dreamer/build/dreamerv3/build/lib/scores/clean.py -> /home/ob/openbots_ws/src/dreamer_SPOT_implementation/informed-dreamer/install/dreamerv3/lib/python3.10/site-packages/scores\n'}
[2.039463] (dreamerv3) StdoutLine: {'line': b'creating /home/ob/openbots_ws/src/dreamer_SPOT_implementation/informed-dreamer/install/dreamerv3/lib/python3.10/site-packages/dreamerv3\n'}
[2.039642] (dreamerv3) StdoutLine: {'line': b'copying /home/ob/openbots_ws/src/dreamer_SPOT_implementation/informed-dreamer/build/dreamerv3/build/lib/dreamerv3/nets.py -> /home/ob/openbots_ws/src/dreamer_SPOT_implementation/informed-dreamer/install/dreamerv3/lib/python3.10/site-packages/dreamerv3\n'}
[2.039890] (dreamerv3) StdoutLine: {'line': b'creating /home/ob/openbots_ws/src/dreamer_SPOT_implementation/informed-dreamer/install/dreamerv3/lib/python3.10/site-packages/dreamerv3/embodied\n'}
[2.040088] (dreamerv3) StdoutLine: {'line': b'creating /home/ob/openbots_ws/src/dreamer_SPOT_implementation/informed-dreamer/install/dreamerv3/lib/python3.10/site-packages/dreamerv3/embodied/envs\n'}
[2.040309] (dreamerv3) StdoutLine: {'line': b'copying /home/ob/openbots_ws/src/dreamer_SPOT_implementation/informed-dreamer/build/dreamerv3/build/lib/dreamerv3/embodied/envs/dummy.py -> /home/ob/openbots_ws/src/dreamer_SPOT_implementation/informed-dreamer/install/dreamerv3/lib/python3.10/site-packages/dreamerv3/embodied/envs\n'}
[2.040453] (dreamerv3) StdoutLine: {'line': b'copying /home/ob/openbots_ws/src/dreamer_SPOT_implementation/informed-dreamer/build/dreamerv3/build/lib/dreamerv3/embodied/envs/dmc.py -> /home/ob/openbots_ws/src/dreamer_SPOT_implementation/informed-dreamer/install/dreamerv3/lib/python3.10/site-packages/dreamerv3/embodied/envs\n'}
[2.040693] (dreamerv3) StdoutLine: {'line': b'copying /home/ob/openbots_ws/src/dreamer_SPOT_implementation/informed-dreamer/build/dreamerv3/build/lib/dreamerv3/embodied/envs/minecraft_minerl.py -> /home/ob/openbots_ws/src/dreamer_SPOT_implementation/informed-dreamer/install/dreamerv3/lib/python3.10/site-packages/dreamerv3/embodied/envs\n'}
[2.040900] (dreamerv3) StdoutLine: {'line': b'copying /home/ob/openbots_ws/src/dreamer_SPOT_implementation/informed-dreamer/build/dreamerv3/build/lib/dreamerv3/embodied/envs/pinpad.py -> /home/ob/openbots_ws/src/dreamer_SPOT_implementation/informed-dreamer/install/dreamerv3/lib/python3.10/site-packages/dreamerv3/embodied/envs\n'}
[2.041084] (dreamerv3) StdoutLine: {'line': b'copying /home/ob/openbots_ws/src/dreamer_SPOT_implementation/informed-dreamer/build/dreamerv3/build/lib/dreamerv3/embodied/envs/spot.py -> /home/ob/openbots_ws/src/dreamer_SPOT_implementation/informed-dreamer/install/dreamerv3/lib/python3.10/site-packages/dreamerv3/embodied/envs\n'}
[2.041318] (dreamerv3) StdoutLine: {'line': b'copying /home/ob/openbots_ws/src/dreamer_SPOT_implementation/informed-dreamer/build/dreamerv3/build/lib/dreamerv3/embodied/envs/crafter.py -> /home/ob/openbots_ws/src/dreamer_SPOT_implementation/informed-dreamer/install/dreamerv3/lib/python3.10/site-packages/dreamerv3/embodied/envs\n'}
[2.041526] (dreamerv3) StdoutLine: {'line': b'copying /home/ob/openbots_ws/src/dreamer_SPOT_implementation/informed-dreamer/build/dreamerv3/build/lib/dreamerv3/embodied/envs/loconav_quadruped.py -> /home/ob/openbots_ws/src/dreamer_SPOT_implementation/informed-dreamer/install/dreamerv3/lib/python3.10/site-packages/dreamerv3/embodied/envs\n'}
[2.041698] (dreamerv3) StdoutLine: {'line': b'copying /home/ob/openbots_ws/src/dreamer_SPOT_implementation/informed-dreamer/build/dreamerv3/build/lib/dreamerv3/embodied/envs/dmlab.py -> /home/ob/openbots_ws/src/dreamer_SPOT_implementation/informed-dreamer/install/dreamerv3/lib/python3.10/site-packages/dreamerv3/embodied/envs\n'}
[2.041881] (dreamerv3) StdoutLine: {'line': b'copying /home/ob/openbots_ws/src/dreamer_SPOT_implementation/informed-dreamer/build/dreamerv3/build/lib/dreamerv3/embodied/envs/robodesk.py -> /home/ob/openbots_ws/src/dreamer_SPOT_implementation/informed-dreamer/install/dreamerv3/lib/python3.10/site-packages/dreamerv3/embodied/envs\n'}
[2.042131] (dreamerv3) StdoutLine: {'line': b'copying /home/ob/openbots_ws/src/dreamer_SPOT_implementation/informed-dreamer/build/dreamerv3/build/lib/dreamerv3/embodied/envs/from_gym.py -> /home/ob/openbots_ws/src/dreamer_SPOT_implementation/informed-dreamer/install/dreamerv3/lib/python3.10/site-packages/dreamerv3/embodied/envs\n'}
[2.042325] (dreamerv3) StdoutLine: {'line': b'copying /home/ob/openbots_ws/src/dreamer_SPOT_implementation/informed-dreamer/build/dreamerv3/build/lib/dreamerv3/embodied/envs/minecraft.py -> /home/ob/openbots_ws/src/dreamer_SPOT_implementation/informed-dreamer/install/dreamerv3/lib/python3.10/site-packages/dreamerv3/embodied/envs\n'}
[2.042537] (dreamerv3) StdoutLine: {'line': b'copying /home/ob/openbots_ws/src/dreamer_SPOT_implementation/informed-dreamer/build/dreamerv3/build/lib/dreamerv3/embodied/envs/from_dm.py -> /home/ob/openbots_ws/src/dreamer_SPOT_implementation/informed-dreamer/install/dreamerv3/lib/python3.10/site-packages/dreamerv3/embodied/envs\n'}
[2.042747] (dreamerv3) StdoutLine: {'line': b'copying /home/ob/openbots_ws/src/dreamer_SPOT_implementation/informed-dreamer/build/dreamerv3/build/lib/dreamerv3/embodied/envs/spot_live.py -> /home/ob/openbots_ws/src/dreamer_SPOT_implementation/informed-dreamer/install/dreamerv3/lib/python3.10/site-packages/dreamerv3/embodied/envs\n'}
[2.042958] (dreamerv3) StdoutLine: {'line': b'copying /home/ob/openbots_ws/src/dreamer_SPOT_implementation/informed-dreamer/build/dreamerv3/build/lib/dreamerv3/embodied/envs/loconav.py -> /home/ob/openbots_ws/src/dreamer_SPOT_implementation/informed-dreamer/install/dreamerv3/lib/python3.10/site-packages/dreamerv3/embodied/envs\n'}
[2.043132] (dreamerv3) StdoutLine: {'line': b'copying /home/ob/openbots_ws/src/dreamer_SPOT_implementation/informed-dreamer/build/dreamerv3/build/lib/dreamerv3/embodied/envs/atari.py -> /home/ob/openbots_ws/src/dreamer_SPOT_implementation/informed-dreamer/install/dreamerv3/lib/python3.10/site-packages/dreamerv3/embodied/envs\n'}
[2.043366] (dreamerv3) StdoutLine: {'line': b'copying /home/ob/openbots_ws/src/dreamer_SPOT_implementation/informed-dreamer/build/dreamerv3/build/lib/dreamerv3/embodied/envs/hike.py -> /home/ob/openbots_ws/src/dreamer_SPOT_implementation/informed-dreamer/install/dreamerv3/lib/python3.10/site-packages/dreamerv3/embodied/envs\n'}
[2.043574] (dreamerv3) StdoutLine: {'line': b'copying /home/ob/openbots_ws/src/dreamer_SPOT_implementation/informed-dreamer/build/dreamerv3/build/lib/dreamerv3/embodied/envs/minecraft_base.py -> /home/ob/openbots_ws/src/dreamer_SPOT_implementation/informed-dreamer/install/dreamerv3/lib/python3.10/site-packages/dreamerv3/embodied/envs\n'}
[2.043772] (dreamerv3) StdoutLine: {'line': b'creating /home/ob/openbots_ws/src/dreamer_SPOT_implementation/informed-dreamer/install/dreamerv3/lib/python3.10/site-packages/dreamerv3/embodied/replay\n'}
[2.043930] (dreamerv3) StdoutLine: {'line': b'copying /home/ob/openbots_ws/src/dreamer_SPOT_implementation/informed-dreamer/build/dreamerv3/build/lib/dreamerv3/embodied/replay/limiters.py -> /home/ob/openbots_ws/src/dreamer_SPOT_implementation/informed-dreamer/install/dreamerv3/lib/python3.10/site-packages/dreamerv3/embodied/replay\n'}
[2.044159] (dreamerv3) StdoutLine: {'line': b'copying /home/ob/openbots_ws/src/dreamer_SPOT_implementation/informed-dreamer/build/dreamerv3/build/lib/dreamerv3/embodied/replay/replays.py -> /home/ob/openbots_ws/src/dreamer_SPOT_implementation/informed-dreamer/install/dreamerv3/lib/python3.10/site-packages/dreamerv3/embodied/replay\n'}
[2.044377] (dreamerv3) StdoutLine: {'line': b'copying /home/ob/openbots_ws/src/dreamer_SPOT_implementation/informed-dreamer/build/dreamerv3/build/lib/dreamerv3/embodied/replay/saver.py -> /home/ob/openbots_ws/src/dreamer_SPOT_implementation/informed-dreamer/install/dreamerv3/lib/python3.10/site-packages/dreamerv3/embodied/replay\n'}
[2.044524] (dreamerv3) StdoutLine: {'line': b'copying /home/ob/openbots_ws/src/dreamer_SPOT_implementation/informed-dreamer/build/dreamerv3/build/lib/dreamerv3/embodied/replay/chunk.py -> /home/ob/openbots_ws/src/dreamer_SPOT_implementation/informed-dreamer/install/dreamerv3/lib/python3.10/site-packages/dreamerv3/embodied/replay\n'}
[2.044616] (dreamerv3) StdoutLine: {'line': b'copying /home/ob/openbots_ws/src/dreamer_SPOT_implementation/informed-dreamer/build/dreamerv3/build/lib/dreamerv3/embodied/replay/__init__.py -> /home/ob/openbots_ws/src/dreamer_SPOT_implementation/informed-dreamer/install/dreamerv3/lib/python3.10/site-packages/dreamerv3/embodied/replay\n'}
[2.044702] (dreamerv3) StdoutLine: {'line': b'copying /home/ob/openbots_ws/src/dreamer_SPOT_implementation/informed-dreamer/build/dreamerv3/build/lib/dreamerv3/embodied/replay/reverb.py -> /home/ob/openbots_ws/src/dreamer_SPOT_implementation/informed-dreamer/install/dreamerv3/lib/python3.10/site-packages/dreamerv3/embodied/replay\n'}
[2.044850] (dreamerv3) StdoutLine: {'line': b'copying /home/ob/openbots_ws/src/dreamer_SPOT_implementation/informed-dreamer/build/dreamerv3/build/lib/dreamerv3/embodied/replay/naive_chunks.py -> /home/ob/openbots_ws/src/dreamer_SPOT_implementation/informed-dreamer/install/dreamerv3/lib/python3.10/site-packages/dreamerv3/embodied/replay\n'}
[2.044937] (dreamerv3) StdoutLine: {'line': b'copying /home/ob/openbots_ws/src/dreamer_SPOT_implementation/informed-dreamer/build/dreamerv3/build/lib/dreamerv3/embodied/replay/generic.py -> /home/ob/openbots_ws/src/dreamer_SPOT_implementation/informed-dreamer/install/dreamerv3/lib/python3.10/site-packages/dreamerv3/embodied/replay\n'}
[2.045061] (dreamerv3) StdoutLine: {'line': b'copying /home/ob/openbots_ws/src/dreamer_SPOT_implementation/informed-dreamer/build/dreamerv3/build/lib/dreamerv3/embodied/replay/selectors.py -> /home/ob/openbots_ws/src/dreamer_SPOT_implementation/informed-dreamer/install/dreamerv3/lib/python3.10/site-packages/dreamerv3/embodied/replay\n'}
[2.045146] (dreamerv3) StdoutLine: {'line': b'creating /home/ob/openbots_ws/src/dreamer_SPOT_implementation/informed-dreamer/install/dreamerv3/lib/python3.10/site-packages/dreamerv3/embodied/run\n'}
[2.045276] (dreamerv3) StdoutLine: {'line': b'copying /home/ob/openbots_ws/src/dreamer_SPOT_implementation/informed-dreamer/build/dreamerv3/build/lib/dreamerv3/embodied/run/train_holdout.py -> /home/ob/openbots_ws/src/dreamer_SPOT_implementation/informed-dreamer/install/dreamerv3/lib/python3.10/site-packages/dreamerv3/embodied/run\n'}
[2.045410] (dreamerv3) StdoutLine: {'line': b'copying /home/ob/openbots_ws/src/dreamer_SPOT_implementation/informed-dreamer/build/dreamerv3/build/lib/dreamerv3/embodied/run/train_eval.py -> /home/ob/openbots_ws/src/dreamer_SPOT_implementation/informed-dreamer/install/dreamerv3/lib/python3.10/site-packages/dreamerv3/embodied/run\n'}
[2.045499] (dreamerv3) StdoutLine: {'line': b'copying /home/ob/openbots_ws/src/dreamer_SPOT_implementation/informed-dreamer/build/dreamerv3/build/lib/dreamerv3/embodied/run/train_offline.py -> /home/ob/openbots_ws/src/dreamer_SPOT_implementation/informed-dreamer/install/dreamerv3/lib/python3.10/site-packages/dreamerv3/embodied/run\n'}
[2.045621] (dreamerv3) StdoutLine: {'line': b'copying /home/ob/openbots_ws/src/dreamer_SPOT_implementation/informed-dreamer/build/dreamerv3/build/lib/dreamerv3/embodied/run/__init__.py -> /home/ob/openbots_ws/src/dreamer_SPOT_implementation/informed-dreamer/install/dreamerv3/lib/python3.10/site-packages/dreamerv3/embodied/run\n'}
[2.045709] (dreamerv3) StdoutLine: {'line': b'copying /home/ob/openbots_ws/src/dreamer_SPOT_implementation/informed-dreamer/build/dreamerv3/build/lib/dreamerv3/embodied/run/train_save.py -> /home/ob/openbots_ws/src/dreamer_SPOT_implementation/informed-dreamer/install/dreamerv3/lib/python3.10/site-packages/dreamerv3/embodied/run\n'}
[2.045852] (dreamerv3) StdoutLine: {'line': b'copying /home/ob/openbots_ws/src/dreamer_SPOT_implementation/informed-dreamer/build/dreamerv3/build/lib/dreamerv3/embodied/run/parallel.py -> /home/ob/openbots_ws/src/dreamer_SPOT_implementation/informed-dreamer/install/dreamerv3/lib/python3.10/site-packages/dreamerv3/embodied/run\n'}
[2.045975] (dreamerv3) StdoutLine: {'line': b'copying /home/ob/openbots_ws/src/dreamer_SPOT_implementation/informed-dreamer/build/dreamerv3/build/lib/dreamerv3/embodied/run/eval_only.py -> /home/ob/openbots_ws/src/dreamer_SPOT_implementation/informed-dreamer/install/dreamerv3/lib/python3.10/site-packages/dreamerv3/embodied/run\n'}
[2.046102] (dreamerv3) StdoutLine: {'line': b'copying /home/ob/openbots_ws/src/dreamer_SPOT_implementation/informed-dreamer/build/dreamerv3/build/lib/dreamerv3/embodied/run/train.py -> /home/ob/openbots_ws/src/dreamer_SPOT_implementation/informed-dreamer/install/dreamerv3/lib/python3.10/site-packages/dreamerv3/embodied/run\n'}
[2.046305] (dreamerv3) StdoutLine: {'line': b'creating /home/ob/openbots_ws/src/dreamer_SPOT_implementation/informed-dreamer/install/dreamerv3/lib/python3.10/site-packages/dreamerv3/embodied/scripts\n'}
[2.046478] (dreamerv3) StdoutLine: {'line': b'copying /home/ob/openbots_ws/src/dreamer_SPOT_implementation/informed-dreamer/build/dreamerv3/build/lib/dreamerv3/embodied/scripts/plot.py -> /home/ob/openbots_ws/src/dreamer_SPOT_implementation/informed-dreamer/install/dreamerv3/lib/python3.10/site-packages/dreamerv3/embodied/scripts\n'}
[2.046762] (dreamerv3) StdoutLine: {'line': b'copying /home/ob/openbots_ws/src/dreamer_SPOT_implementation/informed-dreamer/build/dreamerv3/build/lib/dreamerv3/embodied/__init__.py -> /home/ob/openbots_ws/src/dreamer_SPOT_implementation/informed-dreamer/install/dreamerv3/lib/python3.10/site-packages/dreamerv3/embodied\n'}
[2.046991] (dreamerv3) StdoutLine: {'line': b'creating /home/ob/openbots_ws/src/dreamer_SPOT_implementation/informed-dreamer/install/dreamerv3/lib/python3.10/site-packages/dreamerv3/embodied/core\n'}
[2.047172] (dreamerv3) StdoutLine: {'line': b'copying /home/ob/openbots_ws/src/dreamer_SPOT_implementation/informed-dreamer/build/dreamerv3/build/lib/dreamerv3/embodied/core/random.py -> /home/ob/openbots_ws/src/dreamer_SPOT_implementation/informed-dreamer/install/dreamerv3/lib/python3.10/site-packages/dreamerv3/embodied/core\n'}
[2.047358] (dreamerv3) StdoutLine: {'line': b'copying /home/ob/openbots_ws/src/dreamer_SPOT_implementation/informed-dreamer/build/dreamerv3/build/lib/dreamerv3/embodied/core/space.py -> /home/ob/openbots_ws/src/dreamer_SPOT_implementation/informed-dreamer/install/dreamerv3/lib/python3.10/site-packages/dreamerv3/embodied/core\n'}
[2.047573] (dreamerv3) StdoutLine: {'line': b'copying /home/ob/openbots_ws/src/dreamer_SPOT_implementation/informed-dreamer/build/dreamerv3/build/lib/dreamerv3/embodied/core/uuid.py -> /home/ob/openbots_ws/src/dreamer_SPOT_implementation/informed-dreamer/install/dreamerv3/lib/python3.10/site-packages/dreamerv3/embodied/core\n'}
[2.047819] (dreamerv3) StdoutLine: {'line': b'copying /home/ob/openbots_ws/src/dreamer_SPOT_implementation/informed-dreamer/build/dreamerv3/build/lib/dreamerv3/embodied/core/when.py -> /home/ob/openbots_ws/src/dreamer_SPOT_implementation/informed-dreamer/install/dreamerv3/lib/python3.10/site-packages/dreamerv3/embodied/core\n'}
[2.048000] (dreamerv3) StdoutLine: {'line': b'copying /home/ob/openbots_ws/src/dreamer_SPOT_implementation/informed-dreamer/build/dreamerv3/build/lib/dreamerv3/embodied/core/basics.py -> /home/ob/openbots_ws/src/dreamer_SPOT_implementation/informed-dreamer/install/dreamerv3/lib/python3.10/site-packages/dreamerv3/embodied/core\n'}
[2.048138] (dreamerv3) StdoutLine: {'line': b'copying /home/ob/openbots_ws/src/dreamer_SPOT_implementation/informed-dreamer/build/dreamerv3/build/lib/dreamerv3/embodied/core/flags.py -> /home/ob/openbots_ws/src/dreamer_SPOT_implementation/informed-dreamer/install/dreamerv3/lib/python3.10/site-packages/dreamerv3/embodied/core\n'}
[2.048258] (dreamerv3) StdoutLine: {'line': b'copying /home/ob/openbots_ws/src/dreamer_SPOT_implementation/informed-dreamer/build/dreamerv3/build/lib/dreamerv3/embodied/core/batcher.py -> /home/ob/openbots_ws/src/dreamer_SPOT_implementation/informed-dreamer/install/dreamerv3/lib/python3.10/site-packages/dreamerv3/embodied/core\n'}
[2.048407] (dreamerv3) StdoutLine: {'line': b'copying /home/ob/openbots_ws/src/dreamer_SPOT_implementation/informed-dreamer/build/dreamerv3/build/lib/dreamerv3/embodied/core/base.py -> /home/ob/openbots_ws/src/dreamer_SPOT_implementation/informed-dreamer/install/dreamerv3/lib/python3.10/site-packages/dreamerv3/embodied/core\n'}
[2.048536] (dreamerv3) StdoutLine: {'line': b'copying /home/ob/openbots_ws/src/dreamer_SPOT_implementation/informed-dreamer/build/dreamerv3/build/lib/dreamerv3/embodied/core/driver.py -> /home/ob/openbots_ws/src/dreamer_SPOT_implementation/informed-dreamer/install/dreamerv3/lib/python3.10/site-packages/dreamerv3/embodied/core\n'}
[2.048737] (dreamerv3) StdoutLine: {'line': b'copying /home/ob/openbots_ws/src/dreamer_SPOT_implementation/informed-dreamer/build/dreamerv3/build/lib/dreamerv3/embodied/core/timer.py -> /home/ob/openbots_ws/src/dreamer_SPOT_implementation/informed-dreamer/install/dreamerv3/lib/python3.10/site-packages/dreamerv3/embodied/core\n'}
[2.048926] (dreamerv3) StdoutLine: {'line': b'copying /home/ob/openbots_ws/src/dreamer_SPOT_implementation/informed-dreamer/build/dreamerv3/build/lib/dreamerv3/embodied/core/distr.py -> /home/ob/openbots_ws/src/dreamer_SPOT_implementation/informed-dreamer/install/dreamerv3/lib/python3.10/site-packages/dreamerv3/embodied/core\n'}
[2.049184] (dreamerv3) StdoutLine: {'line': b'copying /home/ob/openbots_ws/src/dreamer_SPOT_implementation/informed-dreamer/build/dreamerv3/build/lib/dreamerv3/embodied/core/logger.py -> /home/ob/openbots_ws/src/dreamer_SPOT_implementation/informed-dreamer/install/dreamerv3/lib/python3.10/site-packages/dreamerv3/embodied/core\n'}
[2.049466] (dreamerv3) StdoutLine: {'line': b'copying /home/ob/openbots_ws/src/dreamer_SPOT_implementation/informed-dreamer/build/dreamerv3/build/lib/dreamerv3/embodied/core/worker.py -> /home/ob/openbots_ws/src/dreamer_SPOT_implementation/informed-dreamer/install/dreamerv3/lib/python3.10/site-packages/dreamerv3/embodied/core\n'}
[2.049712] (dreamerv3) StdoutLine: {'line': b'copying /home/ob/openbots_ws/src/dreamer_SPOT_implementation/informed-dreamer/build/dreamerv3/build/lib/dreamerv3/embodied/core/__init__.py -> /home/ob/openbots_ws/src/dreamer_SPOT_implementation/informed-dreamer/install/dreamerv3/lib/python3.10/site-packages/dreamerv3/embodied/core\n'}
[2.049968] (dreamerv3) StdoutLine: {'line': b'copying /home/ob/openbots_ws/src/dreamer_SPOT_implementation/informed-dreamer/build/dreamerv3/build/lib/dreamerv3/embodied/core/counter.py -> /home/ob/openbots_ws/src/dreamer_SPOT_implementation/informed-dreamer/install/dreamerv3/lib/python3.10/site-packages/dreamerv3/embodied/core\n'}
[2.050197] (dreamerv3) StdoutLine: {'line': b'copying /home/ob/openbots_ws/src/dreamer_SPOT_implementation/informed-dreamer/build/dreamerv3/build/lib/dreamerv3/embodied/core/wrappers.py -> /home/ob/openbots_ws/src/dreamer_SPOT_implementation/informed-dreamer/install/dreamerv3/lib/python3.10/site-packages/dreamerv3/embodied/core\n'}
[2.050470] (dreamerv3) StdoutLine: {'line': b'copying /home/ob/openbots_ws/src/dreamer_SPOT_implementation/informed-dreamer/build/dreamerv3/build/lib/dreamerv3/embodied/core/checkpoint.py -> /home/ob/openbots_ws/src/dreamer_SPOT_implementation/informed-dreamer/install/dreamerv3/lib/python3.10/site-packages/dreamerv3/embodied/core\n'}
[2.050673] (dreamerv3) StdoutLine: {'line': b'copying /home/ob/openbots_ws/src/dreamer_SPOT_implementation/informed-dreamer/build/dreamerv3/build/lib/dreamerv3/embodied/core/config.py -> /home/ob/openbots_ws/src/dreamer_SPOT_implementation/informed-dreamer/install/dreamerv3/lib/python3.10/site-packages/dreamerv3/embodied/core\n'}
[2.050853] (dreamerv3) StdoutLine: {'line': b'copying /home/ob/openbots_ws/src/dreamer_SPOT_implementation/informed-dreamer/build/dreamerv3/build/lib/dreamerv3/embodied/core/parallel.py -> /home/ob/openbots_ws/src/dreamer_SPOT_implementation/informed-dreamer/install/dreamerv3/lib/python3.10/site-packages/dreamerv3/embodied/core\n'}
[2.050996] (dreamerv3) StdoutLine: {'line': b'copying /home/ob/openbots_ws/src/dreamer_SPOT_implementation/informed-dreamer/build/dreamerv3/build/lib/dreamerv3/embodied/core/metrics.py -> /home/ob/openbots_ws/src/dreamer_SPOT_implementation/informed-dreamer/install/dreamerv3/lib/python3.10/site-packages/dreamerv3/embodied/core\n'}
[2.051143] (dreamerv3) StdoutLine: {'line': b'copying /home/ob/openbots_ws/src/dreamer_SPOT_implementation/informed-dreamer/build/dreamerv3/build/lib/dreamerv3/embodied/core/path.py -> /home/ob/openbots_ws/src/dreamer_SPOT_implementation/informed-dreamer/install/dreamerv3/lib/python3.10/site-packages/dreamerv3/embodied/core\n'}
[2.051310] (dreamerv3) StdoutLine: {'line': b'copying /home/ob/openbots_ws/src/dreamer_SPOT_implementation/informed-dreamer/build/dreamerv3/build/lib/dreamerv3/embodied/core/batch.py -> /home/ob/openbots_ws/src/dreamer_SPOT_implementation/informed-dreamer/install/dreamerv3/lib/python3.10/site-packages/dreamerv3/embodied/core\n'}
[2.051519] (dreamerv3) StdoutLine: {'line': b'copying /home/ob/openbots_ws/src/dreamer_SPOT_implementation/informed-dreamer/build/dreamerv3/build/lib/dreamerv3/agent.py -> /home/ob/openbots_ws/src/dreamer_SPOT_implementation/informed-dreamer/install/dreamerv3/lib/python3.10/site-packages/dreamerv3\n'}
[2.051809] (dreamerv3) StdoutLine: {'line': b'copying /home/ob/openbots_ws/src/dreamer_SPOT_implementation/informed-dreamer/build/dreamerv3/build/lib/dreamerv3/behaviors.py -> /home/ob/openbots_ws/src/dreamer_SPOT_implementation/informed-dreamer/install/dreamerv3/lib/python3.10/site-packages/dreamerv3\n'}
[2.052088] (dreamerv3) StdoutLine: {'line': b'copying /home/ob/openbots_ws/src/dreamer_SPOT_implementation/informed-dreamer/build/dreamerv3/build/lib/dreamerv3/train_online.py -> /home/ob/openbots_ws/src/dreamer_SPOT_implementation/informed-dreamer/install/dreamerv3/lib/python3.10/site-packages/dreamerv3\n'}
[2.052299] (dreamerv3) StdoutLine: {'line': b'copying /home/ob/openbots_ws/src/dreamer_SPOT_implementation/informed-dreamer/build/dreamerv3/build/lib/dreamerv3/__init__.py -> /home/ob/openbots_ws/src/dreamer_SPOT_implementation/informed-dreamer/install/dreamerv3/lib/python3.10/site-packages/dreamerv3\n'}
[2.052599] (dreamerv3) StdoutLine: {'line': b'copying /home/ob/openbots_ws/src/dreamer_SPOT_implementation/informed-dreamer/build/dreamerv3/build/lib/dreamerv3/expl.py -> /home/ob/openbots_ws/src/dreamer_SPOT_implementation/informed-dreamer/install/dreamerv3/lib/python3.10/site-packages/dreamerv3\n'}
[2.052839] (dreamerv3) StdoutLine: {'line': b'copying /home/ob/openbots_ws/src/dreamer_SPOT_implementation/informed-dreamer/build/dreamerv3/build/lib/dreamerv3/jaxagent.py -> /home/ob/openbots_ws/src/dreamer_SPOT_implementation/informed-dreamer/install/dreamerv3/lib/python3.10/site-packages/dreamerv3\n'}
[2.053080] (dreamerv3) StdoutLine: {'line': b'copying /home/ob/openbots_ws/src/dreamer_SPOT_implementation/informed-dreamer/build/dreamerv3/build/lib/dreamerv3/jaxutils.py -> /home/ob/openbots_ws/src/dreamer_SPOT_implementation/informed-dreamer/install/dreamerv3/lib/python3.10/site-packages/dreamerv3\n'}
[2.053798] (dreamerv3) StdoutLine: {'line': b'copying /home/ob/openbots_ws/src/dreamer_SPOT_implementation/informed-dreamer/build/dreamerv3/build/lib/dreamerv3/ninjax.py -> /home/ob/openbots_ws/src/dreamer_SPOT_implementation/informed-dreamer/install/dreamerv3/lib/python3.10/site-packages/dreamerv3\n'}
[2.054019] (dreamerv3) StdoutLine: {'line': b'copying /home/ob/openbots_ws/src/dreamer_SPOT_implementation/informed-dreamer/build/dreamerv3/build/lib/dreamerv3/train.py -> /home/ob/openbots_ws/src/dreamer_SPOT_implementation/informed-dreamer/install/dreamerv3/lib/python3.10/site-packages/dreamerv3\n'}
[2.055177] (dreamerv3) StdoutLine: {'line': b'byte-compiling /home/ob/openbots_ws/src/dreamer_SPOT_implementation/informed-dreamer/install/dreamerv3/lib/python3.10/site-packages/build/dreamerv3/prefix_override/sitecustomize.py to sitecustomize.cpython-310.pyc\n'}
[2.055698] (dreamerv3) StdoutLine: {'line': b'byte-compiling /home/ob/openbots_ws/src/dreamer_SPOT_implementation/informed-dreamer/install/dreamerv3/lib/python3.10/site-packages/scores/plot.py to plot.cpython-310.pyc\n'}
[2.059502] (dreamerv3) StdoutLine: {'line': b'byte-compiling /home/ob/openbots_ws/src/dreamer_SPOT_implementation/informed-dreamer/install/dreamerv3/lib/python3.10/site-packages/scores/view.py to view.cpython-310.pyc\n'}
[2.060262] (dreamerv3) StdoutLine: {'line': b'byte-compiling /home/ob/openbots_ws/src/dreamer_SPOT_implementation/informed-dreamer/install/dreamerv3/lib/python3.10/site-packages/scores/clean.py to clean.cpython-310.pyc\n'}
[2.061433] (dreamerv3) StdoutLine: {'line': b'byte-compiling /home/ob/openbots_ws/src/dreamer_SPOT_implementation/informed-dreamer/install/dreamerv3/lib/python3.10/site-packages/dreamerv3/nets.py to nets.cpython-310.pyc\n'}
[2.075811] (dreamerv3) StdoutLine: {'line': b'byte-compiling /home/ob/openbots_ws/src/dreamer_SPOT_implementation/informed-dreamer/install/dreamerv3/lib/python3.10/site-packages/dreamerv3/embodied/envs/dummy.py to dummy.cpython-310.pyc\n'}
[2.077385] (dreamerv3) StdoutLine: {'line': b'byte-compiling /home/ob/openbots_ws/src/dreamer_SPOT_implementation/informed-dreamer/install/dreamerv3/lib/python3.10/site-packages/dreamerv3/embodied/envs/dmc.py to dmc.cpython-310.pyc\n'}
[2.079155] (dreamerv3) StdoutLine: {'line': b'byte-compiling /home/ob/openbots_ws/src/dreamer_SPOT_implementation/informed-dreamer/install/dreamerv3/lib/python3.10/site-packages/dreamerv3/embodied/envs/minecraft_minerl.py to minecraft_minerl.cpython-310.pyc\n'}
[2.081235] (dreamerv3) StdoutLine: {'line': b'byte-compiling /home/ob/openbots_ws/src/dreamer_SPOT_implementation/informed-dreamer/install/dreamerv3/lib/python3.10/site-packages/dreamerv3/embodied/envs/pinpad.py to pinpad.cpython-310.pyc\n'}
[2.083623] (dreamerv3) StdoutLine: {'line': b'byte-compiling /home/ob/openbots_ws/src/dreamer_SPOT_implementation/informed-dreamer/install/dreamerv3/lib/python3.10/site-packages/dreamerv3/embodied/envs/spot.py to spot.cpython-310.pyc\n'}
[2.085992] (dreamerv3) StdoutLine: {'line': b'byte-compiling /home/ob/openbots_ws/src/dreamer_SPOT_implementation/informed-dreamer/install/dreamerv3/lib/python3.10/site-packages/dreamerv3/embodied/envs/crafter.py to crafter.cpython-310.pyc\n'}
[2.087497] (dreamerv3) StdoutLine: {'line': b'byte-compiling /home/ob/openbots_ws/src/dreamer_SPOT_implementation/informed-dreamer/install/dreamerv3/lib/python3.10/site-packages/dreamerv3/embodied/envs/loconav_quadruped.py to loconav_quadruped.cpython-310.pyc\n'}
[2.089337] (dreamerv3) StdoutLine: {'line': b'byte-compiling /home/ob/openbots_ws/src/dreamer_SPOT_implementation/informed-dreamer/install/dreamerv3/lib/python3.10/site-packages/dreamerv3/embodied/envs/dmlab.py to dmlab.cpython-310.pyc\n'}
[2.091702] (dreamerv3) StdoutLine: {'line': b'byte-compiling /home/ob/openbots_ws/src/dreamer_SPOT_implementation/informed-dreamer/install/dreamerv3/lib/python3.10/site-packages/dreamerv3/embodied/envs/robodesk.py to robodesk.cpython-310.pyc\n'}
[2.092722] (dreamerv3) StdoutLine: {'line': b'byte-compiling /home/ob/openbots_ws/src/dreamer_SPOT_implementation/informed-dreamer/install/dreamerv3/lib/python3.10/site-packages/dreamerv3/embodied/envs/from_gym.py to from_gym.cpython-310.pyc\n'}
[2.094651] (dreamerv3) StdoutLine: {'line': b'byte-compiling /home/ob/openbots_ws/src/dreamer_SPOT_implementation/informed-dreamer/install/dreamerv3/lib/python3.10/site-packages/dreamerv3/embodied/envs/minecraft.py to minecraft.cpython-310.pyc\n'}
[2.097016] (dreamerv3) StdoutLine: {'line': b'byte-compiling /home/ob/openbots_ws/src/dreamer_SPOT_implementation/informed-dreamer/install/dreamerv3/lib/python3.10/site-packages/dreamerv3/embodied/envs/from_dm.py to from_dm.cpython-310.pyc\n'}
[2.098668] (dreamerv3) StdoutLine: {'line': b'byte-compiling /home/ob/openbots_ws/src/dreamer_SPOT_implementation/informed-dreamer/install/dreamerv3/lib/python3.10/site-packages/dreamerv3/embodied/envs/spot_live.py to spot_live.cpython-310.pyc\n'}
[2.103598] (dreamerv3) StdoutLine: {'line': b'byte-compiling /home/ob/openbots_ws/src/dreamer_SPOT_implementation/informed-dreamer/install/dreamerv3/lib/python3.10/site-packages/dreamerv3/embodied/envs/loconav.py to loconav.cpython-310.pyc\n'}
[2.105520] (-) TimerEvent: {}
[2.106200] (dreamerv3) StdoutLine: {'line': b'byte-compiling /home/ob/openbots_ws/src/dreamer_SPOT_implementation/informed-dreamer/install/dreamerv3/lib/python3.10/site-packages/dreamerv3/embodied/envs/atari.py to atari.cpython-310.pyc\n'}
[2.109477] (dreamerv3) StdoutLine: {'line': b'byte-compiling /home/ob/openbots_ws/src/dreamer_SPOT_implementation/informed-dreamer/install/dreamerv3/lib/python3.10/site-packages/dreamerv3/embodied/envs/hike.py to hike.cpython-310.pyc\n'}
[2.111885] (dreamerv3) StdoutLine: {'line': b'byte-compiling /home/ob/openbots_ws/src/dreamer_SPOT_implementation/informed-dreamer/install/dreamerv3/lib/python3.10/site-packages/dreamerv3/embodied/envs/minecraft_base.py to minecraft_base.cpython-310.pyc\n'}
[2.115113] (dreamerv3) StdoutLine: {'line': b'byte-compiling /home/ob/openbots_ws/src/dreamer_SPOT_implementation/informed-dreamer/install/dreamerv3/lib/python3.10/site-packages/dreamerv3/embodied/replay/limiters.py to limiters.cpython-310.pyc\n'}
[2.117465] (dreamerv3) StdoutLine: {'line': b'byte-compiling /home/ob/openbots_ws/src/dreamer_SPOT_implementation/informed-dreamer/install/dreamerv3/lib/python3.10/site-packages/dreamerv3/embodied/replay/replays.py to replays.cpython-310.pyc\n'}
[2.118489] (dreamerv3) StdoutLine: {'line': b'byte-compiling /home/ob/openbots_ws/src/dreamer_SPOT_implementation/informed-dreamer/install/dreamerv3/lib/python3.10/site-packages/dreamerv3/embodied/replay/saver.py to saver.cpython-310.pyc\n'}
[2.120514] (dreamerv3) StdoutLine: {'line': b'byte-compiling /home/ob/openbots_ws/src/dreamer_SPOT_implementation/informed-dreamer/install/dreamerv3/lib/python3.10/site-packages/dreamerv3/embodied/replay/chunk.py to chunk.cpython-310.pyc\n'}
[2.122867] (dreamerv3) StdoutLine: {'line': b'byte-compiling /home/ob/openbots_ws/src/dreamer_SPOT_implementation/informed-dreamer/install/dreamerv3/lib/python3.10/site-packages/dreamerv3/embodied/replay/__init__.py to __init__.cpython-310.pyc\n'}
[2.123586] (dreamerv3) StdoutLine: {'line': b'byte-compiling /home/ob/openbots_ws/src/dreamer_SPOT_implementation/informed-dreamer/install/dreamerv3/lib/python3.10/site-packages/dreamerv3/embodied/replay/reverb.py to reverb.cpython-310.pyc\n'}
[2.126360] (dreamerv3) StdoutLine: {'line': b'byte-compiling /home/ob/openbots_ws/src/dreamer_SPOT_implementation/informed-dreamer/install/dreamerv3/lib/python3.10/site-packages/dreamerv3/embodied/replay/naive_chunks.py to naive_chunks.cpython-310.pyc\n'}
[2.128759] (dreamerv3) StdoutLine: {'line': b'byte-compiling /home/ob/openbots_ws/src/dreamer_SPOT_implementation/informed-dreamer/install/dreamerv3/lib/python3.10/site-packages/dreamerv3/embodied/replay/generic.py to generic.cpython-310.pyc\n'}
[2.132246] (dreamerv3) StdoutLine: {'line': b'byte-compiling /home/ob/openbots_ws/src/dreamer_SPOT_implementation/informed-dreamer/install/dreamerv3/lib/python3.10/site-packages/dreamerv3/embodied/replay/selectors.py to selectors.cpython-310.pyc\n'}
[2.133584] (dreamerv3) StdoutLine: {'line': b'byte-compiling /home/ob/openbots_ws/src/dreamer_SPOT_implementation/informed-dreamer/install/dreamerv3/lib/python3.10/site-packages/dreamerv3/embodied/run/train_holdout.py to train_holdout.cpython-310.pyc\n'}
[2.136977] (dreamerv3) StdoutLine: {'line': b'byte-compiling /home/ob/openbots_ws/src/dreamer_SPOT_implementation/informed-dreamer/install/dreamerv3/lib/python3.10/site-packages/dreamerv3/embodied/run/train_eval.py to train_eval.cpython-310.pyc\n'}
[2.140466] (dreamerv3) StdoutLine: {'line': b'byte-compiling /home/ob/openbots_ws/src/dreamer_SPOT_implementation/informed-dreamer/install/dreamerv3/lib/python3.10/site-packages/dreamerv3/embodied/run/train_offline.py to train_offline.cpython-310.pyc\n'}
[2.144600] (dreamerv3) StdoutLine: {'line': b'byte-compiling /home/ob/openbots_ws/src/dreamer_SPOT_implementation/informed-dreamer/install/dreamerv3/lib/python3.10/site-packages/dreamerv3/embodied/run/__init__.py to __init__.cpython-310.pyc\n'}
[2.145542] (dreamerv3) StdoutLine: {'line': b'byte-compiling /home/ob/openbots_ws/src/dreamer_SPOT_implementation/informed-dreamer/install/dreamerv3/lib/python3.10/site-packages/dreamerv3/embodied/run/train_save.py to train_save.cpython-310.pyc\n'}
[2.149459] (dreamerv3) StdoutLine: {'line': b'byte-compiling /home/ob/openbots_ws/src/dreamer_SPOT_implementation/informed-dreamer/install/dreamerv3/lib/python3.10/site-packages/dreamerv3/embodied/run/parallel.py to parallel.cpython-310.pyc\n'}
[2.153015] (dreamerv3) StdoutLine: {'line': b'byte-compiling /home/ob/openbots_ws/src/dreamer_SPOT_implementation/informed-dreamer/install/dreamerv3/lib/python3.10/site-packages/dreamerv3/embodied/run/eval_only.py to eval_only.cpython-310.pyc\n'}
[2.154477] (dreamerv3) StdoutLine: {'line': b'byte-compiling /home/ob/openbots_ws/src/dreamer_SPOT_implementation/informed-dreamer/install/dreamerv3/lib/python3.10/site-packages/dreamerv3/embodied/run/train.py to train.cpython-310.pyc\n'}
[2.156576] (dreamerv3) StdoutLine: {'line': b'byte-compiling /home/ob/openbots_ws/src/dreamer_SPOT_implementation/informed-dreamer/install/dreamerv3/lib/python3.10/site-packages/dreamerv3/embodied/scripts/plot.py to plot.cpython-310.pyc\n'}
[2.166712] (dreamerv3) StdoutLine: {'line': b'byte-compiling /home/ob/openbots_ws/src/dreamer_SPOT_implementation/informed-dreamer/install/dreamerv3/lib/python3.10/site-packages/dreamerv3/embodied/__init__.py to __init__.cpython-310.pyc\n'}
[2.167186] (dreamerv3) StdoutLine: {'line': b'byte-compiling /home/ob/openbots_ws/src/dreamer_SPOT_implementation/informed-dreamer/install/dreamerv3/lib/python3.10/site-packages/dreamerv3/embodied/core/random.py to random.cpython-310.pyc\n'}
[2.168073] (dreamerv3) StdoutLine: {'line': b'byte-compiling /home/ob/openbots_ws/src/dreamer_SPOT_implementation/informed-dreamer/install/dreamerv3/lib/python3.10/site-packages/dreamerv3/embodied/core/space.py to space.cpython-310.pyc\n'}
[2.169825] (dreamerv3) StdoutLine: {'line': b'byte-compiling /home/ob/openbots_ws/src/dreamer_SPOT_implementation/informed-dreamer/install/dreamerv3/lib/python3.10/site-packages/dreamerv3/embodied/core/uuid.py to uuid.cpython-310.pyc\n'}
[2.171193] (dreamerv3) StdoutLine: {'line': b'byte-compiling /home/ob/openbots_ws/src/dreamer_SPOT_implementation/informed-dreamer/install/dreamerv3/lib/python3.10/site-packages/dreamerv3/embodied/core/when.py to when.cpython-310.pyc\n'}
[2.172553] (dreamerv3) StdoutLine: {'line': b'byte-compiling /home/ob/openbots_ws/src/dreamer_SPOT_implementation/informed-dreamer/install/dreamerv3/lib/python3.10/site-packages/dreamerv3/embodied/core/basics.py to basics.cpython-310.pyc\n'}
[2.174797] (dreamerv3) StdoutLine: {'line': b'byte-compiling /home/ob/openbots_ws/src/dreamer_SPOT_implementation/informed-dreamer/install/dreamerv3/lib/python3.10/site-packages/dreamerv3/embodied/core/flags.py to flags.cpython-310.pyc\n'}
[2.176615] (dreamerv3) StdoutLine: {'line': b'byte-compiling /home/ob/openbots_ws/src/dreamer_SPOT_implementation/informed-dreamer/install/dreamerv3/lib/python3.10/site-packages/dreamerv3/embodied/core/batcher.py to batcher.cpython-310.pyc\n'}
[2.178304] (dreamerv3) StdoutLine: {'line': b'byte-compiling /home/ob/openbots_ws/src/dreamer_SPOT_implementation/informed-dreamer/install/dreamerv3/lib/python3.10/site-packages/dreamerv3/embodied/core/base.py to base.cpython-310.pyc\n'}
[2.180065] (dreamerv3) StdoutLine: {'line': b'byte-compiling /home/ob/openbots_ws/src/dreamer_SPOT_implementation/informed-dreamer/install/dreamerv3/lib/python3.10/site-packages/dreamerv3/embodied/core/driver.py to driver.cpython-310.pyc\n'}
[2.181908] (dreamerv3) StdoutLine: {'line': b'byte-compiling /home/ob/openbots_ws/src/dreamer_SPOT_implementation/informed-dreamer/install/dreamerv3/lib/python3.10/site-packages/dreamerv3/embodied/core/timer.py to timer.cpython-310.pyc\n'}
[2.183375] (dreamerv3) StdoutLine: {'line': b'byte-compiling /home/ob/openbots_ws/src/dreamer_SPOT_implementation/informed-dreamer/install/dreamerv3/lib/python3.10/site-packages/dreamerv3/embodied/core/distr.py to distr.cpython-310.pyc\n'}
[2.186474] (dreamerv3) StdoutLine: {'line': b'byte-compiling /home/ob/openbots_ws/src/dreamer_SPOT_implementation/informed-dreamer/install/dreamerv3/lib/python3.10/site-packages/dreamerv3/embodied/core/logger.py to logger.cpython-310.pyc\n'}
[2.191124] (dreamerv3) StdoutLine: {'line': b'byte-compiling /home/ob/openbots_ws/src/dreamer_SPOT_implementation/informed-dreamer/install/dreamerv3/lib/python3.10/site-packages/dreamerv3/embodied/core/worker.py to worker.cpython-310.pyc\n'}
[2.194055] (dreamerv3) StdoutLine: {'line': b'byte-compiling /home/ob/openbots_ws/src/dreamer_SPOT_implementation/informed-dreamer/install/dreamerv3/lib/python3.10/site-packages/dreamerv3/embodied/core/__init__.py to __init__.cpython-310.pyc\n'}
[2.194694] (dreamerv3) StdoutLine: {'line': b'byte-compiling /home/ob/openbots_ws/src/dreamer_SPOT_implementation/informed-dreamer/install/dreamerv3/lib/python3.10/site-packages/dreamerv3/embodied/core/counter.py to counter.cpython-310.pyc\n'}
[2.195597] (dreamerv3) StdoutLine: {'line': b'byte-compiling /home/ob/openbots_ws/src/dreamer_SPOT_implementation/informed-dreamer/install/dreamerv3/lib/python3.10/site-packages/dreamerv3/embodied/core/wrappers.py to wrappers.cpython-310.pyc\n'}
[2.200270] (dreamerv3) StdoutLine: {'line': b'byte-compiling /home/ob/openbots_ws/src/dreamer_SPOT_implementation/informed-dreamer/install/dreamerv3/lib/python3.10/site-packages/dreamerv3/embodied/core/checkpoint.py to checkpoint.cpython-310.pyc\n'}
[2.202016] (dreamerv3) StdoutLine: {'line': b'byte-compiling /home/ob/openbots_ws/src/dreamer_SPOT_implementation/informed-dreamer/install/dreamerv3/lib/python3.10/site-packages/dreamerv3/embodied/core/config.py to config.cpython-310.pyc\n'}
[2.204881] (dreamerv3) StdoutLine: {'line': b'byte-compiling /home/ob/openbots_ws/src/dreamer_SPOT_implementation/informed-dreamer/install/dreamerv3/lib/python3.10/site-packages/dreamerv3/embodied/core/parallel.py to parallel.cpython-310.pyc\n'}
[2.205621] (-) TimerEvent: {}
[2.205883] (dreamerv3) StdoutLine: {'line': b'byte-compiling /home/ob/openbots_ws/src/dreamer_SPOT_implementation/informed-dreamer/install/dreamerv3/lib/python3.10/site-packages/dreamerv3/embodied/core/metrics.py to metrics.cpython-310.pyc\n'}
[2.207107] (dreamerv3) StdoutLine: {'line': b'byte-compiling /home/ob/openbots_ws/src/dreamer_SPOT_implementation/informed-dreamer/install/dreamerv3/lib/python3.10/site-packages/dreamerv3/embodied/core/path.py to path.cpython-310.pyc\n'}
[2.209999] (dreamerv3) StdoutLine: {'line': b'byte-compiling /home/ob/openbots_ws/src/dreamer_SPOT_implementation/informed-dreamer/install/dreamerv3/lib/python3.10/site-packages/dreamerv3/embodied/core/batch.py to batch.cpython-310.pyc\n'}
[2.211368] (dreamerv3) StdoutLine: {'line': b'byte-compiling /home/ob/openbots_ws/src/dreamer_SPOT_implementation/informed-dreamer/install/dreamerv3/lib/python3.10/site-packages/dreamerv3/agent.py to agent.cpython-310.pyc\n'}
[2.220444] (dreamerv3) StdoutLine: {'line': b'byte-compiling /home/ob/openbots_ws/src/dreamer_SPOT_implementation/informed-dreamer/install/dreamerv3/lib/python3.10/site-packages/dreamerv3/behaviors.py to behaviors.cpython-310.pyc\n'}
[2.222279] (dreamerv3) StdoutLine: {'line': b'byte-compiling /home/ob/openbots_ws/src/dreamer_SPOT_implementation/informed-dreamer/install/dreamerv3/lib/python3.10/site-packages/dreamerv3/train_online.py to train_online.cpython-310.pyc\n'}
[2.226251] (dreamerv3) StdoutLine: {'line': b'byte-compiling /home/ob/openbots_ws/src/dreamer_SPOT_implementation/informed-dreamer/install/dreamerv3/lib/python3.10/site-packages/dreamerv3/__init__.py to __init__.cpython-310.pyc\n'}
[2.227109] (dreamerv3) StdoutLine: {'line': b'byte-compiling /home/ob/openbots_ws/src/dreamer_SPOT_implementation/informed-dreamer/install/dreamerv3/lib/python3.10/site-packages/dreamerv3/expl.py to expl.cpython-310.pyc\n'}
[2.228462] (dreamerv3) StdoutLine: {'line': b'byte-compiling /home/ob/openbots_ws/src/dreamer_SPOT_implementation/informed-dreamer/install/dreamerv3/lib/python3.10/site-packages/dreamerv3/jaxagent.py to jaxagent.cpython-310.pyc\n'}
[2.236401] (dreamerv3) StdoutLine: {'line': b'byte-compiling /home/ob/openbots_ws/src/dreamer_SPOT_implementation/informed-dreamer/install/dreamerv3/lib/python3.10/site-packages/dreamerv3/jaxutils.py to jaxutils.cpython-310.pyc\n'}
[2.246919] (dreamerv3) StdoutLine: {'line': b'byte-compiling /home/ob/openbots_ws/src/dreamer_SPOT_implementation/informed-dreamer/install/dreamerv3/lib/python3.10/site-packages/dreamerv3/ninjax.py to ninjax.cpython-310.pyc\n'}
[2.254278] (dreamerv3) StdoutLine: {'line': b'byte-compiling /home/ob/openbots_ws/src/dreamer_SPOT_implementation/informed-dreamer/install/dreamerv3/lib/python3.10/site-packages/dreamerv3/train.py to train.cpython-310.pyc\n'}
[2.257153] (dreamerv3) StdoutLine: {'line': b'running install_egg_info\n'}
[2.261493] (dreamerv3) StdoutLine: {'line': b'Copying build/dreamerv3/dreamerv3.egg-info to /home/ob/openbots_ws/src/dreamer_SPOT_implementation/informed-dreamer/install/dreamerv3/lib/python3.10/site-packages/dreamerv3-1.5.0-py3.10.egg-info\n'}
[2.263108] (dreamerv3) StdoutLine: {'line': b'running install_scripts\n'}
[2.300708] (dreamerv3) StdoutLine: {'line': b"writing list of installed files to '/home/ob/openbots_ws/src/dreamer_SPOT_implementation/informed-dreamer/build/dreamerv3/install.log'\n"}
[2.305792] (-) TimerEvent: {}
[2.338590] (dreamerv3) CommandEnded: {'returncode': 0}
[2.359743] (dreamerv3) JobEnded: {'identifier': 'dreamerv3', 'rc': 0}
[2.360775] (-) EventReactorShutdown: {}
