[0.245s] DEBUG:colcon:Command line arguments: ['/usr/bin/colcon', 'build']
[0.246s] DEBUG:colcon:Parsed command line arguments: Namespace(log_base=None, log_level=None, verb_name='build', build_base='build', install_base='install', merge_install=False, symlink_install=False, test_result_base=None, continue_on_error=False, executor='parallel', parallel_workers=8, event_handlers=None, ignore_user_meta=False, metas=['./colcon.meta'], base_paths=['.'], packages_ignore=None, packages_ignore_regex=None, paths=None, packages_up_to=None, packages_up_to_regex=None, packages_above=None, packages_above_and_dependencies=None, packages_above_depth=None, packages_select_by_dep=None, packages_skip_by_dep=None, packages_skip_up_to=None, packages_select_build_failed=False, packages_skip_build_finished=False, packages_select_test_failures=False, packages_skip_test_passed=False, packages_select=None, packages_skip=None, packages_select_regex=None, packages_skip_regex=None, packages_start=None, packages_end=None, cmake_args=None, cmake_target=None, cmake_target_skip_unavailable=False, cmake_clean_cache=False, cmake_clean_first=False, cmake_force_configure=False, ament_cmake_args=None, catkin_cmake_args=None, catkin_skip_building_tests=False, mixin_files=None, mixin=None, verb_parser=<colcon_mixin.mixin.mixin_argument.MixinArgumentDecorator object at 0x7899f46426b0>, verb_extension=<colcon_core.verb.build.BuildVerb object at 0x7899f4642020>, main=<bound method BuildVerb.main of <colcon_core.verb.build.BuildVerb object at 0x7899f4642020>>, mixin_verb=('build',))
[0.710s] Level 1:colcon.colcon_core.package_discovery:discover_packages(colcon_meta) check parameters
[0.710s] Level 1:colcon.colcon_core.package_discovery:discover_packages(recursive) check parameters
[0.710s] Level 1:colcon.colcon_core.package_discovery:discover_packages(ignore) check parameters
[0.710s] Level 1:colcon.colcon_core.package_discovery:discover_packages(path) check parameters
[0.710s] Level 1:colcon.colcon_core.package_discovery:discover_packages(colcon_meta) discover
[0.711s] Level 1:colcon.colcon_core.package_discovery:discover_packages(recursive) discover
[0.711s] INFO:colcon.colcon_core.package_discovery:Crawling recursively for packages in '/home/ob/openbots_ws/src/dreamer_SPOT_implementation/informed-dreamer'
[0.711s] Level 1:colcon.colcon_core.package_identification:_identify(.) by extensions ['ignore', 'ignore_ament_install']
[0.711s] Level 1:colcon.colcon_core.package_identification:_identify(.) by extension 'ignore'
[0.711s] Level 1:colcon.colcon_core.package_identification:_identify(.) by extension 'ignore_ament_install'
[0.711s] Level 1:colcon.colcon_core.package_identification:_identify(.) by extensions ['colcon_pkg']
[0.712s] Level 1:colcon.colcon_core.package_identification:_identify(.) by extension 'colcon_pkg'
[0.712s] Level 1:colcon.colcon_core.package_identification:_identify(.) by extensions ['colcon_meta']
[0.712s] Level 1:colcon.colcon_core.package_identification:_identify(.) by extension 'colcon_meta'
[0.712s] Level 1:colcon.colcon_core.package_identification:_identify(.) by extensions ['ros']
[0.712s] Level 1:colcon.colcon_core.package_identification:_identify(.) by extension 'ros'
[0.753s] Level 1:colcon.colcon_core.package_identification:_identify(.) by extensions ['cmake', 'python']
[0.753s] Level 1:colcon.colcon_core.package_identification:_identify(.) by extension 'cmake'
[0.753s] Level 1:colcon.colcon_core.package_identification:_identify(.) by extension 'python'
[0.754s] Level 1:colcon.colcon_core.package_identification:_identify(.) by extensions ['python_setup_py']
[0.754s] Level 1:colcon.colcon_core.package_identification:_identify(.) by extension 'python_setup_py'
[1.698s] DEBUG:colcon.colcon_core.package_identification:Package '.' with type 'python' and name 'dreamerv3'
[1.698s] Level 1:colcon.colcon_core.package_discovery:discover_packages(recursive) using defaults
[1.698s] Level 1:colcon.colcon_core.package_discovery:discover_packages(ignore) discover
[1.698s] Level 1:colcon.colcon_core.package_discovery:discover_packages(ignore) using defaults
[1.698s] Level 1:colcon.colcon_core.package_discovery:discover_packages(path) discover
[1.698s] Level 1:colcon.colcon_core.package_discovery:discover_packages(path) using defaults
[1.739s] Level 5:colcon.colcon_core.verb:set package 'dreamerv3' build argument 'cmake_args' from command line to 'None'
[1.739s] Level 5:colcon.colcon_core.verb:set package 'dreamerv3' build argument 'cmake_target' from command line to 'None'
[1.739s] Level 5:colcon.colcon_core.verb:set package 'dreamerv3' build argument 'cmake_target_skip_unavailable' from command line to 'False'
[1.739s] Level 5:colcon.colcon_core.verb:set package 'dreamerv3' build argument 'cmake_clean_cache' from command line to 'False'
[1.739s] Level 5:colcon.colcon_core.verb:set package 'dreamerv3' build argument 'cmake_clean_first' from command line to 'False'
[1.739s] Level 5:colcon.colcon_core.verb:set package 'dreamerv3' build argument 'cmake_force_configure' from command line to 'False'
[1.739s] Level 5:colcon.colcon_core.verb:set package 'dreamerv3' build argument 'ament_cmake_args' from command line to 'None'
[1.739s] Level 5:colcon.colcon_core.verb:set package 'dreamerv3' build argument 'catkin_cmake_args' from command line to 'None'
[1.739s] Level 5:colcon.colcon_core.verb:set package 'dreamerv3' build argument 'catkin_skip_building_tests' from command line to 'False'
[1.739s] DEBUG:colcon.colcon_core.verb:Building package 'dreamerv3' with the following arguments: {'ament_cmake_args': None, 'build_base': '/home/ob/openbots_ws/src/dreamer_SPOT_implementation/informed-dreamer/build/dreamerv3', 'catkin_cmake_args': None, 'catkin_skip_building_tests': False, 'cmake_args': None, 'cmake_clean_cache': False, 'cmake_clean_first': False, 'cmake_force_configure': False, 'cmake_target': None, 'cmake_target_skip_unavailable': False, 'install_base': '/home/ob/openbots_ws/src/dreamer_SPOT_implementation/informed-dreamer/install/dreamerv3', 'merge_install': False, 'path': '/home/ob/openbots_ws/src/dreamer_SPOT_implementation/informed-dreamer', 'symlink_install': False, 'test_result_base': None}
[1.739s] INFO:colcon.colcon_core.executor:Executing jobs using 'parallel' executor
[1.741s] DEBUG:colcon.colcon_parallel_executor.executor.parallel:run_until_complete
[1.741s] INFO:colcon.colcon_core.task.python.build:Building Python package in '/home/ob/openbots_ws/src/dreamer_SPOT_implementation/informed-dreamer'
[1.747s] INFO:colcon.colcon_core.plugin_system:Skipping extension 'colcon_core.shell.bat': Not used on non-Windows systems
[1.748s] INFO:colcon.colcon_core.shell:Skip shell extension 'powershell' for command environment: Not usable outside of PowerShell
[1.748s] DEBUG:colcon.colcon_core.shell:Skip shell extension 'dsv' for command environment
[3.138s] DEBUG:colcon.colcon_core.event_handler.log_command:Invoking command in '/home/ob/openbots_ws/src/dreamer_SPOT_implementation/informed-dreamer': PYTHONPATH=/home/ob/openbots_ws/src/dreamer_SPOT_implementation/informed-dreamer/build/dreamerv3/prefix_override:/usr/lib/python3/dist-packages/colcon_core/task/python/colcon_distutils_commands:/home/ob/openbots_ws/src/dreamer_SPOT_implementation/informed-dreamer/install/dreamerv3/lib/python3.10/site-packages:${PYTHONPATH} /usr/bin/python3 -W ignore:setup.py install is deprecated -W ignore:easy_install command is deprecated setup.py egg_info --egg-base build/dreamerv3 build --build-base /home/ob/openbots_ws/src/dreamer_SPOT_implementation/informed-dreamer/build/dreamerv3/build install --record /home/ob/openbots_ws/src/dreamer_SPOT_implementation/informed-dreamer/build/dreamerv3/install.log --single-version-externally-managed
[4.079s] DEBUG:colcon.colcon_core.event_handler.log_command:Invoked command in '/home/ob/openbots_ws/src/dreamer_SPOT_implementation/informed-dreamer' returned '0': PYTHONPATH=/home/ob/openbots_ws/src/dreamer_SPOT_implementation/informed-dreamer/build/dreamerv3/prefix_override:/usr/lib/python3/dist-packages/colcon_core/task/python/colcon_distutils_commands:/home/ob/openbots_ws/src/dreamer_SPOT_implementation/informed-dreamer/install/dreamerv3/lib/python3.10/site-packages:${PYTHONPATH} /usr/bin/python3 -W ignore:setup.py install is deprecated -W ignore:easy_install command is deprecated setup.py egg_info --egg-base build/dreamerv3 build --build-base /home/ob/openbots_ws/src/dreamer_SPOT_implementation/informed-dreamer/build/dreamerv3/build install --record /home/ob/openbots_ws/src/dreamer_SPOT_implementation/informed-dreamer/build/dreamerv3/install.log --single-version-externally-managed
[4.086s] Level 1:colcon.colcon_core.environment:checking '/home/ob/openbots_ws/src/dreamer_SPOT_implementation/informed-dreamer/install/dreamerv3' for CMake module files
[4.087s] Level 1:colcon.colcon_core.environment:checking '/home/ob/openbots_ws/src/dreamer_SPOT_implementation/informed-dreamer/install/dreamerv3' for CMake config files
[4.089s] Level 1:colcon.colcon_core.environment:checking '/home/ob/openbots_ws/src/dreamer_SPOT_implementation/informed-dreamer/install/dreamerv3/lib'
[4.089s] Level 1:colcon.colcon_core.environment:checking '/home/ob/openbots_ws/src/dreamer_SPOT_implementation/informed-dreamer/install/dreamerv3/bin'
[4.089s] Level 1:colcon.colcon_core.environment:checking '/home/ob/openbots_ws/src/dreamer_SPOT_implementation/informed-dreamer/install/dreamerv3/lib/pkgconfig/dreamerv3.pc'
[4.090s] Level 1:colcon.colcon_core.environment:checking '/home/ob/openbots_ws/src/dreamer_SPOT_implementation/informed-dreamer/install/dreamerv3/lib/python3.10/site-packages'
[4.090s] Level 1:colcon.colcon_core.shell:create_environment_hook('dreamerv3', 'pythonpath')
[4.090s] INFO:colcon.colcon_core.shell:Creating environment hook '/home/ob/openbots_ws/src/dreamer_SPOT_implementation/informed-dreamer/install/dreamerv3/share/dreamerv3/hook/pythonpath.ps1'
[4.091s] INFO:colcon.colcon_core.shell:Creating environment descriptor '/home/ob/openbots_ws/src/dreamer_SPOT_implementation/informed-dreamer/install/dreamerv3/share/dreamerv3/hook/pythonpath.dsv'
[4.092s] INFO:colcon.colcon_core.shell:Creating environment hook '/home/ob/openbots_ws/src/dreamer_SPOT_implementation/informed-dreamer/install/dreamerv3/share/dreamerv3/hook/pythonpath.sh'
[4.093s] Level 1:colcon.colcon_core.environment:checking '/home/ob/openbots_ws/src/dreamer_SPOT_implementation/informed-dreamer/install/dreamerv3/bin'
[4.093s] Level 1:colcon.colcon_core.environment:create_environment_scripts_only(dreamerv3)
[4.094s] INFO:colcon.colcon_core.shell:Creating package script '/home/ob/openbots_ws/src/dreamer_SPOT_implementation/informed-dreamer/install/dreamerv3/share/dreamerv3/package.ps1'
[4.096s] INFO:colcon.colcon_core.shell:Creating package descriptor '/home/ob/openbots_ws/src/dreamer_SPOT_implementation/informed-dreamer/install/dreamerv3/share/dreamerv3/package.dsv'
[4.096s] INFO:colcon.colcon_core.shell:Creating package script '/home/ob/openbots_ws/src/dreamer_SPOT_implementation/informed-dreamer/install/dreamerv3/share/dreamerv3/package.sh'
[4.097s] INFO:colcon.colcon_core.shell:Creating package script '/home/ob/openbots_ws/src/dreamer_SPOT_implementation/informed-dreamer/install/dreamerv3/share/dreamerv3/package.bash'
[4.099s] INFO:colcon.colcon_core.shell:Creating package script '/home/ob/openbots_ws/src/dreamer_SPOT_implementation/informed-dreamer/install/dreamerv3/share/dreamerv3/package.zsh'
[4.100s] Level 1:colcon.colcon_core.environment:create_file_with_runtime_dependencies(/home/ob/openbots_ws/src/dreamer_SPOT_implementation/informed-dreamer/install/dreamerv3/share/colcon-core/packages/dreamerv3)
[4.100s] DEBUG:colcon.colcon_parallel_executor.executor.parallel:closing loop
[4.100s] DEBUG:colcon.colcon_parallel_executor.executor.parallel:loop closed
[4.100s] DEBUG:colcon.colcon_parallel_executor.executor.parallel:run_until_complete finished with '0'
[4.101s] DEBUG:colcon.colcon_core.event_reactor:joining thread
[4.115s] INFO:colcon.colcon_core.plugin_system:Skipping extension 'colcon_notification.desktop_notification.notify_send': Could not find 'notify-send'
[4.115s] INFO:colcon.colcon_core.plugin_system:Skipping extension 'colcon_notification.desktop_notification.terminal_notifier': Not used on non-Darwin systems
[4.115s] INFO:colcon.colcon_core.plugin_system:Skipping extension 'colcon_notification.desktop_notification.win32': Not used on non-Windows systems
[4.115s] INFO:colcon.colcon_notification.desktop_notification:Sending desktop notification using 'notify2'
[4.116s] DEBUG:colcon.colcon_notification.desktop_notification.notify2:Failed to initialize notify2: org.freedesktop.DBus.Error.NotSupported: Unable to autolaunch a dbus-daemon without a $DISPLAY for X11
[4.116s] DEBUG:colcon.colcon_core.event_reactor:joined thread
[4.116s] INFO:colcon.colcon_core.shell:Creating prefix script '/home/ob/openbots_ws/src/dreamer_SPOT_implementation/informed-dreamer/install/local_setup.ps1'
[4.118s] INFO:colcon.colcon_core.shell:Creating prefix util module '/home/ob/openbots_ws/src/dreamer_SPOT_implementation/informed-dreamer/install/_local_setup_util_ps1.py'
[4.121s] INFO:colcon.colcon_core.shell:Creating prefix chain script '/home/ob/openbots_ws/src/dreamer_SPOT_implementation/informed-dreamer/install/setup.ps1'
[4.126s] INFO:colcon.colcon_core.shell:Creating prefix script '/home/ob/openbots_ws/src/dreamer_SPOT_implementation/informed-dreamer/install/local_setup.sh'
[4.127s] INFO:colcon.colcon_core.shell:Creating prefix util module '/home/ob/openbots_ws/src/dreamer_SPOT_implementation/informed-dreamer/install/_local_setup_util_sh.py'
[4.129s] INFO:colcon.colcon_core.shell:Creating prefix chain script '/home/ob/openbots_ws/src/dreamer_SPOT_implementation/informed-dreamer/install/setup.sh'
[4.137s] INFO:colcon.colcon_core.shell:Creating prefix script '/home/ob/openbots_ws/src/dreamer_SPOT_implementation/informed-dreamer/install/local_setup.bash'
[4.140s] INFO:colcon.colcon_core.shell:Creating prefix chain script '/home/ob/openbots_ws/src/dreamer_SPOT_implementation/informed-dreamer/install/setup.bash'
[4.151s] INFO:colcon.colcon_core.shell:Creating prefix script '/home/ob/openbots_ws/src/dreamer_SPOT_implementation/informed-dreamer/install/local_setup.zsh'
[4.154s] INFO:colcon.colcon_core.shell:Creating prefix chain script '/home/ob/openbots_ws/src/dreamer_SPOT_implementation/informed-dreamer/install/setup.zsh'
