package init file 'online_runs/__init__.py' not found (or not a regular file)
package init file 'install/__init__.py' not found (or not a regular file)
package init file 'build/__init__.py' not found (or not a regular file)
package init file 'scores/__init__.py' not found (or not a regular file)
package init file 'log/__init__.py' not found (or not a regular file)
package init file 'processed_data_NoObs_with_rewards/__init__.py' not found (or not a regular file)
package init file 'processed_data/__init__.py' not found (or not a regular file)
package init file 'online_runs/frozen/__init__.py' not found (or not a regular file)
package init file 'online_runs/frozen/replay/__init__.py' not found (or not a regular file)
package init file 'install/dreamerv3/__init__.py' not found (or not a regular file)
package init file 'install/dreamerv3/lib/__init__.py' not found (or not a regular file)
package init file 'build/dreamerv3/__init__.py' not found (or not a regular file)
package init file 'build/dreamerv3/prefix_override/__init__.py' not found (or not a regular file)
package init file 'scores/data/__init__.py' not found (or not a regular file)
package init file 'log/latest/__init__.py' not found (or not a regular file)
package init file 'log/build_2026-04-21_11-02-49/__init__.py' not found (or not a regular file)
package init file 'log/latest_build/__init__.py' not found (or not a regular file)
package init file 'log/latest/dreamerv3/__init__.py' not found (or not a regular file)
package init file 'log/build_2026-04-21_11-02-49/dreamerv3/__init__.py' not found (or not a regular file)
package init file 'log/latest_build/dreamerv3/__init__.py' not found (or not a regular file)
package init file 'dreamerv3/embodied/envs/__init__.py' not found (or not a regular file)
package init file 'dreamerv3/embodied/scripts/__init__.py' not found (or not a regular file)
