running egg_info
creating build/dreamerv3/dreamerv3.egg-info
writing build/dreamerv3/dreamerv3.egg-info/PKG-INFO
writing dependency_links to build/dreamerv3/dreamerv3.egg-info/dependency_links.txt
writing requirements to build/dreamerv3/dreamerv3.egg-info/requires.txt
writing top-level names to build/dreamerv3/dreamerv3.egg-info/top_level.txt
writing manifest file 'build/dreamerv3/dreamerv3.egg-info/SOURCES.txt'
package init file 'online_runs/__init__.py' not found (or not a regular file)
package init file 'install/__init__.py' not found (or not a regular file)
package init file 'build/__init__.py' not found (or not a regular file)
package init file 'scores/__init__.py' not found (or not a regular file)
package init file 'log/__init__.py' not found (or not a regular file)
package init file 'processed_data_NoObs_with_rewards/__init__.py' not found (or not a regular file)
package init file 'processed_data/__init__.py' not found (or not a regular file)
package init file 'online_runs/frozen/__init__.py' not found (or not a regular file)
package init file 'online_runs/frozen/replay/__init__.py' not found (or not a regular file)
package init file 'install/dreamerv3/__init__.py' not found (or not a regular file)
package init file 'install/dreamerv3/lib/__init__.py' not found (or not a regular file)
package init file 'build/dreamerv3/__init__.py' not found (or not a regular file)
package init file 'build/dreamerv3/prefix_override/__init__.py' not found (or not a regular file)
package init file 'scores/data/__init__.py' not found (or not a regular file)
package init file 'log/latest/__init__.py' not found (or not a regular file)
package init file 'log/build_2026-04-21_11-02-49/__init__.py' not found (or not a regular file)
package init file 'log/latest_build/__init__.py' not found (or not a regular file)
package init file 'log/latest/dreamerv3/__init__.py' not found (or not a regular file)
package init file 'log/build_2026-04-21_11-02-49/dreamerv3/__init__.py' not found (or not a regular file)
package init file 'log/latest_build/dreamerv3/__init__.py' not found (or not a regular file)
package init file 'dreamerv3/embodied/envs/__init__.py' not found (or not a regular file)
package init file 'dreamerv3/embodied/scripts/__init__.py' not found (or not a regular file)
reading manifest file 'build/dreamerv3/dreamerv3.egg-info/SOURCES.txt'
reading manifest template 'MANIFEST.in'
adding license file 'LICENSE'
writing manifest file 'build/dreamerv3/dreamerv3.egg-info/SOURCES.txt'
running build
running build_py
creating /home/ob/openbots_ws/src/dreamer_SPOT_implementation/informed-dreamer/build/dreamerv3/build
creating /home/ob/openbots_ws/src/dreamer_SPOT_implementation/informed-dreamer/build/dreamerv3/build/lib
creating /home/ob/openbots_ws/src/dreamer_SPOT_implementation/informed-dreamer/build/dreamerv3/build/lib/scores
copying scores/plot.py -> /home/ob/openbots_ws/src/dreamer_SPOT_implementation/informed-dreamer/build/dreamerv3/build/lib/scores
copying scores/view.py -> /home/ob/openbots_ws/src/dreamer_SPOT_implementation/informed-dreamer/build/dreamerv3/build/lib/scores
copying scores/clean.py -> /home/ob/openbots_ws/src/dreamer_SPOT_implementation/informed-dreamer/build/dreamerv3/build/lib/scores
creating /home/ob/openbots_ws/src/dreamer_SPOT_implementation/informed-dreamer/build/dreamerv3/build/lib/dreamerv3
copying dreamerv3/nets.py -> /home/ob/openbots_ws/src/dreamer_SPOT_implementation/informed-dreamer/build/dreamerv3/build/lib/dreamerv3
copying dreamerv3/agent.py -> /home/ob/openbots_ws/src/dreamer_SPOT_implementation/informed-dreamer/build/dreamerv3/build/lib/dreamerv3
copying dreamerv3/behaviors.py -> /home/ob/openbots_ws/src/dreamer_SPOT_implementation/informed-dreamer/build/dreamerv3/build/lib/dreamerv3
copying dreamerv3/train_online.py -> /home/ob/openbots_ws/src/dreamer_SPOT_implementation/informed-dreamer/build/dreamerv3/build/lib/dreamerv3
copying dreamerv3/__init__.py -> /home/ob/openbots_ws/src/dreamer_SPOT_implementation/informed-dreamer/build/dreamerv3/build/lib/dreamerv3
copying dreamerv3/expl.py -> /home/ob/openbots_ws/src/dreamer_SPOT_implementation/informed-dreamer/build/dreamerv3/build/lib/dreamerv3
copying dreamerv3/jaxagent.py -> /home/ob/openbots_ws/src/dreamer_SPOT_implementation/informed-dreamer/build/dreamerv3/build/lib/dreamerv3
copying dreamerv3/jaxutils.py -> /home/ob/openbots_ws/src/dreamer_SPOT_implementation/informed-dreamer/build/dreamerv3/build/lib/dreamerv3
copying dreamerv3/ninjax.py -> /home/ob/openbots_ws/src/dreamer_SPOT_implementation/informed-dreamer/build/dreamerv3/build/lib/dreamerv3
copying dreamerv3/train.py -> /home/ob/openbots_ws/src/dreamer_SPOT_implementation/informed-dreamer/build/dreamerv3/build/lib/dreamerv3
creating /home/ob/openbots_ws/src/dreamer_SPOT_implementation/informed-dreamer/build/dreamerv3/build/lib/build
creating /home/ob/openbots_ws/src/dreamer_SPOT_implementation/informed-dreamer/build/dreamerv3/build/lib/build/dreamerv3
creating /home/ob/openbots_ws/src/dreamer_SPOT_implementation/informed-dreamer/build/dreamerv3/build/lib/build/dreamerv3/prefix_override
copying build/dreamerv3/prefix_override/sitecustomize.py -> /home/ob/openbots_ws/src/dreamer_SPOT_implementation/informed-dreamer/build/dreamerv3/build/lib/build/dreamerv3/prefix_override
creating /home/ob/openbots_ws/src/dreamer_SPOT_implementation/informed-dreamer/build/dreamerv3/build/lib/dreamerv3/embodied
copying dreamerv3/embodied/__init__.py -> /home/ob/openbots_ws/src/dreamer_SPOT_implementation/informed-dreamer/build/dreamerv3/build/lib/dreamerv3/embodied
creating /home/ob/openbots_ws/src/dreamer_SPOT_implementation/informed-dreamer/build/dreamerv3/build/lib/dreamerv3/embodied/envs
copying dreamerv3/embodied/envs/dummy.py -> /home/ob/openbots_ws/src/dreamer_SPOT_implementation/informed-dreamer/build/dreamerv3/build/lib/dreamerv3/embodied/envs
copying dreamerv3/embodied/envs/dmc.py -> /home/ob/openbots_ws/src/dreamer_SPOT_implementation/informed-dreamer/build/dreamerv3/build/lib/dreamerv3/embodied/envs
copying dreamerv3/embodied/envs/minecraft_minerl.py -> /home/ob/openbots_ws/src/dreamer_SPOT_implementation/informed-dreamer/build/dreamerv3/build/lib/dreamerv3/embodied/envs
copying dreamerv3/embodied/envs/pinpad.py -> /home/ob/openbots_ws/src/dreamer_SPOT_implementation/informed-dreamer/build/dreamerv3/build/lib/dreamerv3/embodied/envs
copying dreamerv3/embodied/envs/spot.py -> /home/ob/openbots_ws/src/dreamer_SPOT_implementation/informed-dreamer/build/dreamerv3/build/lib/dreamerv3/embodied/envs
copying dreamerv3/embodied/envs/crafter.py -> /home/ob/openbots_ws/src/dreamer_SPOT_implementation/informed-dreamer/build/dreamerv3/build/lib/dreamerv3/embodied/envs
copying dreamerv3/embodied/envs/loconav_quadruped.py -> /home/ob/openbots_ws/src/dreamer_SPOT_implementation/informed-dreamer/build/dreamerv3/build/lib/dreamerv3/embodied/envs
copying dreamerv3/embodied/envs/dmlab.py -> /home/ob/openbots_ws/src/dreamer_SPOT_implementation/informed-dreamer/build/dreamerv3/build/lib/dreamerv3/embodied/envs
copying dreamerv3/embodied/envs/robodesk.py -> /home/ob/openbots_ws/src/dreamer_SPOT_implementation/informed-dreamer/build/dreamerv3/build/lib/dreamerv3/embodied/envs
copying dreamerv3/embodied/envs/from_gym.py -> /home/ob/openbots_ws/src/dreamer_SPOT_implementation/informed-dreamer/build/dreamerv3/build/lib/dreamerv3/embodied/envs
copying dreamerv3/embodied/envs/minecraft.py -> /home/ob/openbots_ws/src/dreamer_SPOT_implementation/informed-dreamer/build/dreamerv3/build/lib/dreamerv3/embodied/envs
copying dreamerv3/embodied/envs/from_dm.py -> /home/ob/openbots_ws/src/dreamer_SPOT_implementation/informed-dreamer/build/dreamerv3/build/lib/dreamerv3/embodied/envs
copying dreamerv3/embodied/envs/spot_live.py -> /home/ob/openbots_ws/src/dreamer_SPOT_implementation/informed-dreamer/build/dreamerv3/build/lib/dreamerv3/embodied/envs
copying dreamerv3/embodied/envs/loconav.py -> /home/ob/openbots_ws/src/dreamer_SPOT_implementation/informed-dreamer/build/dreamerv3/build/lib/dreamerv3/embodied/envs
copying dreamerv3/embodied/envs/atari.py -> /home/ob/openbots_ws/src/dreamer_SPOT_implementation/informed-dreamer/build/dreamerv3/build/lib/dreamerv3/embodied/envs
copying dreamerv3/embodied/envs/hike.py -> /home/ob/openbots_ws/src/dreamer_SPOT_implementation/informed-dreamer/build/dreamerv3/build/lib/dreamerv3/embodied/envs
copying dreamerv3/embodied/envs/minecraft_base.py -> /home/ob/openbots_ws/src/dreamer_SPOT_implementation/informed-dreamer/build/dreamerv3/build/lib/dreamerv3/embodied/envs
creating /home/ob/openbots_ws/src/dreamer_SPOT_implementation/informed-dreamer/build/dreamerv3/build/lib/dreamerv3/embodied/replay
copying dreamerv3/embodied/replay/limiters.py -> /home/ob/openbots_ws/src/dreamer_SPOT_implementation/informed-dreamer/build/dreamerv3/build/lib/dreamerv3/embodied/replay
copying dreamerv3/embodied/replay/replays.py -> /home/ob/openbots_ws/src/dreamer_SPOT_implementation/informed-dreamer/build/dreamerv3/build/lib/dreamerv3/embodied/replay
copying dreamerv3/embodied/replay/saver.py -> /home/ob/openbots_ws/src/dreamer_SPOT_implementation/informed-dreamer/build/dreamerv3/build/lib/dreamerv3/embodied/replay
copying dreamerv3/embodied/replay/chunk.py -> /home/ob/openbots_ws/src/dreamer_SPOT_implementation/informed-dreamer/build/dreamerv3/build/lib/dreamerv3/embodied/replay
copying dreamerv3/embodied/replay/__init__.py -> /home/ob/openbots_ws/src/dreamer_SPOT_implementation/informed-dreamer/build/dreamerv3/build/lib/dreamerv3/embodied/replay
copying dreamerv3/embodied/replay/reverb.py -> /home/ob/openbots_ws/src/dreamer_SPOT_implementation/informed-dreamer/build/dreamerv3/build/lib/dreamerv3/embodied/replay
copying dreamerv3/embodied/replay/naive_chunks.py -> /home/ob/openbots_ws/src/dreamer_SPOT_implementation/informed-dreamer/build/dreamerv3/build/lib/dreamerv3/embodied/replay
copying dreamerv3/embodied/replay/generic.py -> /home/ob/openbots_ws/src/dreamer_SPOT_implementation/informed-dreamer/build/dreamerv3/build/lib/dreamerv3/embodied/replay
copying dreamerv3/embodied/replay/selectors.py -> /home/ob/openbots_ws/src/dreamer_SPOT_implementation/informed-dreamer/build/dreamerv3/build/lib/dreamerv3/embodied/replay
creating /home/ob/openbots_ws/src/dreamer_SPOT_implementation/informed-dreamer/build/dreamerv3/build/lib/dreamerv3/embodied/run
copying dreamerv3/embodied/run/train_holdout.py -> /home/ob/openbots_ws/src/dreamer_SPOT_implementation/informed-dreamer/build/dreamerv3/build/lib/dreamerv3/embodied/run
copying dreamerv3/embodied/run/train_eval.py -> /home/ob/openbots_ws/src/dreamer_SPOT_implementation/informed-dreamer/build/dreamerv3/build/lib/dreamerv3/embodied/run
copying dreamerv3/embodied/run/train_offline.py -> /home/ob/openbots_ws/src/dreamer_SPOT_implementation/informed-dreamer/build/dreamerv3/build/lib/dreamerv3/embodied/run
copying dreamerv3/embodied/run/__init__.py -> /home/ob/openbots_ws/src/dreamer_SPOT_implementation/informed-dreamer/build/dreamerv3/build/lib/dreamerv3/embodied/run
copying dreamerv3/embodied/run/train_save.py -> /home/ob/openbots_ws/src/dreamer_SPOT_implementation/informed-dreamer/build/dreamerv3/build/lib/dreamerv3/embodied/run
copying dreamerv3/embodied/run/parallel.py -> /home/ob/openbots_ws/src/dreamer_SPOT_implementation/informed-dreamer/build/dreamerv3/build/lib/dreamerv3/embodied/run
copying dreamerv3/embodied/run/eval_only.py -> /home/ob/openbots_ws/src/dreamer_SPOT_implementation/informed-dreamer/build/dreamerv3/build/lib/dreamerv3/embodied/run
copying dreamerv3/embodied/run/train.py -> /home/ob/openbots_ws/src/dreamer_SPOT_implementation/informed-dreamer/build/dreamerv3/build/lib/dreamerv3/embodied/run
creating /home/ob/openbots_ws/src/dreamer_SPOT_implementation/informed-dreamer/build/dreamerv3/build/lib/dreamerv3/embodied/scripts
copying dreamerv3/embodied/scripts/plot.py -> /home/ob/openbots_ws/src/dreamer_SPOT_implementation/informed-dreamer/build/dreamerv3/build/lib/dreamerv3/embodied/scripts
creating /home/ob/openbots_ws/src/dreamer_SPOT_implementation/informed-dreamer/build/dreamerv3/build/lib/dreamerv3/embodied/core
copying dreamerv3/embodied/core/random.py -> /home/ob/openbots_ws/src/dreamer_SPOT_implementation/informed-dreamer/build/dreamerv3/build/lib/dreamerv3/embodied/core
copying dreamerv3/embodied/core/space.py -> /home/ob/openbots_ws/src/dreamer_SPOT_implementation/informed-dreamer/build/dreamerv3/build/lib/dreamerv3/embodied/core
copying dreamerv3/embodied/core/uuid.py -> /home/ob/openbots_ws/src/dreamer_SPOT_implementation/informed-dreamer/build/dreamerv3/build/lib/dreamerv3/embodied/core
copying dreamerv3/embodied/core/when.py -> /home/ob/openbots_ws/src/dreamer_SPOT_implementation/informed-dreamer/build/dreamerv3/build/lib/dreamerv3/embodied/core
copying dreamerv3/embodied/core/basics.py -> /home/ob/openbots_ws/src/dreamer_SPOT_implementation/informed-dreamer/build/dreamerv3/build/lib/dreamerv3/embodied/core
copying dreamerv3/embodied/core/flags.py -> /home/ob/openbots_ws/src/dreamer_SPOT_implementation/informed-dreamer/build/dreamerv3/build/lib/dreamerv3/embodied/core
copying dreamerv3/embodied/core/batcher.py -> /home/ob/openbots_ws/src/dreamer_SPOT_implementation/informed-dreamer/build/dreamerv3/build/lib/dreamerv3/embodied/core
copying dreamerv3/embodied/core/base.py -> /home/ob/openbots_ws/src/dreamer_SPOT_implementation/informed-dreamer/build/dreamerv3/build/lib/dreamerv3/embodied/core
copying dreamerv3/embodied/core/driver.py -> /home/ob/openbots_ws/src/dreamer_SPOT_implementation/informed-dreamer/build/dreamerv3/build/lib/dreamerv3/embodied/core
copying dreamerv3/embodied/core/timer.py -> /home/ob/openbots_ws/src/dreamer_SPOT_implementation/informed-dreamer/build/dreamerv3/build/lib/dreamerv3/embodied/core
copying dreamerv3/embodied/core/distr.py -> /home/ob/openbots_ws/src/dreamer_SPOT_implementation/informed-dreamer/build/dreamerv3/build/lib/dreamerv3/embodied/core
copying dreamerv3/embodied/core/logger.py -> /home/ob/openbots_ws/src/dreamer_SPOT_implementation/informed-dreamer/build/dreamerv3/build/lib/dreamerv3/embodied/core
copying dreamerv3/embodied/core/worker.py -> /home/ob/openbots_ws/src/dreamer_SPOT_implementation/informed-dreamer/build/dreamerv3/build/lib/dreamerv3/embodied/core
copying dreamerv3/embodied/core/__init__.py -> /home/ob/openbots_ws/src/dreamer_SPOT_implementation/informed-dreamer/build/dreamerv3/build/lib/dreamerv3/embodied/core
copying dreamerv3/embodied/core/counter.py -> /home/ob/openbots_ws/src/dreamer_SPOT_implementation/informed-dreamer/build/dreamerv3/build/lib/dreamerv3/embodied/core
copying dreamerv3/embodied/core/wrappers.py -> /home/ob/openbots_ws/src/dreamer_SPOT_implementation/informed-dreamer/build/dreamerv3/build/lib/dreamerv3/embodied/core
copying dreamerv3/embodied/core/checkpoint.py -> /home/ob/openbots_ws/src/dreamer_SPOT_implementation/informed-dreamer/build/dreamerv3/build/lib/dreamerv3/embodied/core
copying dreamerv3/embodied/core/config.py -> /home/ob/openbots_ws/src/dreamer_SPOT_implementation/informed-dreamer/build/dreamerv3/build/lib/dreamerv3/embodied/core
copying dreamerv3/embodied/core/parallel.py -> /home/ob/openbots_ws/src/dreamer_SPOT_implementation/informed-dreamer/build/dreamerv3/build/lib/dreamerv3/embodied/core
copying dreamerv3/embodied/core/metrics.py -> /home/ob/openbots_ws/src/dreamer_SPOT_implementation/informed-dreamer/build/dreamerv3/build/lib/dreamerv3/embodied/core
copying dreamerv3/embodied/core/path.py -> /home/ob/openbots_ws/src/dreamer_SPOT_implementation/informed-dreamer/build/dreamerv3/build/lib/dreamerv3/embodied/core
copying dreamerv3/embodied/core/batch.py -> /home/ob/openbots_ws/src/dreamer_SPOT_implementation/informed-dreamer/build/dreamerv3/build/lib/dreamerv3/embodied/core
creating /home/ob/openbots_ws/src/dreamer_SPOT_implementation/informed-dreamer/build/dreamerv3/build/lib/build/dreamerv3/dreamerv3.egg-info
copying build/dreamerv3/dreamerv3.egg-info/PKG-INFO -> /home/ob/openbots_ws/src/dreamer_SPOT_implementation/informed-dreamer/build/dreamerv3/build/lib/build/dreamerv3/dreamerv3.egg-info
copying build/dreamerv3/dreamerv3.egg-info/SOURCES.txt -> /home/ob/openbots_ws/src/dreamer_SPOT_implementation/informed-dreamer/build/dreamerv3/build/lib/build/dreamerv3/dreamerv3.egg-info
copying build/dreamerv3/dreamerv3.egg-info/dependency_links.txt -> /home/ob/openbots_ws/src/dreamer_SPOT_implementation/informed-dreamer/build/dreamerv3/build/lib/build/dreamerv3/dreamerv3.egg-info
copying build/dreamerv3/dreamerv3.egg-info/requires.txt -> /home/ob/openbots_ws/src/dreamer_SPOT_implementation/informed-dreamer/build/dreamerv3/build/lib/build/dreamerv3/dreamerv3.egg-info
copying build/dreamerv3/dreamerv3.egg-info/top_level.txt -> /home/ob/openbots_ws/src/dreamer_SPOT_implementation/informed-dreamer/build/dreamerv3/build/lib/build/dreamerv3/dreamerv3.egg-info
running install
running install_lib
creating /home/ob/openbots_ws/src/dreamer_SPOT_implementation/informed-dreamer/install/dreamerv3/lib/python3.10/site-packages/build
creating /home/ob/openbots_ws/src/dreamer_SPOT_implementation/informed-dreamer/install/dreamerv3/lib/python3.10/site-packages/build/dreamerv3
creating /home/ob/openbots_ws/src/dreamer_SPOT_implementation/informed-dreamer/install/dreamerv3/lib/python3.10/site-packages/build/dreamerv3/prefix_override
copying /home/ob/openbots_ws/src/dreamer_SPOT_implementation/informed-dreamer/build/dreamerv3/build/lib/build/dreamerv3/prefix_override/sitecustomize.py -> /home/ob/openbots_ws/src/dreamer_SPOT_implementation/informed-dreamer/install/dreamerv3/lib/python3.10/site-packages/build/dreamerv3/prefix_override
creating /home/ob/openbots_ws/src/dreamer_SPOT_implementation/informed-dreamer/install/dreamerv3/lib/python3.10/site-packages/build/dreamerv3/dreamerv3.egg-info
copying /home/ob/openbots_ws/src/dreamer_SPOT_implementation/informed-dreamer/build/dreamerv3/build/lib/build/dreamerv3/dreamerv3.egg-info/requires.txt -> /home/ob/openbots_ws/src/dreamer_SPOT_implementation/informed-dreamer/install/dreamerv3/lib/python3.10/site-packages/build/dreamerv3/dreamerv3.egg-info
copying /home/ob/openbots_ws/src/dreamer_SPOT_implementation/informed-dreamer/build/dreamerv3/build/lib/build/dreamerv3/dreamerv3.egg-info/SOURCES.txt -> /home/ob/openbots_ws/src/dreamer_SPOT_implementation/informed-dreamer/install/dreamerv3/lib/python3.10/site-packages/build/dreamerv3/dreamerv3.egg-info
copying /home/ob/openbots_ws/src/dreamer_SPOT_implementation/informed-dreamer/build/dreamerv3/build/lib/build/dreamerv3/dreamerv3.egg-info/PKG-INFO -> /home/ob/openbots_ws/src/dreamer_SPOT_implementation/informed-dreamer/install/dreamerv3/lib/python3.10/site-packages/build/dreamerv3/dreamerv3.egg-info
copying /home/ob/openbots_ws/src/dreamer_SPOT_implementation/informed-dreamer/build/dreamerv3/build/lib/build/dreamerv3/dreamerv3.egg-info/dependency_links.txt -> /home/ob/openbots_ws/src/dreamer_SPOT_implementation/informed-dreamer/install/dreamerv3/lib/python3.10/site-packages/build/dreamerv3/dreamerv3.egg-info
copying /home/ob/openbots_ws/src/dreamer_SPOT_implementation/informed-dreamer/build/dreamerv3/build/lib/build/dreamerv3/dreamerv3.egg-info/top_level.txt -> /home/ob/openbots_ws/src/dreamer_SPOT_implementation/informed-dreamer/install/dreamerv3/lib/python3.10/site-packages/build/dreamerv3/dreamerv3.egg-info
creating /home/ob/openbots_ws/src/dreamer_SPOT_implementation/informed-dreamer/install/dreamerv3/lib/python3.10/site-packages/scores
copying /home/ob/openbots_ws/src/dreamer_SPOT_implementation/informed-dreamer/build/dreamerv3/build/lib/scores/plot.py -> /home/ob/openbots_ws/src/dreamer_SPOT_implementation/informed-dreamer/install/dreamerv3/lib/python3.10/site-packages/scores
copying /home/ob/openbots_ws/src/dreamer_SPOT_implementation/informed-dreamer/build/dreamerv3/build/lib/scores/view.py -> /home/ob/openbots_ws/src/dreamer_SPOT_implementation/informed-dreamer/install/dreamerv3/lib/python3.10/site-packages/scores
copying /home/ob/openbots_ws/src/dreamer_SPOT_implementation/informed-dreamer/build/dreamerv3/build/lib/scores/clean.py -> /home/ob/openbots_ws/src/dreamer_SPOT_implementation/informed-dreamer/install/dreamerv3/lib/python3.10/site-packages/scores
creating /home/ob/openbots_ws/src/dreamer_SPOT_implementation/informed-dreamer/install/dreamerv3/lib/python3.10/site-packages/dreamerv3
copying /home/ob/openbots_ws/src/dreamer_SPOT_implementation/informed-dreamer/build/dreamerv3/build/lib/dreamerv3/nets.py -> /home/ob/openbots_ws/src/dreamer_SPOT_implementation/informed-dreamer/install/dreamerv3/lib/python3.10/site-packages/dreamerv3
creating /home/ob/openbots_ws/src/dreamer_SPOT_implementation/informed-dreamer/install/dreamerv3/lib/python3.10/site-packages/dreamerv3/embodied
creating /home/ob/openbots_ws/src/dreamer_SPOT_implementation/informed-dreamer/install/dreamerv3/lib/python3.10/site-packages/dreamerv3/embodied/envs
copying /home/ob/openbots_ws/src/dreamer_SPOT_implementation/informed-dreamer/build/dreamerv3/build/lib/dreamerv3/embodied/envs/dummy.py -> /home/ob/openbots_ws/src/dreamer_SPOT_implementation/informed-dreamer/install/dreamerv3/lib/python3.10/site-packages/dreamerv3/embodied/envs
copying /home/ob/openbots_ws/src/dreamer_SPOT_implementation/informed-dreamer/build/dreamerv3/build/lib/dreamerv3/embodied/envs/dmc.py -> /home/ob/openbots_ws/src/dreamer_SPOT_implementation/informed-dreamer/install/dreamerv3/lib/python3.10/site-packages/dreamerv3/embodied/envs
copying /home/ob/openbots_ws/src/dreamer_SPOT_implementation/informed-dreamer/build/dreamerv3/build/lib/dreamerv3/embodied/envs/minecraft_minerl.py -> /home/ob/openbots_ws/src/dreamer_SPOT_implementation/informed-dreamer/install/dreamerv3/lib/python3.10/site-packages/dreamerv3/embodied/envs
copying /home/ob/openbots_ws/src/dreamer_SPOT_implementation/informed-dreamer/build/dreamerv3/build/lib/dreamerv3/embodied/envs/pinpad.py -> /home/ob/openbots_ws/src/dreamer_SPOT_implementation/informed-dreamer/install/dreamerv3/lib/python3.10/site-packages/dreamerv3/embodied/envs
copying /home/ob/openbots_ws/src/dreamer_SPOT_implementation/informed-dreamer/build/dreamerv3/build/lib/dreamerv3/embodied/envs/spot.py -> /home/ob/openbots_ws/src/dreamer_SPOT_implementation/informed-dreamer/install/dreamerv3/lib/python3.10/site-packages/dreamerv3/embodied/envs
copying /home/ob/openbots_ws/src/dreamer_SPOT_implementation/informed-dreamer/build/dreamerv3/build/lib/dreamerv3/embodied/envs/crafter.py -> /home/ob/openbots_ws/src/dreamer_SPOT_implementation/informed-dreamer/install/dreamerv3/lib/python3.10/site-packages/dreamerv3/embodied/envs
copying /home/ob/openbots_ws/src/dreamer_SPOT_implementation/informed-dreamer/build/dreamerv3/build/lib/dreamerv3/embodied/envs/loconav_quadruped.py -> /home/ob/openbots_ws/src/dreamer_SPOT_implementation/informed-dreamer/install/dreamerv3/lib/python3.10/site-packages/dreamerv3/embodied/envs
copying /home/ob/openbots_ws/src/dreamer_SPOT_implementation/informed-dreamer/build/dreamerv3/build/lib/dreamerv3/embodied/envs/dmlab.py -> /home/ob/openbots_ws/src/dreamer_SPOT_implementation/informed-dreamer/install/dreamerv3/lib/python3.10/site-packages/dreamerv3/embodied/envs
copying /home/ob/openbots_ws/src/dreamer_SPOT_implementation/informed-dreamer/build/dreamerv3/build/lib/dreamerv3/embodied/envs/robodesk.py -> /home/ob/openbots_ws/src/dreamer_SPOT_implementation/informed-dreamer/install/dreamerv3/lib/python3.10/site-packages/dreamerv3/embodied/envs
copying /home/ob/openbots_ws/src/dreamer_SPOT_implementation/informed-dreamer/build/dreamerv3/build/lib/dreamerv3/embodied/envs/from_gym.py -> /home/ob/openbots_ws/src/dreamer_SPOT_implementation/informed-dreamer/install/dreamerv3/lib/python3.10/site-packages/dreamerv3/embodied/envs
copying /home/ob/openbots_ws/src/dreamer_SPOT_implementation/informed-dreamer/build/dreamerv3/build/lib/dreamerv3/embodied/envs/minecraft.py -> /home/ob/openbots_ws/src/dreamer_SPOT_implementation/informed-dreamer/install/dreamerv3/lib/python3.10/site-packages/dreamerv3/embodied/envs
copying /home/ob/openbots_ws/src/dreamer_SPOT_implementation/informed-dreamer/build/dreamerv3/build/lib/dreamerv3/embodied/envs/from_dm.py -> /home/ob/openbots_ws/src/dreamer_SPOT_implementation/informed-dreamer/install/dreamerv3/lib/python3.10/site-packages/dreamerv3/embodied/envs
copying /home/ob/openbots_ws/src/dreamer_SPOT_implementation/informed-dreamer/build/dreamerv3/build/lib/dreamerv3/embodied/envs/spot_live.py -> /home/ob/openbots_ws/src/dreamer_SPOT_implementation/informed-dreamer/install/dreamerv3/lib/python3.10/site-packages/dreamerv3/embodied/envs
copying /home/ob/openbots_ws/src/dreamer_SPOT_implementation/informed-dreamer/build/dreamerv3/build/lib/dreamerv3/embodied/envs/loconav.py -> /home/ob/openbots_ws/src/dreamer_SPOT_implementation/informed-dreamer/install/dreamerv3/lib/python3.10/site-packages/dreamerv3/embodied/envs
copying /home/ob/openbots_ws/src/dreamer_SPOT_implementation/informed-dreamer/build/dreamerv3/build/lib/dreamerv3/embodied/envs/atari.py -> /home/ob/openbots_ws/src/dreamer_SPOT_implementation/informed-dreamer/install/dreamerv3/lib/python3.10/site-packages/dreamerv3/embodied/envs
copying /home/ob/openbots_ws/src/dreamer_SPOT_implementation/informed-dreamer/build/dreamerv3/build/lib/dreamerv3/embodied/envs/hike.py -> /home/ob/openbots_ws/src/dreamer_SPOT_implementation/informed-dreamer/install/dreamerv3/lib/python3.10/site-packages/dreamerv3/embodied/envs
copying /home/ob/openbots_ws/src/dreamer_SPOT_implementation/informed-dreamer/build/dreamerv3/build/lib/dreamerv3/embodied/envs/minecraft_base.py -> /home/ob/openbots_ws/src/dreamer_SPOT_implementation/informed-dreamer/install/dreamerv3/lib/python3.10/site-packages/dreamerv3/embodied/envs
creating /home/ob/openbots_ws/src/dreamer_SPOT_implementation/informed-dreamer/install/dreamerv3/lib/python3.10/site-packages/dreamerv3/embodied/replay
copying /home/ob/openbots_ws/src/dreamer_SPOT_implementation/informed-dreamer/build/dreamerv3/build/lib/dreamerv3/embodied/replay/limiters.py -> /home/ob/openbots_ws/src/dreamer_SPOT_implementation/informed-dreamer/install/dreamerv3/lib/python3.10/site-packages/dreamerv3/embodied/replay
copying /home/ob/openbots_ws/src/dreamer_SPOT_implementation/informed-dreamer/build/dreamerv3/build/lib/dreamerv3/embodied/replay/replays.py -> /home/ob/openbots_ws/src/dreamer_SPOT_implementation/informed-dreamer/install/dreamerv3/lib/python3.10/site-packages/dreamerv3/embodied/replay
copying /home/ob/openbots_ws/src/dreamer_SPOT_implementation/informed-dreamer/build/dreamerv3/build/lib/dreamerv3/embodied/replay/saver.py -> /home/ob/openbots_ws/src/dreamer_SPOT_implementation/informed-dreamer/install/dreamerv3/lib/python3.10/site-packages/dreamerv3/embodied/replay
copying /home/ob/openbots_ws/src/dreamer_SPOT_implementation/informed-dreamer/build/dreamerv3/build/lib/dreamerv3/embodied/replay/chunk.py -> /home/ob/openbots_ws/src/dreamer_SPOT_implementation/informed-dreamer/install/dreamerv3/lib/python3.10/site-packages/dreamerv3/embodied/replay
copying /home/ob/openbots_ws/src/dreamer_SPOT_implementation/informed-dreamer/build/dreamerv3/build/lib/dreamerv3/embodied/replay/__init__.py -> /home/ob/openbots_ws/src/dreamer_SPOT_implementation/informed-dreamer/install/dreamerv3/lib/python3.10/site-packages/dreamerv3/embodied/replay
copying /home/ob/openbots_ws/src/dreamer_SPOT_implementation/informed-dreamer/build/dreamerv3/build/lib/dreamerv3/embodied/replay/reverb.py -> /home/ob/openbots_ws/src/dreamer_SPOT_implementation/informed-dreamer/install/dreamerv3/lib/python3.10/site-packages/dreamerv3/embodied/replay
copying /home/ob/openbots_ws/src/dreamer_SPOT_implementation/informed-dreamer/build/dreamerv3/build/lib/dreamerv3/embodied/replay/naive_chunks.py -> /home/ob/openbots_ws/src/dreamer_SPOT_implementation/informed-dreamer/install/dreamerv3/lib/python3.10/site-packages/dreamerv3/embodied/replay
copying /home/ob/openbots_ws/src/dreamer_SPOT_implementation/informed-dreamer/build/dreamerv3/build/lib/dreamerv3/embodied/replay/generic.py -> /home/ob/openbots_ws/src/dreamer_SPOT_implementation/informed-dreamer/install/dreamerv3/lib/python3.10/site-packages/dreamerv3/embodied/replay
copying /home/ob/openbots_ws/src/dreamer_SPOT_implementation/informed-dreamer/build/dreamerv3/build/lib/dreamerv3/embodied/replay/selectors.py -> /home/ob/openbots_ws/src/dreamer_SPOT_implementation/informed-dreamer/install/dreamerv3/lib/python3.10/site-packages/dreamerv3/embodied/replay
creating /home/ob/openbots_ws/src/dreamer_SPOT_implementation/informed-dreamer/install/dreamerv3/lib/python3.10/site-packages/dreamerv3/embodied/run
copying /home/ob/openbots_ws/src/dreamer_SPOT_implementation/informed-dreamer/build/dreamerv3/build/lib/dreamerv3/embodied/run/train_holdout.py -> /home/ob/openbots_ws/src/dreamer_SPOT_implementation/informed-dreamer/install/dreamerv3/lib/python3.10/site-packages/dreamerv3/embodied/run
copying /home/ob/openbots_ws/src/dreamer_SPOT_implementation/informed-dreamer/build/dreamerv3/build/lib/dreamerv3/embodied/run/train_eval.py -> /home/ob/openbots_ws/src/dreamer_SPOT_implementation/informed-dreamer/install/dreamerv3/lib/python3.10/site-packages/dreamerv3/embodied/run
copying /home/ob/openbots_ws/src/dreamer_SPOT_implementation/informed-dreamer/build/dreamerv3/build/lib/dreamerv3/embodied/run/train_offline.py -> /home/ob/openbots_ws/src/dreamer_SPOT_implementation/informed-dreamer/install/dreamerv3/lib/python3.10/site-packages/dreamerv3/embodied/run
copying /home/ob/openbots_ws/src/dreamer_SPOT_implementation/informed-dreamer/build/dreamerv3/build/lib/dreamerv3/embodied/run/__init__.py -> /home/ob/openbots_ws/src/dreamer_SPOT_implementation/informed-dreamer/install/dreamerv3/lib/python3.10/site-packages/dreamerv3/embodied/run
copying /home/ob/openbots_ws/src/dreamer_SPOT_implementation/informed-dreamer/build/dreamerv3/build/lib/dreamerv3/embodied/run/train_save.py -> /home/ob/openbots_ws/src/dreamer_SPOT_implementation/informed-dreamer/install/dreamerv3/lib/python3.10/site-packages/dreamerv3/embodied/run
copying /home/ob/openbots_ws/src/dreamer_SPOT_implementation/informed-dreamer/build/dreamerv3/build/lib/dreamerv3/embodied/run/parallel.py -> /home/ob/openbots_ws/src/dreamer_SPOT_implementation/informed-dreamer/install/dreamerv3/lib/python3.10/site-packages/dreamerv3/embodied/run
copying /home/ob/openbots_ws/src/dreamer_SPOT_implementation/informed-dreamer/build/dreamerv3/build/lib/dreamerv3/embodied/run/eval_only.py -> /home/ob/openbots_ws/src/dreamer_SPOT_implementation/informed-dreamer/install/dreamerv3/lib/python3.10/site-packages/dreamerv3/embodied/run
copying /home/ob/openbots_ws/src/dreamer_SPOT_implementation/informed-dreamer/build/dreamerv3/build/lib/dreamerv3/embodied/run/train.py -> /home/ob/openbots_ws/src/dreamer_SPOT_implementation/informed-dreamer/install/dreamerv3/lib/python3.10/site-packages/dreamerv3/embodied/run
creating /home/ob/openbots_ws/src/dreamer_SPOT_implementation/informed-dreamer/install/dreamerv3/lib/python3.10/site-packages/dreamerv3/embodied/scripts
copying /home/ob/openbots_ws/src/dreamer_SPOT_implementation/informed-dreamer/build/dreamerv3/build/lib/dreamerv3/embodied/scripts/plot.py -> /home/ob/openbots_ws/src/dreamer_SPOT_implementation/informed-dreamer/install/dreamerv3/lib/python3.10/site-packages/dreamerv3/embodied/scripts
copying /home/ob/openbots_ws/src/dreamer_SPOT_implementation/informed-dreamer/build/dreamerv3/build/lib/dreamerv3/embodied/__init__.py -> /home/ob/openbots_ws/src/dreamer_SPOT_implementation/informed-dreamer/install/dreamerv3/lib/python3.10/site-packages/dreamerv3/embodied
creating /home/ob/openbots_ws/src/dreamer_SPOT_implementation/informed-dreamer/install/dreamerv3/lib/python3.10/site-packages/dreamerv3/embodied/core
copying /home/ob/openbots_ws/src/dreamer_SPOT_implementation/informed-dreamer/build/dreamerv3/build/lib/dreamerv3/embodied/core/random.py -> /home/ob/openbots_ws/src/dreamer_SPOT_implementation/informed-dreamer/install/dreamerv3/lib/python3.10/site-packages/dreamerv3/embodied/core
copying /home/ob/openbots_ws/src/dreamer_SPOT_implementation/informed-dreamer/build/dreamerv3/build/lib/dreamerv3/embodied/core/space.py -> /home/ob/openbots_ws/src/dreamer_SPOT_implementation/informed-dreamer/install/dreamerv3/lib/python3.10/site-packages/dreamerv3/embodied/core
copying /home/ob/openbots_ws/src/dreamer_SPOT_implementation/informed-dreamer/build/dreamerv3/build/lib/dreamerv3/embodied/core/uuid.py -> /home/ob/openbots_ws/src/dreamer_SPOT_implementation/informed-dreamer/install/dreamerv3/lib/python3.10/site-packages/dreamerv3/embodied/core
copying /home/ob/openbots_ws/src/dreamer_SPOT_implementation/informed-dreamer/build/dreamerv3/build/lib/dreamerv3/embodied/core/when.py -> /home/ob/openbots_ws/src/dreamer_SPOT_implementation/informed-dreamer/install/dreamerv3/lib/python3.10/site-packages/dreamerv3/embodied/core
copying /home/ob/openbots_ws/src/dreamer_SPOT_implementation/informed-dreamer/build/dreamerv3/build/lib/dreamerv3/embodied/core/basics.py -> /home/ob/openbots_ws/src/dreamer_SPOT_implementation/informed-dreamer/install/dreamerv3/lib/python3.10/site-packages/dreamerv3/embodied/core
copying /home/ob/openbots_ws/src/dreamer_SPOT_implementation/informed-dreamer/build/dreamerv3/build/lib/dreamerv3/embodied/core/flags.py -> /home/ob/openbots_ws/src/dreamer_SPOT_implementation/informed-dreamer/install/dreamerv3/lib/python3.10/site-packages/dreamerv3/embodied/core
copying /home/ob/openbots_ws/src/dreamer_SPOT_implementation/informed-dreamer/build/dreamerv3/build/lib/dreamerv3/embodied/core/batcher.py -> /home/ob/openbots_ws/src/dreamer_SPOT_implementation/informed-dreamer/install/dreamerv3/lib/python3.10/site-packages/dreamerv3/embodied/core
copying /home/ob/openbots_ws/src/dreamer_SPOT_implementation/informed-dreamer/build/dreamerv3/build/lib/dreamerv3/embodied/core/base.py -> /home/ob/openbots_ws/src/dreamer_SPOT_implementation/informed-dreamer/install/dreamerv3/lib/python3.10/site-packages/dreamerv3/embodied/core
copying /home/ob/openbots_ws/src/dreamer_SPOT_implementation/informed-dreamer/build/dreamerv3/build/lib/dreamerv3/embodied/core/driver.py -> /home/ob/openbots_ws/src/dreamer_SPOT_implementation/informed-dreamer/install/dreamerv3/lib/python3.10/site-packages/dreamerv3/embodied/core
copying /home/ob/openbots_ws/src/dreamer_SPOT_implementation/informed-dreamer/build/dreamerv3/build/lib/dreamerv3/embodied/core/timer.py -> /home/ob/openbots_ws/src/dreamer_SPOT_implementation/informed-dreamer/install/dreamerv3/lib/python3.10/site-packages/dreamerv3/embodied/core
copying /home/ob/openbots_ws/src/dreamer_SPOT_implementation/informed-dreamer/build/dreamerv3/build/lib/dreamerv3/embodied/core/distr.py -> /home/ob/openbots_ws/src/dreamer_SPOT_implementation/informed-dreamer/install/dreamerv3/lib/python3.10/site-packages/dreamerv3/embodied/core
copying /home/ob/openbots_ws/src/dreamer_SPOT_implementation/informed-dreamer/build/dreamerv3/build/lib/dreamerv3/embodied/core/logger.py -> /home/ob/openbots_ws/src/dreamer_SPOT_implementation/informed-dreamer/install/dreamerv3/lib/python3.10/site-packages/dreamerv3/embodied/core
copying /home/ob/openbots_ws/src/dreamer_SPOT_implementation/informed-dreamer/build/dreamerv3/build/lib/dreamerv3/embodied/core/worker.py -> /home/ob/openbots_ws/src/dreamer_SPOT_implementation/informed-dreamer/install/dreamerv3/lib/python3.10/site-packages/dreamerv3/embodied/core
copying /home/ob/openbots_ws/src/dreamer_SPOT_implementation/informed-dreamer/build/dreamerv3/build/lib/dreamerv3/embodied/core/__init__.py -> /home/ob/openbots_ws/src/dreamer_SPOT_implementation/informed-dreamer/install/dreamerv3/lib/python3.10/site-packages/dreamerv3/embodied/core
copying /home/ob/openbots_ws/src/dreamer_SPOT_implementation/informed-dreamer/build/dreamerv3/build/lib/dreamerv3/embodied/core/counter.py -> /home/ob/openbots_ws/src/dreamer_SPOT_implementation/informed-dreamer/install/dreamerv3/lib/python3.10/site-packages/dreamerv3/embodied/core
copying /home/ob/openbots_ws/src/dreamer_SPOT_implementation/informed-dreamer/build/dreamerv3/build/lib/dreamerv3/embodied/core/wrappers.py -> /home/ob/openbots_ws/src/dreamer_SPOT_implementation/informed-dreamer/install/dreamerv3/lib/python3.10/site-packages/dreamerv3/embodied/core
copying /home/ob/openbots_ws/src/dreamer_SPOT_implementation/informed-dreamer/build/dreamerv3/build/lib/dreamerv3/embodied/core/checkpoint.py -> /home/ob/openbots_ws/src/dreamer_SPOT_implementation/informed-dreamer/install/dreamerv3/lib/python3.10/site-packages/dreamerv3/embodied/core
copying /home/ob/openbots_ws/src/dreamer_SPOT_implementation/informed-dreamer/build/dreamerv3/build/lib/dreamerv3/embodied/core/config.py -> /home/ob/openbots_ws/src/dreamer_SPOT_implementation/informed-dreamer/install/dreamerv3/lib/python3.10/site-packages/dreamerv3/embodied/core
copying /home/ob/openbots_ws/src/dreamer_SPOT_implementation/informed-dreamer/build/dreamerv3/build/lib/dreamerv3/embodied/core/parallel.py -> /home/ob/openbots_ws/src/dreamer_SPOT_implementation/informed-dreamer/install/dreamerv3/lib/python3.10/site-packages/dreamerv3/embodied/core
copying /home/ob/openbots_ws/src/dreamer_SPOT_implementation/informed-dreamer/build/dreamerv3/build/lib/dreamerv3/embodied/core/metrics.py -> /home/ob/openbots_ws/src/dreamer_SPOT_implementation/informed-dreamer/install/dreamerv3/lib/python3.10/site-packages/dreamerv3/embodied/core
copying /home/ob/openbots_ws/src/dreamer_SPOT_implementation/informed-dreamer/build/dreamerv3/build/lib/dreamerv3/embodied/core/path.py -> /home/ob/openbots_ws/src/dreamer_SPOT_implementation/informed-dreamer/install/dreamerv3/lib/python3.10/site-packages/dreamerv3/embodied/core
copying /home/ob/openbots_ws/src/dreamer_SPOT_implementation/informed-dreamer/build/dreamerv3/build/lib/dreamerv3/embodied/core/batch.py -> /home/ob/openbots_ws/src/dreamer_SPOT_implementation/informed-dreamer/install/dreamerv3/lib/python3.10/site-packages/dreamerv3/embodied/core
copying /home/ob/openbots_ws/src/dreamer_SPOT_implementation/informed-dreamer/build/dreamerv3/build/lib/dreamerv3/agent.py -> /home/ob/openbots_ws/src/dreamer_SPOT_implementation/informed-dreamer/install/dreamerv3/lib/python3.10/site-packages/dreamerv3
copying /home/ob/openbots_ws/src/dreamer_SPOT_implementation/informed-dreamer/build/dreamerv3/build/lib/dreamerv3/behaviors.py -> /home/ob/openbots_ws/src/dreamer_SPOT_implementation/informed-dreamer/install/dreamerv3/lib/python3.10/site-packages/dreamerv3
copying /home/ob/openbots_ws/src/dreamer_SPOT_implementation/informed-dreamer/build/dreamerv3/build/lib/dreamerv3/train_online.py -> /home/ob/openbots_ws/src/dreamer_SPOT_implementation/informed-dreamer/install/dreamerv3/lib/python3.10/site-packages/dreamerv3
copying /home/ob/openbots_ws/src/dreamer_SPOT_implementation/informed-dreamer/build/dreamerv3/build/lib/dreamerv3/__init__.py -> /home/ob/openbots_ws/src/dreamer_SPOT_implementation/informed-dreamer/install/dreamerv3/lib/python3.10/site-packages/dreamerv3
copying /home/ob/openbots_ws/src/dreamer_SPOT_implementation/informed-dreamer/build/dreamerv3/build/lib/dreamerv3/expl.py -> /home/ob/openbots_ws/src/dreamer_SPOT_implementation/informed-dreamer/install/dreamerv3/lib/python3.10/site-packages/dreamerv3
copying /home/ob/openbots_ws/src/dreamer_SPOT_implementation/informed-dreamer/build/dreamerv3/build/lib/dreamerv3/jaxagent.py -> /home/ob/openbots_ws/src/dreamer_SPOT_implementation/informed-dreamer/install/dreamerv3/lib/python3.10/site-packages/dreamerv3
copying /home/ob/openbots_ws/src/dreamer_SPOT_implementation/informed-dreamer/build/dreamerv3/build/lib/dreamerv3/jaxutils.py -> /home/ob/openbots_ws/src/dreamer_SPOT_implementation/informed-dreamer/install/dreamerv3/lib/python3.10/site-packages/dreamerv3
copying /home/ob/openbots_ws/src/dreamer_SPOT_implementation/informed-dreamer/build/dreamerv3/build/lib/dreamerv3/ninjax.py -> /home/ob/openbots_ws/src/dreamer_SPOT_implementation/informed-dreamer/install/dreamerv3/lib/python3.10/site-packages/dreamerv3
copying /home/ob/openbots_ws/src/dreamer_SPOT_implementation/informed-dreamer/build/dreamerv3/build/lib/dreamerv3/train.py -> /home/ob/openbots_ws/src/dreamer_SPOT_implementation/informed-dreamer/install/dreamerv3/lib/python3.10/site-packages/dreamerv3
byte-compiling /home/ob/openbots_ws/src/dreamer_SPOT_implementation/informed-dreamer/install/dreamerv3/lib/python3.10/site-packages/build/dreamerv3/prefix_override/sitecustomize.py to sitecustomize.cpython-310.pyc
byte-compiling /home/ob/openbots_ws/src/dreamer_SPOT_implementation/informed-dreamer/install/dreamerv3/lib/python3.10/site-packages/scores/plot.py to plot.cpython-310.pyc
byte-compiling /home/ob/openbots_ws/src/dreamer_SPOT_implementation/informed-dreamer/install/dreamerv3/lib/python3.10/site-packages/scores/view.py to view.cpython-310.pyc
byte-compiling /home/ob/openbots_ws/src/dreamer_SPOT_implementation/informed-dreamer/install/dreamerv3/lib/python3.10/site-packages/scores/clean.py to clean.cpython-310.pyc
byte-compiling /home/ob/openbots_ws/src/dreamer_SPOT_implementation/informed-dreamer/install/dreamerv3/lib/python3.10/site-packages/dreamerv3/nets.py to nets.cpython-310.pyc
byte-compiling /home/ob/openbots_ws/src/dreamer_SPOT_implementation/informed-dreamer/install/dreamerv3/lib/python3.10/site-packages/dreamerv3/embodied/envs/dummy.py to dummy.cpython-310.pyc
byte-compiling /home/ob/openbots_ws/src/dreamer_SPOT_implementation/informed-dreamer/install/dreamerv3/lib/python3.10/site-packages/dreamerv3/embodied/envs/dmc.py to dmc.cpython-310.pyc
byte-compiling /home/ob/openbots_ws/src/dreamer_SPOT_implementation/informed-dreamer/install/dreamerv3/lib/python3.10/site-packages/dreamerv3/embodied/envs/minecraft_minerl.py to minecraft_minerl.cpython-310.pyc
byte-compiling /home/ob/openbots_ws/src/dreamer_SPOT_implementation/informed-dreamer/install/dreamerv3/lib/python3.10/site-packages/dreamerv3/embodied/envs/pinpad.py to pinpad.cpython-310.pyc
byte-compiling /home/ob/openbots_ws/src/dreamer_SPOT_implementation/informed-dreamer/install/dreamerv3/lib/python3.10/site-packages/dreamerv3/embodied/envs/spot.py to spot.cpython-310.pyc
byte-compiling /home/ob/openbots_ws/src/dreamer_SPOT_implementation/informed-dreamer/install/dreamerv3/lib/python3.10/site-packages/dreamerv3/embodied/envs/crafter.py to crafter.cpython-310.pyc
byte-compiling /home/ob/openbots_ws/src/dreamer_SPOT_implementation/informed-dreamer/install/dreamerv3/lib/python3.10/site-packages/dreamerv3/embodied/envs/loconav_quadruped.py to loconav_quadruped.cpython-310.pyc
byte-compiling /home/ob/openbots_ws/src/dreamer_SPOT_implementation/informed-dreamer/install/dreamerv3/lib/python3.10/site-packages/dreamerv3/embodied/envs/dmlab.py to dmlab.cpython-310.pyc
byte-compiling /home/ob/openbots_ws/src/dreamer_SPOT_implementation/informed-dreamer/install/dreamerv3/lib/python3.10/site-packages/dreamerv3/embodied/envs/robodesk.py to robodesk.cpython-310.pyc
byte-compiling /home/ob/openbots_ws/src/dreamer_SPOT_implementation/informed-dreamer/install/dreamerv3/lib/python3.10/site-packages/dreamerv3/embodied/envs/from_gym.py to from_gym.cpython-310.pyc
byte-compiling /home/ob/openbots_ws/src/dreamer_SPOT_implementation/informed-dreamer/install/dreamerv3/lib/python3.10/site-packages/dreamerv3/embodied/envs/minecraft.py to minecraft.cpython-310.pyc
byte-compiling /home/ob/openbots_ws/src/dreamer_SPOT_implementation/informed-dreamer/install/dreamerv3/lib/python3.10/site-packages/dreamerv3/embodied/envs/from_dm.py to from_dm.cpython-310.pyc
byte-compiling /home/ob/openbots_ws/src/dreamer_SPOT_implementation/informed-dreamer/install/dreamerv3/lib/python3.10/site-packages/dreamerv3/embodied/envs/spot_live.py to spot_live.cpython-310.pyc
byte-compiling /home/ob/openbots_ws/src/dreamer_SPOT_implementation/informed-dreamer/install/dreamerv3/lib/python3.10/site-packages/dreamerv3/embodied/envs/loconav.py to loconav.cpython-310.pyc
byte-compiling /home/ob/openbots_ws/src/dreamer_SPOT_implementation/informed-dreamer/install/dreamerv3/lib/python3.10/site-packages/dreamerv3/embodied/envs/atari.py to atari.cpython-310.pyc
byte-compiling /home/ob/openbots_ws/src/dreamer_SPOT_implementation/informed-dreamer/install/dreamerv3/lib/python3.10/site-packages/dreamerv3/embodied/envs/hike.py to hike.cpython-310.pyc
byte-compiling /home/ob/openbots_ws/src/dreamer_SPOT_implementation/informed-dreamer/install/dreamerv3/lib/python3.10/site-packages/dreamerv3/embodied/envs/minecraft_base.py to minecraft_base.cpython-310.pyc
byte-compiling /home/ob/openbots_ws/src/dreamer_SPOT_implementation/informed-dreamer/install/dreamerv3/lib/python3.10/site-packages/dreamerv3/embodied/replay/limiters.py to limiters.cpython-310.pyc
byte-compiling /home/ob/openbots_ws/src/dreamer_SPOT_implementation/informed-dreamer/install/dreamerv3/lib/python3.10/site-packages/dreamerv3/embodied/replay/replays.py to replays.cpython-310.pyc
byte-compiling /home/ob/openbots_ws/src/dreamer_SPOT_implementation/informed-dreamer/install/dreamerv3/lib/python3.10/site-packages/dreamerv3/embodied/replay/saver.py to saver.cpython-310.pyc
byte-compiling /home/ob/openbots_ws/src/dreamer_SPOT_implementation/informed-dreamer/install/dreamerv3/lib/python3.10/site-packages/dreamerv3/embodied/replay/chunk.py to chunk.cpython-310.pyc
byte-compiling /home/ob/openbots_ws/src/dreamer_SPOT_implementation/informed-dreamer/install/dreamerv3/lib/python3.10/site-packages/dreamerv3/embodied/replay/__init__.py to __init__.cpython-310.pyc
byte-compiling /home/ob/openbots_ws/src/dreamer_SPOT_implementation/informed-dreamer/install/dreamerv3/lib/python3.10/site-packages/dreamerv3/embodied/replay/reverb.py to reverb.cpython-310.pyc
byte-compiling /home/ob/openbots_ws/src/dreamer_SPOT_implementation/informed-dreamer/install/dreamerv3/lib/python3.10/site-packages/dreamerv3/embodied/replay/naive_chunks.py to naive_chunks.cpython-310.pyc
byte-compiling /home/ob/openbots_ws/src/dreamer_SPOT_implementation/informed-dreamer/install/dreamerv3/lib/python3.10/site-packages/dreamerv3/embodied/replay/generic.py to generic.cpython-310.pyc
byte-compiling /home/ob/openbots_ws/src/dreamer_SPOT_implementation/informed-dreamer/install/dreamerv3/lib/python3.10/site-packages/dreamerv3/embodied/replay/selectors.py to selectors.cpython-310.pyc
byte-compiling /home/ob/openbots_ws/src/dreamer_SPOT_implementation/informed-dreamer/install/dreamerv3/lib/python3.10/site-packages/dreamerv3/embodied/run/train_holdout.py to train_holdout.cpython-310.pyc
byte-compiling /home/ob/openbots_ws/src/dreamer_SPOT_implementation/informed-dreamer/install/dreamerv3/lib/python3.10/site-packages/dreamerv3/embodied/run/train_eval.py to train_eval.cpython-310.pyc
byte-compiling /home/ob/openbots_ws/src/dreamer_SPOT_implementation/informed-dreamer/install/dreamerv3/lib/python3.10/site-packages/dreamerv3/embodied/run/train_offline.py to train_offline.cpython-310.pyc
byte-compiling /home/ob/openbots_ws/src/dreamer_SPOT_implementation/informed-dreamer/install/dreamerv3/lib/python3.10/site-packages/dreamerv3/embodied/run/__init__.py to __init__.cpython-310.pyc
byte-compiling /home/ob/openbots_ws/src/dreamer_SPOT_implementation/informed-dreamer/install/dreamerv3/lib/python3.10/site-packages/dreamerv3/embodied/run/train_save.py to train_save.cpython-310.pyc
byte-compiling /home/ob/openbots_ws/src/dreamer_SPOT_implementation/informed-dreamer/install/dreamerv3/lib/python3.10/site-packages/dreamerv3/embodied/run/parallel.py to parallel.cpython-310.pyc
byte-compiling /home/ob/openbots_ws/src/dreamer_SPOT_implementation/informed-dreamer/install/dreamerv3/lib/python3.10/site-packages/dreamerv3/embodied/run/eval_only.py to eval_only.cpython-310.pyc
byte-compiling /home/ob/openbots_ws/src/dreamer_SPOT_implementation/informed-dreamer/install/dreamerv3/lib/python3.10/site-packages/dreamerv3/embodied/run/train.py to train.cpython-310.pyc
byte-compiling /home/ob/openbots_ws/src/dreamer_SPOT_implementation/informed-dreamer/install/dreamerv3/lib/python3.10/site-packages/dreamerv3/embodied/scripts/plot.py to plot.cpython-310.pyc
byte-compiling /home/ob/openbots_ws/src/dreamer_SPOT_implementation/informed-dreamer/install/dreamerv3/lib/python3.10/site-packages/dreamerv3/embodied/__init__.py to __init__.cpython-310.pyc
byte-compiling /home/ob/openbots_ws/src/dreamer_SPOT_implementation/informed-dreamer/install/dreamerv3/lib/python3.10/site-packages/dreamerv3/embodied/core/random.py to random.cpython-310.pyc
byte-compiling /home/ob/openbots_ws/src/dreamer_SPOT_implementation/informed-dreamer/install/dreamerv3/lib/python3.10/site-packages/dreamerv3/embodied/core/space.py to space.cpython-310.pyc
byte-compiling /home/ob/openbots_ws/src/dreamer_SPOT_implementation/informed-dreamer/install/dreamerv3/lib/python3.10/site-packages/dreamerv3/embodied/core/uuid.py to uuid.cpython-310.pyc
byte-compiling /home/ob/openbots_ws/src/dreamer_SPOT_implementation/informed-dreamer/install/dreamerv3/lib/python3.10/site-packages/dreamerv3/embodied/core/when.py to when.cpython-310.pyc
byte-compiling /home/ob/openbots_ws/src/dreamer_SPOT_implementation/informed-dreamer/install/dreamerv3/lib/python3.10/site-packages/dreamerv3/embodied/core/basics.py to basics.cpython-310.pyc
byte-compiling /home/ob/openbots_ws/src/dreamer_SPOT_implementation/informed-dreamer/install/dreamerv3/lib/python3.10/site-packages/dreamerv3/embodied/core/flags.py to flags.cpython-310.pyc
byte-compiling /home/ob/openbots_ws/src/dreamer_SPOT_implementation/informed-dreamer/install/dreamerv3/lib/python3.10/site-packages/dreamerv3/embodied/core/batcher.py to batcher.cpython-310.pyc
byte-compiling /home/ob/openbots_ws/src/dreamer_SPOT_implementation/informed-dreamer/install/dreamerv3/lib/python3.10/site-packages/dreamerv3/embodied/core/base.py to base.cpython-310.pyc
byte-compiling /home/ob/openbots_ws/src/dreamer_SPOT_implementation/informed-dreamer/install/dreamerv3/lib/python3.10/site-packages/dreamerv3/embodied/core/driver.py to driver.cpython-310.pyc
byte-compiling /home/ob/openbots_ws/src/dreamer_SPOT_implementation/informed-dreamer/install/dreamerv3/lib/python3.10/site-packages/dreamerv3/embodied/core/timer.py to timer.cpython-310.pyc
byte-compiling /home/ob/openbots_ws/src/dreamer_SPOT_implementation/informed-dreamer/install/dreamerv3/lib/python3.10/site-packages/dreamerv3/embodied/core/distr.py to distr.cpython-310.pyc
byte-compiling /home/ob/openbots_ws/src/dreamer_SPOT_implementation/informed-dreamer/install/dreamerv3/lib/python3.10/site-packages/dreamerv3/embodied/core/logger.py to logger.cpython-310.pyc
byte-compiling /home/ob/openbots_ws/src/dreamer_SPOT_implementation/informed-dreamer/install/dreamerv3/lib/python3.10/site-packages/dreamerv3/embodied/core/worker.py to worker.cpython-310.pyc
byte-compiling /home/ob/openbots_ws/src/dreamer_SPOT_implementation/informed-dreamer/install/dreamerv3/lib/python3.10/site-packages/dreamerv3/embodied/core/__init__.py to __init__.cpython-310.pyc
byte-compiling /home/ob/openbots_ws/src/dreamer_SPOT_implementation/informed-dreamer/install/dreamerv3/lib/python3.10/site-packages/dreamerv3/embodied/core/counter.py to counter.cpython-310.pyc
byte-compiling /home/ob/openbots_ws/src/dreamer_SPOT_implementation/informed-dreamer/install/dreamerv3/lib/python3.10/site-packages/dreamerv3/embodied/core/wrappers.py to wrappers.cpython-310.pyc
byte-compiling /home/ob/openbots_ws/src/dreamer_SPOT_implementation/informed-dreamer/install/dreamerv3/lib/python3.10/site-packages/dreamerv3/embodied/core/checkpoint.py to checkpoint.cpython-310.pyc
byte-compiling /home/ob/openbots_ws/src/dreamer_SPOT_implementation/informed-dreamer/install/dreamerv3/lib/python3.10/site-packages/dreamerv3/embodied/core/config.py to config.cpython-310.pyc
byte-compiling /home/ob/openbots_ws/src/dreamer_SPOT_implementation/informed-dreamer/install/dreamerv3/lib/python3.10/site-packages/dreamerv3/embodied/core/parallel.py to parallel.cpython-310.pyc
byte-compiling /home/ob/openbots_ws/src/dreamer_SPOT_implementation/informed-dreamer/install/dreamerv3/lib/python3.10/site-packages/dreamerv3/embodied/core/metrics.py to metrics.cpython-310.pyc
byte-compiling /home/ob/openbots_ws/src/dreamer_SPOT_implementation/informed-dreamer/install/dreamerv3/lib/python3.10/site-packages/dreamerv3/embodied/core/path.py to path.cpython-310.pyc
byte-compiling /home/ob/openbots_ws/src/dreamer_SPOT_implementation/informed-dreamer/install/dreamerv3/lib/python3.10/site-packages/dreamerv3/embodied/core/batch.py to batch.cpython-310.pyc
byte-compiling /home/ob/openbots_ws/src/dreamer_SPOT_implementation/informed-dreamer/install/dreamerv3/lib/python3.10/site-packages/dreamerv3/agent.py to agent.cpython-310.pyc
byte-compiling /home/ob/openbots_ws/src/dreamer_SPOT_implementation/informed-dreamer/install/dreamerv3/lib/python3.10/site-packages/dreamerv3/behaviors.py to behaviors.cpython-310.pyc
byte-compiling /home/ob/openbots_ws/src/dreamer_SPOT_implementation/informed-dreamer/install/dreamerv3/lib/python3.10/site-packages/dreamerv3/train_online.py to train_online.cpython-310.pyc
byte-compiling /home/ob/openbots_ws/src/dreamer_SPOT_implementation/informed-dreamer/install/dreamerv3/lib/python3.10/site-packages/dreamerv3/__init__.py to __init__.cpython-310.pyc
byte-compiling /home/ob/openbots_ws/src/dreamer_SPOT_implementation/informed-dreamer/install/dreamerv3/lib/python3.10/site-packages/dreamerv3/expl.py to expl.cpython-310.pyc
byte-compiling /home/ob/openbots_ws/src/dreamer_SPOT_implementation/informed-dreamer/install/dreamerv3/lib/python3.10/site-packages/dreamerv3/jaxagent.py to jaxagent.cpython-310.pyc
byte-compiling /home/ob/openbots_ws/src/dreamer_SPOT_implementation/informed-dreamer/install/dreamerv3/lib/python3.10/site-packages/dreamerv3/jaxutils.py to jaxutils.cpython-310.pyc
byte-compiling /home/ob/openbots_ws/src/dreamer_SPOT_implementation/informed-dreamer/install/dreamerv3/lib/python3.10/site-packages/dreamerv3/ninjax.py to ninjax.cpython-310.pyc
byte-compiling /home/ob/openbots_ws/src/dreamer_SPOT_implementation/informed-dreamer/install/dreamerv3/lib/python3.10/site-packages/dreamerv3/train.py to train.cpython-310.pyc
running install_egg_info
Copying build/dreamerv3/dreamerv3.egg-info to /home/ob/openbots_ws/src/dreamer_SPOT_implementation/informed-dreamer/install/dreamerv3/lib/python3.10/site-packages/dreamerv3-1.5.0-py3.10.egg-info
running install_scripts
writing list of installed files to '/home/ob/openbots_ws/src/dreamer_SPOT_implementation/informed-dreamer/build/dreamerv3/install.log'
